Archive member included because of file (symbol)

d:/infineon/tools/dave ide/4.5.0.202105191637/eclipse/arm-gcc-49/bin/../lib/gcc/arm-none-eabi/4.9.3/armv7e-m/softfp\libgcc.a(_aeabi_uldivmod.o)
                              ./Dave/Generated/TIMER/timer.o (__aeabi_uldivmod)
d:/infineon/tools/dave ide/4.5.0.202105191637/eclipse/arm-gcc-49/bin/../lib/gcc/arm-none-eabi/4.9.3/armv7e-m/softfp\libgcc.a(bpabi.o)
                              d:/infineon/tools/dave ide/4.5.0.202105191637/eclipse/arm-gcc-49/bin/../lib/gcc/arm-none-eabi/4.9.3/armv7e-m/softfp\libgcc.a(_aeabi_uldivmod.o) (__gnu_uldivmod_helper)
d:/infineon/tools/dave ide/4.5.0.202105191637/eclipse/arm-gcc-49/bin/../lib/gcc/arm-none-eabi/4.9.3/armv7e-m/softfp\libgcc.a(_dvmd_tls.o)
                              d:/infineon/tools/dave ide/4.5.0.202105191637/eclipse/arm-gcc-49/bin/../lib/gcc/arm-none-eabi/4.9.3/armv7e-m/softfp\libgcc.a(_aeabi_uldivmod.o) (__aeabi_ldiv0)
d:/infineon/tools/dave ide/4.5.0.202105191637/eclipse/arm-gcc-49/bin/../lib/gcc/arm-none-eabi/4.9.3/armv7e-m/softfp\libgcc.a(_divdi3.o)
                              d:/infineon/tools/dave ide/4.5.0.202105191637/eclipse/arm-gcc-49/bin/../lib/gcc/arm-none-eabi/4.9.3/armv7e-m/softfp\libgcc.a(bpabi.o) (__divdi3)
d:/infineon/tools/dave ide/4.5.0.202105191637/eclipse/arm-gcc-49/bin/../lib/gcc/arm-none-eabi/4.9.3/armv7e-m/softfp\libgcc.a(_udivdi3.o)
                              d:/infineon/tools/dave ide/4.5.0.202105191637/eclipse/arm-gcc-49/bin/../lib/gcc/arm-none-eabi/4.9.3/armv7e-m/softfp\libgcc.a(bpabi.o) (__udivdi3)
d:/infineon/tools/dave ide/4.5.0.202105191637/eclipse/arm-gcc-49/bin/../lib/gcc/arm-none-eabi/4.9.3/../../../../arm-none-eabi/lib/armv7e-m/softfp\libg_nano.a(lib_a-errno.o)
                              ./Libraries/Newlib/syscalls.o (__errno)
d:/infineon/tools/dave ide/4.5.0.202105191637/eclipse/arm-gcc-49/bin/../lib/gcc/arm-none-eabi/4.9.3/../../../../arm-none-eabi/lib/armv7e-m/softfp\libg_nano.a(lib_a-impure.o)
                              d:/infineon/tools/dave ide/4.5.0.202105191637/eclipse/arm-gcc-49/bin/../lib/gcc/arm-none-eabi/4.9.3/../../../../arm-none-eabi/lib/armv7e-m/softfp\libg_nano.a(lib_a-errno.o) (_impure_ptr)
d:/infineon/tools/dave ide/4.5.0.202105191637/eclipse/arm-gcc-49/bin/../lib/gcc/arm-none-eabi/4.9.3/../../../../arm-none-eabi/lib/armv7e-m/softfp\libg_nano.a(lib_a-init.o)
                              ./Startup/startup_XMC4300.o (__libc_init_array)
d:/infineon/tools/dave ide/4.5.0.202105191637/eclipse/arm-gcc-49/bin/../lib/gcc/arm-none-eabi/4.9.3/../../../../arm-none-eabi/lib/armv7e-m/softfp\libg_nano.a(lib_a-malloc.o)
                              ./SSC/Src/ecatcoe.o (malloc)
d:/infineon/tools/dave ide/4.5.0.202105191637/eclipse/arm-gcc-49/bin/../lib/gcc/arm-none-eabi/4.9.3/../../../../arm-none-eabi/lib/armv7e-m/softfp\libg_nano.a(lib_a-memcmp.o)
                              ./Dave/Generated/E_EEPROM_XMC4/e_eeprom_xmc4.o (memcmp)
d:/infineon/tools/dave ide/4.5.0.202105191637/eclipse/arm-gcc-49/bin/../lib/gcc/arm-none-eabi/4.9.3/../../../../arm-none-eabi/lib/armv7e-m/softfp\libg_nano.a(lib_a-memcpy.o)
                              ./SSC/Src/coeappl.o (memcpy)
d:/infineon/tools/dave ide/4.5.0.202105191637/eclipse/arm-gcc-49/bin/../lib/gcc/arm-none-eabi/4.9.3/../../../../arm-none-eabi/lib/armv7e-m/softfp\libg_nano.a(lib_a-memset.o)
                              ./SSC/Src/mailbox.o (memset)
d:/infineon/tools/dave ide/4.5.0.202105191637/eclipse/arm-gcc-49/bin/../lib/gcc/arm-none-eabi/4.9.3/../../../../arm-none-eabi/lib/armv7e-m/softfp\libg_nano.a(lib_a-nano-freer.o)
                              d:/infineon/tools/dave ide/4.5.0.202105191637/eclipse/arm-gcc-49/bin/../lib/gcc/arm-none-eabi/4.9.3/../../../../arm-none-eabi/lib/armv7e-m/softfp\libg_nano.a(lib_a-malloc.o) (_free_r)
d:/infineon/tools/dave ide/4.5.0.202105191637/eclipse/arm-gcc-49/bin/../lib/gcc/arm-none-eabi/4.9.3/../../../../arm-none-eabi/lib/armv7e-m/softfp\libg_nano.a(lib_a-nano-mallocr.o)
                              d:/infineon/tools/dave ide/4.5.0.202105191637/eclipse/arm-gcc-49/bin/../lib/gcc/arm-none-eabi/4.9.3/../../../../arm-none-eabi/lib/armv7e-m/softfp\libg_nano.a(lib_a-malloc.o) (_malloc_r)
d:/infineon/tools/dave ide/4.5.0.202105191637/eclipse/arm-gcc-49/bin/../lib/gcc/arm-none-eabi/4.9.3/../../../../arm-none-eabi/lib/armv7e-m/softfp\libg_nano.a(lib_a-sbrkr.o)
                              d:/infineon/tools/dave ide/4.5.0.202105191637/eclipse/arm-gcc-49/bin/../lib/gcc/arm-none-eabi/4.9.3/../../../../arm-none-eabi/lib/armv7e-m/softfp\libg_nano.a(lib_a-nano-mallocr.o) (_sbrk_r)
d:/infineon/tools/dave ide/4.5.0.202105191637/eclipse/arm-gcc-49/bin/../lib/gcc/arm-none-eabi/4.9.3/../../../../arm-none-eabi/lib/armv7e-m/softfp\libg_nano.a(lib_a-strlen.o)
                              ./SSC/Src/objdef.o (strlen)
d:/infineon/tools/dave ide/4.5.0.202105191637/eclipse/arm-gcc-49/bin/../lib/gcc/arm-none-eabi/4.9.3/../../../../arm-none-eabi/lib/armv7e-m/softfp\libg_nano.a(lib_a-reent.o)
[...]
Memory Configuration

Name             Origin             Length             Attributes
FLASH_0_cached   0x08000000         0x00010000         xr
FLASH_0_uncached 0x0c000000         0x00010000         xr
FLASH_1_cached   0x08020000         0x00020000         xr
FLASH_1_uncached 0x0c020000         0x00020000         xr
PSRAM_1          0x1fff0000         0x00010000         !xr
DSRAM_1_system   0x20000000         0x00010000         !xr
SRAM_combined    0x1fff0000         0x00020000         !xr
*default*        0x00000000         0xffffffff

Linker script and memory map

LOAD ./Startup/startup_XMC4300.o
LOAD ./Startup/system_XMC4300.o
LOAD ./SSC/Src/coeappl.o
LOAD ./SSC/Src/ecatappl.o
LOAD ./SSC/Src/ecatcoe.o
LOAD ./SSC/Src/ecatslv.o
LOAD ./SSC/Src/mailbox.o
LOAD ./SSC/Src/objdef.o
LOAD ./SSC/Src/ryhand.o
LOAD ./SSC/Src/sdoserv.o
LOAD ./Libraries/XMCLib/src/xmc4_eru.o
LOAD ./Libraries/XMCLib/src/xmc4_flash.o
LOAD ./Libraries/XMCLib/src/xmc4_gpio.o
LOAD ./Libraries/XMCLib/src/xmc4_rtc.o
LOAD ./Libraries/XMCLib/src/xmc4_scu.o
LOAD ./Libraries/XMCLib/src/xmc_can.o
LOAD ./Libraries/XMCLib/src/xmc_ccu4.o
LOAD ./Libraries/XMCLib/src/xmc_ccu8.o
LOAD ./Libraries/XMCLib/src/xmc_common.o
LOAD ./Libraries/XMCLib/src/xmc_dac.o
LOAD ./Libraries/XMCLib/src/xmc_dma.o
LOAD ./Libraries/XMCLib/src/xmc_dsd.o
LOAD ./Libraries/XMCLib/src/xmc_ebu.o
LOAD ./Libraries/XMCLib/src/xmc_ecat.o
LOAD ./Libraries/XMCLib/src/xmc_eru.o
LOAD ./Libraries/XMCLib/src/xmc_eth_mac.o
LOAD ./Libraries/XMCLib/src/xmc_eth_phy_dp83848.o
LOAD ./Libraries/XMCLib/src/xmc_eth_phy_ksz8031rnl.o
LOAD ./Libraries/XMCLib/src/xmc_eth_phy_ksz8081rnb.o
LOAD ./Libraries/XMCLib/src/xmc_fce.o
LOAD ./Libraries/XMCLib/src/xmc_gpio.o
LOAD ./Libraries/XMCLib/src/xmc_hrpwm.o
LOAD ./Libraries/XMCLib/src/xmc_i2c.o
LOAD ./Libraries/XMCLib/src/xmc_i2s.o
LOAD ./Libraries/XMCLib/src/xmc_ledts.o
LOAD ./Libraries/XMCLib/src/xmc_posif.o
LOAD ./Libraries/XMCLib/src/xmc_rtc.o
LOAD ./Libraries/XMCLib/src/xmc_sdmmc.o
LOAD ./Libraries/XMCLib/src/xmc_spi.o
LOAD ./Libraries/XMCLib/src/xmc_uart.o
LOAD ./Libraries/XMCLib/src/xmc_usbd.o
LOAD ./Libraries/XMCLib/src/xmc_usbh.o
LOAD ./Libraries/XMCLib/src/xmc_usic.o
LOAD ./Libraries/XMCLib/src/xmc_vadc.o
LOAD ./Libraries/XMCLib/src/xmc_wdt.o
LOAD ./Libraries/Newlib/syscalls.o
LOAD ./Dave/Generated/TIMER/timer.o
LOAD ./Dave/Generated/TIMER/timer_conf.o
LOAD ./Dave/Generated/SPI_MASTER/spi_master.o
LOAD ./Dave/Generated/SPI_MASTER/spi_master_conf.o
LOAD ./Dave/Generated/INTERRUPT/interrupt.o
LOAD ./Dave/Generated/INTERRUPT/interrupt_conf.o
LOAD ./Dave/Generated/GLOBAL_DMA/global_dma.o
LOAD ./Dave/Generated/GLOBAL_DMA/global_dma_conf.o
LOAD ./Dave/Generated/GLOBAL_CCU4/global_ccu4.o
LOAD ./Dave/Generated/GLOBAL_CCU4/global_ccu4_conf.o
LOAD ./Dave/Generated/E_EEPROM_XMC4/e_eeprom_xmc4.o
LOAD ./Dave/Generated/E_EEPROM_XMC4/e_eeprom_xmc4_conf.o
LOAD ./Dave/Generated/EVENT_GENERATOR/event_generator.o
LOAD ./Dave/Generated/EVENT_GENERATOR/event_generator_conf.o
LOAD ./Dave/Generated/EVENT_DETECTOR/event_detector.o
LOAD ./Dave/Generated/EVENT_DETECTOR/event_detector_conf.o
LOAD ./Dave/Generated/ECAT_SSC/ecat_ssc.o
LOAD ./Dave/Generated/ECAT_SSC/ecat_ssc_conf.o
LOAD ./Dave/Generated/ECAT_SSC/xmc_eschw.o
LOAD ./Dave/Generated/DIGITAL_IO/digital_io.o
LOAD ./Dave/Generated/DIGITAL_IO/digital_io_conf.o
LOAD ./Dave/Generated/CPU_CTRL_XMC4/cpu_ctrl_xmc4.o
LOAD ./Dave/Generated/CPU_CTRL_XMC4/cpu_ctrl_xmc4_conf.o
LOAD ./Dave/Generated/CLOCK_XMC4/clock_xmc4.o
LOAD ./Dave/Generated/CLOCK_XMC4/clock_xmc4_conf.o
LOAD ./Dave/Generated/DAVE.o
LOAD ./main.o
LOAD d:/infineon/tools/dave ide/4.5.0.202105191637/eclipse/arm-gcc-49/bin/../lib/gcc/arm-none-eabi/4.9.3/../../../../arm-none-eabi/lib/armv7e-m/softfp\libm.a
START GROUP
LOAD d:/infineon/tools/dave ide/4.5.0.202105191637/eclipse/arm-gcc-49/bin/../lib/gcc/arm-none-eabi/4.9.3/armv7e-m/softfp\libgcc.a
LOAD d:/infineon/tools/dave ide/4.5.0.202105191637/eclipse/arm-gcc-49/bin/../lib/gcc/arm-none-eabi/4.9.3/../../../../arm-none-eabi/lib/armv7e-m/softfp\libg_nano.a
LOAD d:/infineon/tools/dave ide/4.5.0.202105191637/eclipse/arm-gcc-49/bin/../lib/gcc/arm-none-eabi/4.9.3/../../../../arm-none-eabi/lib/armv7e-m/softfp\libc_nano.a
END GROUP
START GROUP
LOAD d:/infineon/tools/dave ide/4.5.0.202105191637/eclipse/arm-gcc-49/bin/../lib/gcc/arm-none-eabi/4.9.3/armv7e-m/softfp\libgcc.a
LOAD d:/infineon/tools/dave ide/4.5.0.202105191637/eclipse/arm-gcc-49/bin/../lib/gcc/arm-none-eabi/4.9.3/../../../../arm-none-eabi/lib/armv7e-m/softfp\libc_nano.a
LOAD d:/infineon/tools/dave ide/4.5.0.202105191637/eclipse/arm-gcc-49/bin/../lib/gcc/arm-none-eabi/4.9.3/../../../../arm-none-eabi/lib/armv7e-m/softfp\libnosys.a
END GROUP
START GROUP
LOAD d:/infineon/tools/dave ide/4.5.0.202105191637/eclipse/arm-gcc-49/bin/../lib/gcc/arm-none-eabi/4.9.3/armv7e-m/softfp\libgcc.a
LOAD d:/infineon/tools/dave ide/4.5.0.202105191637/eclipse/arm-gcc-49/bin/../lib/gcc/arm-none-eabi/4.9.3/../../../../arm-none-eabi/lib/armv7e-m/softfp\libc_nano.a
LOAD d:/infineon/tools/dave ide/4.5.0.202105191637/eclipse/arm-gcc-49/bin/../lib/gcc/arm-none-eabi/4.9.3/../../../../arm-none-eabi/lib/armv7e-m/softfp\libnosys.a
END GROUP
                0x00000800                stack_size = DEFINED (stack_size)?stack_size:0x800
                0x00000040                no_init_size = 0x40

.reset          0x08000000      0x300 load address 0x0c000000
 *(.reset)
 .reset         0x08000000      0x29c ./Startup/startup_XMC4300.o
                0x08000000                __Vectors
                0x08000200                Reset_Handler
                0x08000298                DebugMon_Handler
                0x08000298                VADC0_C0_0_IRQHandler
                0x08000298                CAN0_4_IRQHandler
                0x08000298                USIC0_5_IRQHandler
                0x08000298                HardFault_Handler
                0x08000298                VADC0_G1_1_IRQHandler
                0x08000298                SysTick_Handler
                0x08000298                PendSV_Handler
                0x08000298                NMI_Handler
                0x08000298                USIC1_3_IRQHandler
                0x08000298                CCU40_2_IRQHandler
                0x08000298                SCU_0_IRQHandler
                0x08000298                ERU0_0_IRQHandler
                0x08000298                CCU41_0_IRQHandler
                0x08000298                USIC1_5_IRQHandler
                0x08000298                CCU80_1_IRQHandler
                0x08000298                UsageFault_Handler
                0x08000298                USIC0_0_IRQHandler
                0x08000298                ERU0_2_IRQHandler
                0x08000298                ERU1_1_IRQHandler
                0x08000298                ERU0_3_IRQHandler
                0x08000298                VADC0_C0_3_IRQHandler
                0x08000298                CAN0_6_IRQHandler
                0x08000298                VADC0_G0_1_IRQHandler
                0x08000298                USIC1_1_IRQHandler
                0x08000298                CCU40_0_IRQHandler
                0x08000298                CAN0_0_IRQHandler
                0x08000298                Default_Handler
                0x08000298                USIC1_4_IRQHandler
                0x08000298                USIC1_0_IRQHandler
                0x08000298                VADC0_G0_0_IRQHandler
                0x08000298                CCU80_3_IRQHandler
                0x08000298                CCU41_3_IRQHandler
                0x08000298                CCU80_2_IRQHandler
                0x08000298                VADC0_G1_3_IRQHandler
                0x08000298                VADC0_G0_3_IRQHandler
                0x08000298                PMU0_0_IRQHandler
                0x08000298                CAN0_7_IRQHandler
                0x08000298                CCU41_2_IRQHandler
                0x08000298                VADC0_C0_1_IRQHandler
                0x08000298                MemManage_Handler
                0x08000298                DAC0_0_IRQHandler
                0x08000298                SVC_Handler
                0x08000298                ERU1_2_IRQHandler
                0x08000298                VADC0_G1_2_IRQHandler
                0x08000298                CAN0_2_IRQHandler
                0x08000298                VADC0_G0_2_IRQHandler
                0x08000298                CAN0_3_IRQHandler
                0x08000298                ETH0_0_IRQHandler
                0x08000298                USIC0_3_IRQHandler
                0x08000298                VADC0_C0_2_IRQHandler
                0x08000298                FCE0_0_IRQHandler
                0x08000298                VADC0_G1_0_IRQHandler
                0x08000298                USB0_0_IRQHandler
                0x08000298                CAN0_5_IRQHandler
                0x08000298                CCU80_0_IRQHandler
                0x08000298                CCU40_1_IRQHandler
                0x08000298                USIC0_1_IRQHandler
                0x08000298                CCU40_3_IRQHandler
                0x08000298                BusFault_Handler
                0x08000298                LEDTS0_0_IRQHandler
                0x08000298                USIC0_4_IRQHandler
                0x08000298                ERU0_1_IRQHandler
                0x08000298                USIC1_2_IRQHandler
                0x08000298                SDMMC0_0_IRQHandler
                0x08000298                CAN0_1_IRQHandler
                0x08000298                USIC0_2_IRQHandler
                0x08000298                DAC0_1_IRQHandler
                0x08000300                . = ALIGN (0x100)
 *fill*         0x0800029c       0x64 ff

.text           0x08020000     0xb39c load address 0x0c020000
                0x08020000                sText = .
 *(.text .text.* .gnu.linkonce.t.*)
 .text.SystemInit
                0x08020000       0x20 ./Startup/system_XMC4300.o
                0x08020000                SystemInit
 .text.SystemCoreClockUpdate
                0x08020020       0xd4 ./Startup/system_XMC4300.o
                0x08020020                SystemCoreClockUpdate
 .text.HW_EscRead
                0x080200f4       0x2c ./SSC/Src/coeappl.o
 .text.Read0x10F8
                0x08020120       0x5c ./SSC/Src/coeappl.o
                0x08020120                Read0x10F8
 .text.COE_SyncTimeStamp
                0x0802017c       0x9c ./SSC/Src/coeappl.o
                0x0802017c                COE_SyncTimeStamp
 .text.COE_GetObjectDictionary
                0x08020218       0x18 ./SSC/Src/coeappl.o
                0x08020218                COE_GetObjectDictionary
 .text.COE_UpdateSyncErrorStatus
                0x08020230       0x64 ./SSC/Src/coeappl.o
                0x08020230                COE_UpdateSyncErrorStatus
 .text.COE_ObjInit
                0x08020294      0x158 ./SSC/Src/coeappl.o
                0x08020294                COE_ObjInit
 .text.COE_AddObjectToDic
                0x080203ec       0xe8 ./SSC/Src/coeappl.o
                0x080203ec                COE_AddObjectToDic
 .text.COE_RemoveDicEntry
                0x080204d4       0x80 ./SSC/Src/coeappl.o
                0x080204d4                COE_RemoveDicEntry
 .text.COE_ClearObjDictionary
                0x08020554       0x3c ./SSC/Src/coeappl.o
                0x08020554                COE_ClearObjDictionary
 .text.AddObjectsToObjDictionary
                0x08020590       0x44 ./SSC/Src/coeappl.o
                0x08020590                AddObjectsToObjDictionary
 .text.COE_ObjDictionaryInit
                0x080205d4       0x44 ./SSC/Src/coeappl.o
                0x080205d4                COE_ObjDictionaryInit
 .text.COE_Main
                0x08020618       0xe8 ./SSC/Src/coeappl.o
                0x08020618                COE_Main
 .text.XMC_ECAT_GetALEventRegister
                0x08020700       0x1c ./SSC/Src/ecatappl.o
 .text.HW_EscRead
                0x0802071c       0x2c ./SSC/Src/ecatappl.o
 .text.HW_EscReadIsr
                0x08020748       0x24 ./SSC/Src/ecatappl.o
 .text.HW_EscWrite
                0x0802076c       0x2c ./SSC/Src/ecatappl.o
 .text.HW_EscWriteIsr
                0x08020798       0x24 ./SSC/Src/ecatappl.o
 .text.HW_GetALEventRegister
                0x080207bc       0x10 ./SSC/Src/ecatappl.o
 .text.HW_GetALEventRegister_Isr
                0x080207cc       0x10 ./SSC/Src/ecatappl.o
 .text.PDO_InputMapping
                0x080207dc       0x94 ./SSC/Src/ecatappl.o
                0x080207dc                PDO_InputMapping
 .text.PDO_OutputMapping
                0x08020870       0xb0 ./SSC/Src/ecatappl.o
                0x08020870                PDO_OutputMapping
 .text.ECAT_CheckTimer
                0x08020920       0xf8 ./SSC/Src/ecatappl.o
                0x08020920                ECAT_CheckTimer
 .text.HandleCycleTimeMeasurement
                0x08020a18       0x80 ./SSC/Src/ecatappl.o
                0x08020a18                HandleCycleTimeMeasurement
 .text.GetSystemTimeDelay
                0x08020a98       0x70 ./SSC/Src/ecatappl.o
                0x08020a98                GetSystemTimeDelay
 .text.PDI_Isr  0x08020b08      0x198 ./SSC/Src/ecatappl.o
                0x08020b08                PDI_Isr
 .text.Sync0_Isr
                0x08020ca0      0x170 ./SSC/Src/ecatappl.o
                0x08020ca0                Sync0_Isr
 .text.Sync1_Isr
                0x08020e10       0x50 ./SSC/Src/ecatappl.o
                0x08020e10                Sync1_Isr
 .text.MainInit
                0x08020e60      0x134 ./SSC/Src/ecatappl.o
                0x08020e60                MainInit
 .text.MainLoop
                0x08020f94      0x104 ./SSC/Src/ecatappl.o
                0x08020f94                MainLoop
 .text.ECAT_Application
                0x08021098       0x3c ./SSC/Src/ecatappl.o
                0x08021098                ECAT_Application
 .text.EEPROM_CommandHandler
                0x080210d4      0x270 ./SSC/Src/ecatappl.o
                0x080210d4                EEPROM_CommandHandler
 .text.COE_Init
                0x08021344       0x20 ./SSC/Src/ecatcoe.o
                0x08021344                COE_Init
 .text.COE_ServiceInd
                0x08021364       0x70 ./SSC/Src/ecatcoe.o
                0x08021364                COE_ServiceInd
 .text.COE_ContinueInd
                0x080213d4       0x60 ./SSC/Src/ecatcoe.o
                0x080213d4                COE_ContinueInd
 .text.XMC_ECAT_GetALEventRegister
                0x08021434       0x1c ./SSC/Src/ecatslv.o
 .text.HW_EscRead
                0x08021450       0x2c ./SSC/Src/ecatslv.o
 .text.HW_GetALEventRegister
                0x0802147c       0x10 ./SSC/Src/ecatslv.o
 .text.ResetALEventMask
                0x0802148c       0x30 ./SSC/Src/ecatslv.o
                0x0802148c                ResetALEventMask
 .text.SetALEventMask
                0x080214bc       0x30 ./SSC/Src/ecatslv.o
                0x080214bc                SetALEventMask
 .text.UpdateEEPROMLoadedState
                0x080214ec       0x44 ./SSC/Src/ecatslv.o
                0x080214ec                UpdateEEPROMLoadedState
 .text.GetSyncMan
                0x08021530       0x30 ./SSC/Src/ecatslv.o
                0x08021530                GetSyncMan
 .text.DisableSyncManChannel
                0x08021560       0x54 ./SSC/Src/ecatslv.o
                0x08021560                DisableSyncManChannel
 .text.EnableSyncManChannel
                0x080215b4       0x54 ./SSC/Src/ecatslv.o
                0x080215b4                EnableSyncManChannel
 .text.CheckSmSettings
                0x08021608      0x3bc ./SSC/Src/ecatslv.o
                0x08021608                CheckSmSettings
 .text.StartInputHandler
                0x080219c4      0x7d4 ./SSC/Src/ecatslv.o
                0x080219c4                StartInputHandler
 .text.StartOutputHandler
                0x08022198       0x9c ./SSC/Src/ecatslv.o
                0x08022198                StartOutputHandler
 .text.StopOutputHandler
                0x08022234       0x20 ./SSC/Src/ecatslv.o
                0x08022234                StopOutputHandler
 .text.StopInputHandler
                0x08022254      0x12c ./SSC/Src/ecatslv.o
                0x08022254                StopInputHandler
 .text.BackToInitTransition
                0x08022380       0x18 ./SSC/Src/ecatslv.o
                0x08022380                BackToInitTransition
 .text.SetALStatus
                0x08022398       0xc8 ./SSC/Src/ecatslv.o
                0x08022398                SetALStatus
 .text.AL_ControlInd
                0x08022460      0x6f0 ./SSC/Src/ecatslv.o
                0x08022460                AL_ControlInd
 .text.AL_ControlRes
                0x08022b50      0x314 ./SSC/Src/ecatslv.o
                0x08022b50                AL_ControlRes
 .text.DC_CheckWatchdog
                0x08022e64      0x128 ./SSC/Src/ecatslv.o
                0x08022e64                DC_CheckWatchdog
 .text.CheckIfEcatError
                0x08022f8c       0xa8 ./SSC/Src/ecatslv.o
                0x08022f8c                CheckIfEcatError
 .text.ECAT_Init
                0x08023034      0x150 ./SSC/Src/ecatslv.o
                0x08023034                ECAT_Init
 .text.ECAT_Main
                0x08023184      0x1b4 ./SSC/Src/ecatslv.o
                0x08023184                ECAT_Main
 .text.HW_EscRead
                0x08023338       0x2c ./SSC/Src/mailbox.o
 .text.HW_EscReadMbxMem
                0x08023364       0x24 ./SSC/Src/mailbox.o
 .text.HW_EscWrite
                0x08023388       0x2c ./SSC/Src/mailbox.o
 .text.HW_EscWriteMbxMem
                0x080233b4       0x24 ./SSC/Src/mailbox.o
 .text.PutInMbxQueue
                0x080233d8       0x54 ./SSC/Src/mailbox.o
                0x080233d8                PutInMbxQueue
 .text.GetOutOfMbxQueue
                0x0802342c       0x5c ./SSC/Src/mailbox.o
                0x0802342c                GetOutOfMbxQueue
 .text.MBX_Init
                0x08023488       0xf4 ./SSC/Src/mailbox.o
                0x08023488                MBX_Init
 .text.MBX_StartMailboxHandler
                0x0802357c      0x100 ./SSC/Src/mailbox.o
                0x0802357c                MBX_StartMailboxHandler
 .text.MBX_StopMailboxHandler
                0x0802367c      0x13c ./SSC/Src/mailbox.o
                0x0802367c                MBX_StopMailboxHandler
 .text.MailboxServiceInd
                0x080237b8       0x30 ./SSC/Src/mailbox.o
                0x080237b8                MailboxServiceInd
 .text.MBX_MailboxWriteInd
                0x080237e8       0xb8 ./SSC/Src/mailbox.o
                0x080237e8                MBX_MailboxWriteInd
 .text.MBX_MailboxReadInd
                0x080238a0       0xdc ./SSC/Src/mailbox.o
                0x080238a0                MBX_MailboxReadInd
 .text.MBX_MailboxRepeatReq
                0x0802397c       0x84 ./SSC/Src/mailbox.o
                0x0802397c                MBX_MailboxRepeatReq
 .text.MBX_MailboxSendReq
                0x08023a00       0xd4 ./SSC/Src/mailbox.o
                0x08023a00                MBX_MailboxSendReq
 .text.MBX_CheckAndCopyMailbox
                0x08023ad4      0x148 ./SSC/Src/mailbox.o
                0x08023ad4                MBX_CheckAndCopyMailbox
 .text.MBX_CopyToSendMailbox
                0x08023c1c      0x11c ./SSC/Src/mailbox.o
                0x08023c1c                MBX_CopyToSendMailbox
 .text.MBX_Main
                0x08023d38       0x78 ./SSC/Src/mailbox.o
                0x08023d38                MBX_Main
 .text.OBJ_GetObjectHandle
                0x08023db0       0x38 ./SSC/Src/objdef.o
                0x08023db0                OBJ_GetObjectHandle
 .text.OBJ_GetObjectLength
                0x08023de8      0x11c ./SSC/Src/objdef.o
                0x08023de8                OBJ_GetObjectLength
 .text.OBJ_CopyNumberToString
                0x08023f04       0x94 ./SSC/Src/objdef.o
                0x08023f04                OBJ_CopyNumberToString
 .text.OBJ_GetNoOfObjects
                0x08023f98       0x98 ./SSC/Src/objdef.o
                0x08023f98                OBJ_GetNoOfObjects
 .text.OBJ_GetObjectList
                0x08024030       0xfc ./SSC/Src/objdef.o
                0x08024030                OBJ_GetObjectList
 .text.OBJ_GetDesc
                0x0802412c      0x120 ./SSC/Src/objdef.o
                0x0802412c                OBJ_GetDesc
 .text.OBJ_GetEntryDesc
                0x0802424c       0x58 ./SSC/Src/objdef.o
                0x0802424c                OBJ_GetEntryDesc
 .text.OBJ_GetObjDesc
                0x080242a4       0x18 ./SSC/Src/objdef.o
                0x080242a4                OBJ_GetObjDesc
 .text.OBJ_GetEntryOffset
                0x080242bc      0x194 ./SSC/Src/objdef.o
                0x080242bc                OBJ_GetEntryOffset
 .text.CheckSyncTypeValue
                0x08024450      0x1ac ./SSC/Src/objdef.o
                0x08024450                CheckSyncTypeValue
 .text.OBJ_Read
                0x080245fc      0x5d4 ./SSC/Src/objdef.o
                0x080245fc                OBJ_Read
 .text.OBJ_Write
                0x08024bd0      0x724 ./SSC/Src/objdef.o
                0x08024bd0                OBJ_Write
 .text.APPL_AckErrorInd
                0x080252f4       0x14 ./SSC/Src/ryhand.o
                0x080252f4                APPL_AckErrorInd
 .text.APPL_StartMailboxHandler
                0x08025308       0x10 ./SSC/Src/ryhand.o
                0x08025308                APPL_StartMailboxHandler
 .text.APPL_StopMailboxHandler
                0x08025318       0x10 ./SSC/Src/ryhand.o
                0x08025318                APPL_StopMailboxHandler
 .text.APPL_StartInputHandler
                0x08025328       0x18 ./SSC/Src/ryhand.o
                0x08025328                APPL_StartInputHandler
 .text.APPL_StopInputHandler
                0x08025340       0x10 ./SSC/Src/ryhand.o
                0x08025340                APPL_StopInputHandler
 .text.APPL_StartOutputHandler
                0x08025350       0x10 ./SSC/Src/ryhand.o
                0x08025350                APPL_StartOutputHandler
 .text.APPL_StopOutputHandler
                0x08025360       0x10 ./SSC/Src/ryhand.o
                0x08025360                APPL_StopOutputHandler
 .text.APPL_GenerateMapping
                0x08025370      0x16c ./SSC/Src/ryhand.o
                0x08025370                APPL_GenerateMapping
 .text.APPL_InputMapping
                0x080254dc       0x24 ./SSC/Src/ryhand.o
                0x080254dc                APPL_InputMapping
 .text.APPL_OutputMapping
                0x08025500       0x24 ./SSC/Src/ryhand.o
                0x08025500                APPL_OutputMapping
 .text.APPL_Application
                0x08025524       0x18 ./SSC/Src/ryhand.o
                0x08025524                APPL_Application
 .text.WriteSimulateCANFD
                0x0802553c       0x20 ./SSC/Src/ryhand.o
                0x0802553c                WriteSimulateCANFD
 .text.SdoDownloadSegmentInd
                0x0802555c      0x284 ./SSC/Src/sdoserv.o
 .text.SdoUploadSegmentInd
                0x080257e0      0x168 ./SSC/Src/sdoserv.o
 .text.SdoRes   0x08025948      0x170 ./SSC/Src/sdoserv.o
                0x08025948                SdoRes
 .text.SDOS_SdoInd
                0x08025ab8      0x5d8 ./SSC/Src/sdoserv.o
                0x08025ab8                SDOS_SdoInd
 .text.SDOS_SdoRes
                0x08026090      0x124 ./SSC/Src/sdoserv.o
                0x08026090                SDOS_SdoRes
 .text.SDOS_ClearPendingResponse
                0x080261b4       0xcc ./SSC/Src/sdoserv.o
                0x080261b4                SDOS_ClearPendingResponse
 .text.SDOS_SdoInfoInd
                0x08026280      0x3fc ./SSC/Src/sdoserv.o
                0x08026280                SDOS_SdoInfoInd
 .text.XMC_ERU_Enable
                0x0802667c       0x2c ./Libraries/XMCLib/src/xmc4_eru.o
                0x0802667c                XMC_ERU_Enable
 .text.XMC_FLASH_lEnterPageModeCommand
                0x080266a8       0x20 ./Libraries/XMCLib/src/xmc4_flash.o
                0x080266a8                XMC_FLASH_lEnterPageModeCommand
 .text.XMC_FLASH_lLoadPageCommand
                0x080266c8       0x30 ./Libraries/XMCLib/src/xmc4_flash.o
                0x080266c8                XMC_FLASH_lLoadPageCommand
 .text.XMC_FLASH_lWritePageCommand
                0x080266f8       0x44 ./Libraries/XMCLib/src/xmc4_flash.o
                0x080266f8                XMC_FLASH_lWritePageCommand
 .text.XMC_FLASH_lEraseSectorCommand
                0x0802673c       0x58 ./Libraries/XMCLib/src/xmc4_flash.o
                0x0802673c                XMC_FLASH_lEraseSectorCommand
 .text.XMC_FLASH_lClearStatusCommand
                0x08026794       0x20 ./Libraries/XMCLib/src/xmc4_flash.o
                0x08026794                XMC_FLASH_lClearStatusCommand
 .text.XMC_FLASH_ClearStatus
                0x080267b4        0xc ./Libraries/XMCLib/src/xmc4_flash.o
                0x080267b4                XMC_FLASH_ClearStatus
 .text.XMC_FLASH_GetStatus
                0x080267c0       0x1c ./Libraries/XMCLib/src/xmc4_flash.o
                0x080267c0                XMC_FLASH_GetStatus
 .text.XMC_FLASH_ProgramPage
                0x080267dc       0x68 ./Libraries/XMCLib/src/xmc4_flash.o
                0x080267dc                XMC_FLASH_ProgramPage
 .text.XMC_FLASH_EraseSector
                0x08026844       0x30 ./Libraries/XMCLib/src/xmc4_flash.o
                0x08026844                XMC_FLASH_EraseSector
 .text.XMC_GPIO_Init
                0x08026874      0x14c ./Libraries/XMCLib/src/xmc4_gpio.o
                0x08026874                XMC_GPIO_Init
 .text.XMC_SCU_CLOCK_GetCpuClockFrequency
                0x080269c0       0x18 ./Libraries/XMCLib/src/xmc4_scu.o
 .text.XMC_SCU_GetMirrorStatus
                0x080269d8       0x18 ./Libraries/XMCLib/src/xmc4_scu.o
 .text.XMC_SCU_lDelay
                0x080269f0       0x44 ./Libraries/XMCLib/src/xmc4_scu.o
 .text.XMC_SCU_INTERUPT_GetEventStatus
                0x08026a34       0x18 ./Libraries/XMCLib/src/xmc4_scu.o
                0x08026a34                XMC_SCU_INTERUPT_GetEventStatus
 .text.XMC_SCU_INTERRUPT_ClearEventStatus
                0x08026a4c       0x1c ./Libraries/XMCLib/src/xmc4_scu.o
                0x08026a4c                XMC_SCU_INTERRUPT_ClearEventStatus
 .text.XMC_SCU_CLOCK_Init
                0x08026a68       0xf8 ./Libraries/XMCLib/src/xmc4_scu.o
                0x08026a68                XMC_SCU_CLOCK_Init
 .text.XMC_SCU_INTERRUPT_EnableNmiRequest
                0x08026b60       0x24 ./Libraries/XMCLib/src/xmc4_scu.o
                0x08026b60                XMC_SCU_INTERRUPT_EnableNmiRequest
 .text.XMC_SCU_RESET_DeassertPeripheralReset
                0x08026b84       0x38 ./Libraries/XMCLib/src/xmc4_scu.o
                0x08026b84                XMC_SCU_RESET_DeassertPeripheralReset
 .text.XMC_SCU_RESET_IsPeripheralResetAsserted
                0x08026bbc       0x48 ./Libraries/XMCLib/src/xmc4_scu.o
                0x08026bbc                XMC_SCU_RESET_IsPeripheralResetAsserted
 .text.XMC_SCU_CLOCK_GetPeripheralClockFrequency
                0x08026c04       0x20 ./Libraries/XMCLib/src/xmc4_scu.o
                0x08026c04                XMC_SCU_CLOCK_GetPeripheralClockFrequency
 .text.XMC_SCU_CLOCK_SetSystemClockSource
                0x08026c24       0x28 ./Libraries/XMCLib/src/xmc4_scu.o
                0x08026c24                XMC_SCU_CLOCK_SetSystemClockSource
 .text.XMC_SCU_CLOCK_SetUsbClockSource
                0x08026c4c       0x28 ./Libraries/XMCLib/src/xmc4_scu.o
                0x08026c4c                XMC_SCU_CLOCK_SetUsbClockSource
 .text.XMC_SCU_CLOCK_SetWdtClockSource
                0x08026c74       0x28 ./Libraries/XMCLib/src/xmc4_scu.o
                0x08026c74                XMC_SCU_CLOCK_SetWdtClockSource
 .text.XMC_SCU_CLOCK_SetSystemPllClockSource
                0x08026c9c       0x40 ./Libraries/XMCLib/src/xmc4_scu.o
                0x08026c9c                XMC_SCU_CLOCK_SetSystemPllClockSource
 .text.XMC_SCU_HIB_SetRtcClockSource
                0x08026cdc       0x3c ./Libraries/XMCLib/src/xmc4_scu.o
                0x08026cdc                XMC_SCU_HIB_SetRtcClockSource
 .text.XMC_SCU_HIB_SetStandbyClockSource
                0x08026d18       0x3c ./Libraries/XMCLib/src/xmc4_scu.o
                0x08026d18                XMC_SCU_HIB_SetStandbyClockSource
 .text.XMC_SCU_CLOCK_SetSystemClockDivider
                0x08026d54       0x28 ./Libraries/XMCLib/src/xmc4_scu.o
                0x08026d54                XMC_SCU_CLOCK_SetSystemClockDivider
 .text.XMC_SCU_CLOCK_SetCcuClockDivider
                0x08026d7c       0x28 ./Libraries/XMCLib/src/xmc4_scu.o
                0x08026d7c                XMC_SCU_CLOCK_SetCcuClockDivider
 .text.XMC_SCU_CLOCK_SetCpuClockDivider
                0x08026da4       0x28 ./Libraries/XMCLib/src/xmc4_scu.o
                0x08026da4                XMC_SCU_CLOCK_SetCpuClockDivider
 .text.XMC_SCU_CLOCK_SetPeripheralClockDivider
                0x08026dcc       0x28 ./Libraries/XMCLib/src/xmc4_scu.o
                0x08026dcc                XMC_SCU_CLOCK_SetPeripheralClockDivider
 .text.XMC_SCU_CLOCK_SetUsbClockDivider
                0x08026df4       0x28 ./Libraries/XMCLib/src/xmc4_scu.o
                0x08026df4                XMC_SCU_CLOCK_SetUsbClockDivider
 .text.XMC_SCU_CLOCK_SetWdtClockDivider
                0x08026e1c       0x28 ./Libraries/XMCLib/src/xmc4_scu.o
                0x08026e1c                XMC_SCU_CLOCK_SetWdtClockDivider
 .text.XMC_SCU_CLOCK_SetECATClockDivider
                0x08026e44       0x28 ./Libraries/XMCLib/src/xmc4_scu.o
                0x08026e44                XMC_SCU_CLOCK_SetECATClockDivider
 .text.XMC_SCU_CLOCK_EnableClock
                0x08026e6c       0x20 ./Libraries/XMCLib/src/xmc4_scu.o
                0x08026e6c                XMC_SCU_CLOCK_EnableClock
 .text.XMC_SCU_CLOCK_UngatePeripheralClock
                0x08026e8c       0x38 ./Libraries/XMCLib/src/xmc4_scu.o
                0x08026e8c                XMC_SCU_CLOCK_UngatePeripheralClock
 .text.XMC_SCU_CLOCK_IsPeripheralClockGated
                0x08026ec4       0x48 ./Libraries/XMCLib/src/xmc4_scu.o
                0x08026ec4                XMC_SCU_CLOCK_IsPeripheralClockGated
 .text.XMC_SCU_CLOCK_EnableUsbPll
                0x08026f0c       0x20 ./Libraries/XMCLib/src/xmc4_scu.o
                0x08026f0c                XMC_SCU_CLOCK_EnableUsbPll
 .text.XMC_SCU_CLOCK_StartUsbPll
                0x08026f2c       0xb4 ./Libraries/XMCLib/src/xmc4_scu.o
                0x08026f2c                XMC_SCU_CLOCK_StartUsbPll
 .text.XMC_SCU_CLOCK_SetBackupClockCalibrationMode
                0x08026fe0       0x4c ./Libraries/XMCLib/src/xmc4_scu.o
                0x08026fe0                XMC_SCU_CLOCK_SetBackupClockCalibrationMode
 .text.XMC_SCU_HIB_EnableHibernateDomain
                0x0802702c       0x58 ./Libraries/XMCLib/src/xmc4_scu.o
                0x0802702c                XMC_SCU_HIB_EnableHibernateDomain
 .text.XMC_SCU_CLOCK_IsLowPowerOscillatorStable
                0x08027084       0x24 ./Libraries/XMCLib/src/xmc4_scu.o
                0x08027084                XMC_SCU_CLOCK_IsLowPowerOscillatorStable
 .text.XMC_SCU_CLOCK_EnableLowPowerOscillator
                0x080270a8       0x70 ./Libraries/XMCLib/src/xmc4_scu.o
                0x080270a8                XMC_SCU_CLOCK_EnableLowPowerOscillator
 .text.XMC_SCU_CLOCK_EnableHighPerformanceOscillator
                0x08027118       0x50 ./Libraries/XMCLib/src/xmc4_scu.o
                0x08027118                XMC_SCU_CLOCK_EnableHighPerformanceOscillator
 .text.XMC_SCU_CLOCK_IsHighPerformanceOscillatorStable
                0x08027168       0x28 ./Libraries/XMCLib/src/xmc4_scu.o
                0x08027168                XMC_SCU_CLOCK_IsHighPerformanceOscillatorStable
 .text.XMC_SCU_CLOCK_EnableSystemPll
                0x08027190       0x20 ./Libraries/XMCLib/src/xmc4_scu.o
                0x08027190                XMC_SCU_CLOCK_EnableSystemPll
 .text.XMC_SCU_CLOCK_DisableSystemPll
                0x080271b0       0x20 ./Libraries/XMCLib/src/xmc4_scu.o
                0x080271b0                XMC_SCU_CLOCK_DisableSystemPll
 .text.XMC_SCU_CLOCK_StartSystemPll
                0x080271d0      0x19c ./Libraries/XMCLib/src/xmc4_scu.o
                0x080271d0                XMC_SCU_CLOCK_StartSystemPll
 .text.XMC_SCU_CLOCK_StepSystemPllFrequency
                0x0802736c       0x3c ./Libraries/XMCLib/src/xmc4_scu.o
                0x0802736c                XMC_SCU_CLOCK_StepSystemPllFrequency
 .text.XMC_CCU4_StartPrescaler
                0x080273a8       0x1c ./Libraries/XMCLib/src/xmc_ccu4.o
 .text.XMC_CCU4_lDeassertReset
                0x080273c4       0x34 ./Libraries/XMCLib/src/xmc_ccu4.o
 .text.XMC_CCU4_lUngateClock
                0x080273f8       0x34 ./Libraries/XMCLib/src/xmc_ccu4.o
 .text.XMC_CCU4_EnableModule
                0x0802742c       0x20 ./Libraries/XMCLib/src/xmc_ccu4.o
                0x0802742c                XMC_CCU4_EnableModule
 .text.XMC_CCU4_Init
                0x0802744c       0x3c ./Libraries/XMCLib/src/xmc_ccu4.o
                0x0802744c                XMC_CCU4_Init
 .text.XMC_CCU4_SLICE_CompareInit
                0x08027488       0x6c ./Libraries/XMCLib/src/xmc_ccu4.o
                0x08027488                XMC_CCU4_SLICE_CompareInit
 .text.XMC_CCU4_SLICE_SetInterruptNode
                0x080274f4       0xc8 ./Libraries/XMCLib/src/xmc_ccu4.o
                0x080274f4                XMC_CCU4_SLICE_SetInterruptNode
 .text.XMC_DMA_GetEventStatus
                0x080275bc       0x1c ./Libraries/XMCLib/src/xmc_dma.o
 .text.XMC_DMA_GetChannelsTransferCompleteStatus
                0x080275d8       0x1c ./Libraries/XMCLib/src/xmc_dma.o
 .text.XMC_DMA_GetChannelsBlockCompleteStatus
                0x080275f4       0x1c ./Libraries/XMCLib/src/xmc_dma.o
 .text.XMC_DMA_GetChannelsSourceTransactionCompleteStatus
                0x08027610       0x1c ./Libraries/XMCLib/src/xmc_dma.o
 .text.XMC_DMA_GetChannelsDestinationTransactionCompleteStatus
                0x0802762c       0x1c ./Libraries/XMCLib/src/xmc_dma.o
 .text.XMC_DMA_GetChannelsErrorStatus
                0x08027648       0x1c ./Libraries/XMCLib/src/xmc_dma.o
 .text.XMC_DMA_Init
                0x08027664       0x14 ./Libraries/XMCLib/src/xmc_dma.o
                0x08027664                XMC_DMA_Init
 .text.XMC_DMA_Enable
                0x08027678       0x28 ./Libraries/XMCLib/src/xmc_dma.o
                0x08027678                XMC_DMA_Enable
 .text.XMC_DMA_IsEnabled
                0x080276a0       0x88 ./Libraries/XMCLib/src/xmc_dma.o
                0x080276a0                XMC_DMA_IsEnabled
 .text.XMC_DMA_EnableRequestLine
                0x08027728       0x54 ./Libraries/XMCLib/src/xmc_dma.o
                0x08027728                XMC_DMA_EnableRequestLine
 .text.XMC_DMA_CH_IsEnabled
                0x0802777c       0x34 ./Libraries/XMCLib/src/xmc_dma.o
                0x0802777c                XMC_DMA_CH_IsEnabled
 .text.XMC_DMA_CH_Init
                0x080277b0      0x3e0 ./Libraries/XMCLib/src/xmc_dma.o
                0x080277b0                XMC_DMA_CH_Init
 .text.XMC_DMA_CH_EnableEvent
                0x08027b90       0x50 ./Libraries/XMCLib/src/xmc_dma.o
                0x08027b90                XMC_DMA_CH_EnableEvent
 .text.XMC_DMA_CH_ClearEventStatus
                0x08027be0       0x4c ./Libraries/XMCLib/src/xmc_dma.o
                0x08027be0                XMC_DMA_CH_ClearEventStatus
 .text.XMC_DMA_CH_SetEventHandler
                0x08027c2c       0x28 ./Libraries/XMCLib/src/xmc_dma.o
                0x08027c2c                XMC_DMA_CH_SetEventHandler
 .text.XMC_DMA_IRQHandler
                0x08027c54      0x20c ./Libraries/XMCLib/src/xmc_dma.o
                0x08027c54                XMC_DMA_IRQHandler
 .text.XMC_ECAT_Enable
                0x08027e60       0x24 ./Libraries/XMCLib/src/xmc_ecat.o
                0x08027e60                XMC_ECAT_Enable
 .text.XMC_ECAT_Init
                0x08027e84       0x78 ./Libraries/XMCLib/src/xmc_ecat.o
                0x08027e84                XMC_ECAT_Init
 .text.XMC_ECAT_DisableEvent
                0x08027efc       0x28 ./Libraries/XMCLib/src/xmc_ecat.o
                0x08027efc                XMC_ECAT_DisableEvent
 .text.XMC_ECAT_DisableSyncManChannel
                0x08027f24       0x38 ./Libraries/XMCLib/src/xmc_ecat.o
                0x08027f24                XMC_ECAT_DisableSyncManChannel
 .text.XMC_ERU_ETL_Init
                0x08027f5c       0x4c ./Libraries/XMCLib/src/xmc_eru.o
                0x08027f5c                XMC_ERU_ETL_Init
 .text.XMC_ERU_OGU_Init
                0x08027fa8       0x28 ./Libraries/XMCLib/src/xmc_eru.o
                0x08027fa8                XMC_ERU_OGU_Init
 .text.XMC_FCE_Init
                0x08027fd0       0x2c ./Libraries/XMCLib/src/xmc_fce.o
                0x08027fd0                XMC_FCE_Init
 .text.XMC_FCE_Enable
                0x08027ffc       0x28 ./Libraries/XMCLib/src/xmc_fce.o
                0x08027ffc                XMC_FCE_Enable
 .text.XMC_FCE_CalculateCRC32
                0x08028024       0x60 ./Libraries/XMCLib/src/xmc_fce.o
                0x08028024                XMC_FCE_CalculateCRC32
 .text.XMC_GPIO_SetHardwareControl
                0x08028084       0x44 ./Libraries/XMCLib/src/xmc_gpio.o
                0x08028084                XMC_GPIO_SetHardwareControl
 .text.XMC_SPI_CH_InitEx
                0x080280c8       0x8c ./Libraries/XMCLib/src/xmc_spi.o
                0x080280c8                XMC_SPI_CH_InitEx
 .text.XMC_SPI_CH_GetReceivedData
                0x08028154       0x34 ./Libraries/XMCLib/src/xmc_spi.o
                0x08028154                XMC_SPI_CH_GetReceivedData
 .text.XMC_SPI_CH_EnableEvent
                0x08028188       0x34 ./Libraries/XMCLib/src/xmc_spi.o
                0x08028188                XMC_SPI_CH_EnableEvent
 .text.XMC_SPI_CH_DisableEvent
                0x080281bc       0x38 ./Libraries/XMCLib/src/xmc_spi.o
                0x080281bc                XMC_SPI_CH_DisableEvent
 .text.XMC_USIC_CH_Enable
                0x080281f4       0x74 ./Libraries/XMCLib/src/xmc_usic.o
                0x080281f4                XMC_USIC_CH_Enable
 .text.XMC_USIC_CH_SetBaudrate
                0x08028268       0xe4 ./Libraries/XMCLib/src/xmc_usic.o
                0x08028268                XMC_USIC_CH_SetBaudrate
 .text.XMC_USIC_CH_SetBaudrateEx
                0x0802834c      0x100 ./Libraries/XMCLib/src/xmc_usic.o
                0x0802834c                XMC_USIC_CH_SetBaudrateEx
 .text.XMC_USIC_CH_SetInterruptNodePointer
                0x0802844c       0x38 ./Libraries/XMCLib/src/xmc_usic.o
                0x0802844c                XMC_USIC_CH_SetInterruptNodePointer
 .text.XMC_USIC_Enable
                0x08028484       0x84 ./Libraries/XMCLib/src/xmc_usic.o
                0x08028484                XMC_USIC_Enable
 .text._sbrk    0x08028508       0x68 ./Libraries/Newlib/syscalls.o
                0x08028508                _sbrk
 .text._init    0x08028570        0xc ./Libraries/Newlib/syscalls.o
                0x08028570                _init
 .text.XMC_CCU4_EnableClock
                0x0802857c       0x20 ./Dave/Generated/TIMER/timer.o
 .text.XMC_CCU4_SLICE_StartTimer
                0x0802859c       0x18 ./Dave/Generated/TIMER/timer.o
 .text.XMC_CCU4_SLICE_ClearTimer
                0x080285b4       0x18 ./Dave/Generated/TIMER/timer.o
 .text.XMC_CCU4_SLICE_SetTimerPeriodMatch
                0x080285cc       0x1c ./Dave/Generated/TIMER/timer.o
 .text.XMC_CCU4_SLICE_SetTimerCompareMatch
                0x080285e8       0x1c ./Dave/Generated/TIMER/timer.o
 .text.XMC_CCU4_EnableShadowTransfer
                0x08028604       0x1c ./Dave/Generated/TIMER/timer.o
 .text.XMC_CCU4_SLICE_EnableEvent
                0x08028620       0x2c ./Dave/Generated/TIMER/timer.o
 .text.TIMER_Init
                0x0802864c       0x3c ./Dave/Generated/TIMER/timer.o
                0x0802864c                TIMER_Init
 .text.TIMER_Start
                0x08028688       0x3c ./Dave/Generated/TIMER/timer.o
                0x08028688                TIMER_Start
 .text.TIMER_CCU4_lInit
                0x080286c4       0x98 ./Dave/Generated/TIMER/timer.o
                0x080286c4                TIMER_CCU4_lInit
 .text.TIMER_CCU4_lShadowTransfer
                0x0802875c       0x3c ./Dave/Generated/TIMER/timer.o
                0x0802875c                TIMER_CCU4_lShadowTransfer
 .text.XMC_SPI_CH_SetTransmitMode
                0x08028798       0x2c ./Dave/Generated/SPI_MASTER/spi_master.o
 .text.XMC_DMA_CH_Enable
                0x080287c4       0x24 ./Dave/Generated/SPI_MASTER/spi_master.o
 .text.XMC_DMA_CH_SetSourceAddress
                0x080287e8       0x28 ./Dave/Generated/SPI_MASTER/spi_master.o
 .text.XMC_DMA_CH_SetDestinationAddress
                0x08028810       0x2c ./Dave/Generated/SPI_MASTER/spi_master.o
 .text.XMC_DMA_CH_SetBlockSize
                0x0802883c       0x2c ./Dave/Generated/SPI_MASTER/spi_master.o
 .text.SPI_MASTER_Init
                0x08028868       0x20 ./Dave/Generated/SPI_MASTER/spi_master.o
                0x08028868                SPI_MASTER_Init
 .text.SPI_MASTER_Transmit
                0x08028888       0x34 ./Dave/Generated/SPI_MASTER/spi_master.o
                0x08028888                SPI_MASTER_Transmit
 .text.SPI_MASTER_StartTransmitDMA
                0x080288bc      0x1a8 ./Dave/Generated/SPI_MASTER/spi_master.o
                0x080288bc                SPI_MASTER_StartTransmitDMA
 .text.SPI_MASTER_Transfer
                0x08028a64       0xb0 ./Dave/Generated/SPI_MASTER/spi_master.o
                0x08028a64                SPI_MASTER_Transfer
 .text.SPI_MASTER_lReceiveDMA
                0x08028b14       0xb4 ./Dave/Generated/SPI_MASTER/spi_master.o
 .text.SPI_MASTER_lStdRBUFFlush
                0x08028bc8       0x1c ./Dave/Generated/SPI_MASTER/spi_master.o
 .text.XMC_USIC_CH_SetInputSource
                0x08028be4       0x3c ./Dave/Generated/SPI_MASTER/spi_master_conf.o
 .text.XMC_USIC_CH_SetWordLength
                0x08028c20       0x2c ./Dave/Generated/SPI_MASTER/spi_master_conf.o
 .text.XMC_USIC_CH_SetFrameLength
                0x08028c4c       0x2c ./Dave/Generated/SPI_MASTER/spi_master_conf.o
 .text.XMC_USIC_CH_GetTransmitBufferStatus
                0x08028c78       0x20 ./Dave/Generated/SPI_MASTER/spi_master_conf.o
 .text.XMC_USIC_CH_TriggerServiceRequest
                0x08028c98       0x20 ./Dave/Generated/SPI_MASTER/spi_master_conf.o
 .text.XMC_USIC_CH_ConfigureShiftClockOutput
                0x08028cb8       0x2c ./Dave/Generated/SPI_MASTER/spi_master_conf.o
 .text.XMC_USIC_CH_SetMode
                0x08028ce4       0x28 ./Dave/Generated/SPI_MASTER/spi_master_conf.o
 .text.XMC_SPI_CH_Init
                0x08028d0c       0x1c ./Dave/Generated/SPI_MASTER/spi_master_conf.o
 .text.XMC_SPI_CH_Start
                0x08028d28       0x18 ./Dave/Generated/SPI_MASTER/spi_master_conf.o
 .text.XMC_SPI_CH_SetBitOrderMsbFirst
                0x08028d40       0x20 ./Dave/Generated/SPI_MASTER/spi_master_conf.o
 .text.XMC_SPI_CH_SetSlaveSelectDelay
                0x08028d60       0x2c ./Dave/Generated/SPI_MASTER/spi_master_conf.o
 .text.XMC_SPI_CH_ConfigureShiftClockOutput
                0x08028d8c       0x1c ./Dave/Generated/SPI_MASTER/spi_master_conf.o
 .text.XMC_SPI_CH_SetWordLength
                0x08028da8       0x1c ./Dave/Generated/SPI_MASTER/spi_master_conf.o
 .text.XMC_SPI_CH_SetFrameLength
                0x08028dc4       0x1c ./Dave/Generated/SPI_MASTER/spi_master_conf.o
 .text.XMC_SPI_CH_SetInputSource
                0x08028de0       0x44 ./Dave/Generated/SPI_MASTER/spi_master_conf.o
 .text.SPI_MASTER_0_lInit
                0x08028e24      0x120 ./Dave/Generated/SPI_MASTER/spi_master_conf.o
 .text.SPI_MASTER_0_DMA_tx_handler
                0x08028f44       0x38 ./Dave/Generated/SPI_MASTER/spi_master_conf.o
                0x08028f44                SPI_MASTER_0_DMA_tx_handler
 .text.SPI_MASTER_0_DMA_rx_handler
                0x08028f7c       0x44 ./Dave/Generated/SPI_MASTER/spi_master_conf.o
                0x08028f7c                SPI_MASTER_0_DMA_rx_handler
 .text.__NVIC_GetPriorityGrouping
                0x08028fc0       0x1c ./Dave/Generated/INTERRUPT/interrupt.o
 .text.__NVIC_EnableIRQ
                0x08028fdc       0x38 ./Dave/Generated/INTERRUPT/interrupt.o
 .text.__NVIC_SetPriority
                0x08029014       0x54 ./Dave/Generated/INTERRUPT/interrupt.o
 .text.NVIC_EncodePriority
                0x08029068       0x64 ./Dave/Generated/INTERRUPT/interrupt.o
 .text.INTERRUPT_Enable
                0x080290cc       0x1c ./Dave/Generated/INTERRUPT/interrupt.o
 .text.INTERRUPT_Init
                0x080290e8       0x4c ./Dave/Generated/INTERRUPT/interrupt.o
                0x080290e8                INTERRUPT_Init
 .text.__NVIC_GetPriorityGrouping
                0x08029134       0x1c ./Dave/Generated/GLOBAL_DMA/global_dma.o
 .text.__NVIC_EnableIRQ
                0x08029150       0x38 ./Dave/Generated/GLOBAL_DMA/global_dma.o
 .text.__NVIC_SetPriority
                0x08029188       0x54 ./Dave/Generated/GLOBAL_DMA/global_dma.o
 .text.NVIC_EncodePriority
                0x080291dc       0x64 ./Dave/Generated/GLOBAL_DMA/global_dma.o
 .text.GLOBAL_DMA_Init
                0x08029240       0x6c ./Dave/Generated/GLOBAL_DMA/global_dma.o
                0x08029240                GLOBAL_DMA_Init
 .text.GPDMA0_0_IRQHandler
                0x080292ac       0x10 ./Dave/Generated/GLOBAL_DMA/global_dma_conf.o
                0x080292ac                GPDMA0_0_IRQHandler
 .text.XMC_CCU4_StartPrescaler
                0x080292bc       0x1c ./Dave/Generated/GLOBAL_CCU4/global_ccu4.o
 .text.GLOBAL_CCU4_Init
                0x080292d8       0x40 ./Dave/Generated/GLOBAL_CCU4/global_ccu4.o
                0x080292d8                GLOBAL_CCU4_Init
 .text.XMC_FLASH_SetMargin
                0x08029318       0x34 ./Dave/Generated/E_EEPROM_XMC4/e_eeprom_xmc4.o
 .text.XMC_FLASH_EnableDoubleBitErrorTrap
                0x0802934c       0x28 ./Dave/Generated/E_EEPROM_XMC4/e_eeprom_xmc4.o
 .text.XMC_FLASH_DisableDoubleBitErrorTrap
                0x08029374       0x28 ./Dave/Generated/E_EEPROM_XMC4/e_eeprom_xmc4.o
 .text.XMC_FCE_InitializeSeedValue
                0x0802939c       0x1c ./Dave/Generated/E_EEPROM_XMC4/e_eeprom_xmc4.o
 .text.E_EEPROM_XMC4_Init
                0x080293b8       0xd4 ./Dave/Generated/E_EEPROM_XMC4/e_eeprom_xmc4.o
                0x080293b8                E_EEPROM_XMC4_Init
 .text.E_EEPROM_XMC4_WriteArray
                0x0802948c       0x64 ./Dave/Generated/E_EEPROM_XMC4/e_eeprom_xmc4.o
                0x0802948c                E_EEPROM_XMC4_WriteArray
 .text.E_EEPROM_XMC4_ReadArray
                0x080294f0       0x4c ./Dave/Generated/E_EEPROM_XMC4/e_eeprom_xmc4.o
                0x080294f0                E_EEPROM_XMC4_ReadArray
 .text.E_EEPROM_XMC4_UpdateFlashContents
                0x0802953c       0xa4 ./Dave/Generated/E_EEPROM_XMC4/e_eeprom_xmc4.o
                0x0802953c                E_EEPROM_XMC4_UpdateFlashContents
 .text.E_EEPROM_XMC4_IsFlashEmpty
                0x080295e0       0x28 ./Dave/Generated/E_EEPROM_XMC4/e_eeprom_xmc4.o
                0x080295e0                E_EEPROM_XMC4_IsFlashEmpty
 .text.E_EEPROM_XMC4_lWriteToFlash
                0x08029608       0x7c ./Dave/Generated/E_EEPROM_XMC4/e_eeprom_xmc4.o
 .text.E_EEPROM_XMC4_lInitReadSectorInfo
                0x08029684       0xac ./Dave/Generated/E_EEPROM_XMC4/e_eeprom_xmc4.o
 .text.E_EEPROM_XMC4_lInitEraseStateMachine
                0x08029730       0x80 ./Dave/Generated/E_EEPROM_XMC4/e_eeprom_xmc4.o
 .text.E_EEPROM_XMC4_lCalculateCRC
                0x080297b0       0x30 ./Dave/Generated/E_EEPROM_XMC4/e_eeprom_xmc4.o
 .text.E_EEPROM_XMC4_lCopyFlashToRam
                0x080297e0       0x4c ./Dave/Generated/E_EEPROM_XMC4/e_eeprom_xmc4.o
 .text.EVENT_GENERATOR_Init
                0x0802982c       0x48 ./Dave/Generated/EVENT_GENERATOR/event_generator.o
                0x0802982c                EVENT_GENERATOR_Init
 .text.EVENT_DETECTOR_Init
                0x08029874       0x3c ./Dave/Generated/EVENT_DETECTOR/event_detector.o
                0x08029874                EVENT_DETECTOR_Init
 .text.ECAT_SSC_Init
                0x080298b0       0xd0 ./Dave/Generated/ECAT_SSC/ecat_ssc.o
                0x080298b0                ECAT_SSC_Init
 .text.ENABLE_ESC_INT_USER
                0x08029980        0xc ./Dave/Generated/ECAT_SSC/ecat_ssc.o
                0x08029980                ENABLE_ESC_INT_USER
 .text.DISABLE_ESC_INT_USER
                0x0802998c        0xc ./Dave/Generated/ECAT_SSC/ecat_ssc.o
                0x0802998c                DISABLE_ESC_INT_USER
 .text.__NVIC_GetPriorityGrouping
                0x08029998       0x1c ./Dave/Generated/ECAT_SSC/xmc_eschw.o
 .text.__NVIC_EnableIRQ
                0x080299b4       0x38 ./Dave/Generated/ECAT_SSC/xmc_eschw.o
 .text.__NVIC_DisableIRQ
                0x080299ec       0x44 ./Dave/Generated/ECAT_SSC/xmc_eschw.o
 .text.__NVIC_SetPriority
                0x08029a30       0x54 ./Dave/Generated/ECAT_SSC/xmc_eschw.o
 .text.NVIC_EncodePriority
                0x08029a84       0x64 ./Dave/Generated/ECAT_SSC/xmc_eschw.o
 .text.XMC_ECAT_SetPortControl
                0x08029ae8       0x2c ./Dave/Generated/ECAT_SSC/xmc_eschw.o
 .text.HW_EscRead
                0x08029b14       0x2c ./Dave/Generated/ECAT_SSC/xmc_eschw.o
 .text.HW_EscWrite
                0x08029b40       0x2c ./Dave/Generated/ECAT_SSC/xmc_eschw.o
 .text.INTERRUPT_Enable
                0x08029b6c       0x1c ./Dave/Generated/ECAT_SSC/xmc_eschw.o
 .text.INTERRUPT_Disable
                0x08029b88       0x1c ./Dave/Generated/ECAT_SSC/xmc_eschw.o
 .text.HW_Init  0x08029ba4      0x25c ./Dave/Generated/ECAT_SSC/xmc_eschw.o
                0x08029ba4                HW_Init
 .text.HW_EepromWrite
                0x08029e00       0x94 ./Dave/Generated/ECAT_SSC/xmc_eschw.o
                0x08029e00                HW_EepromWrite
 .text.HW_EepromReload
                0x08029e94       0x8c ./Dave/Generated/ECAT_SSC/xmc_eschw.o
                0x08029e94                HW_EepromReload
 .text.ECAT0_0_IRQHandler
                0x08029f20        0xc ./Dave/Generated/ECAT_SSC/xmc_eschw.o
                0x08029f20                ECAT0_0_IRQHandler
 .text.CCU41_1_IRQHandler
                0x08029f2c       0x18 ./Dave/Generated/ECAT_SSC/xmc_eschw.o
                0x08029f2c                CCU41_1_IRQHandler
 .text.ENABLE_ESC_INT
                0x08029f44       0x1c ./Dave/Generated/ECAT_SSC/xmc_eschw.o
                0x08029f44                ENABLE_ESC_INT
 .text.DISABLE_ESC_INT
                0x08029f60       0x40 ./Dave/Generated/ECAT_SSC/xmc_eschw.o
                0x08029f60                DISABLE_ESC_INT
 .text.DIGITAL_IO_Init
                0x08029fa0       0x40 ./Dave/Generated/DIGITAL_IO/digital_io.o
                0x08029fa0                DIGITAL_IO_Init
 .text.__NVIC_SetPriorityGrouping
                0x08029fe0       0x48 ./Dave/Generated/CPU_CTRL_XMC4/cpu_ctrl_xmc4_conf.o
 .text.SystemCoreSetup
                0x0802a028       0xa0 ./Dave/Generated/CPU_CTRL_XMC4/cpu_ctrl_xmc4_conf.o
                0x0802a028                SystemCoreSetup
 .text.CLOCK_XMC4_Init
                0x0802a0c8       0x20 ./Dave/Generated/CLOCK_XMC4/clock_xmc4.o
                0x0802a0c8                CLOCK_XMC4_Init
 .text.OSCHP_GetFrequency
                0x0802a0e8       0x14 ./Dave/Generated/CLOCK_XMC4/clock_xmc4.o
                0x0802a0e8                OSCHP_GetFrequency
 .text.XMC_SCU_CLOCK_SetECATClockSource
                0x0802a0fc       0x28 ./Dave/Generated/CLOCK_XMC4/clock_xmc4_conf.o
 .text.SystemCoreClockSetup
                0x0802a124       0x60 ./Dave/Generated/CLOCK_XMC4/clock_xmc4_conf.o
                0x0802a124                SystemCoreClockSetup
 .text.DAVE_Init
                0x0802a184      0x100 ./Dave/Generated/DAVE.o
                0x0802a184                DAVE_Init
 .text.XMC_GPIO_SetOutputLevel
                0x0802a284       0x24 ./main.o
 .text.XMC_GPIO_SetOutputHigh
                0x0802a2a8       0x20 ./main.o
 .text.XMC_GPIO_SetOutputLow
                0x0802a2c8       0x24 ./main.o
 .text.DIGITAL_IO_SetOutputHigh
                0x0802a2ec       0x20 ./main.o
 .text.DIGITAL_IO_SetOutputLow
                0x0802a30c       0x20 ./main.o
 .text.SPI_MASTER_IsTxBusy
                0x0802a32c       0x20 ./main.o
 .text.SPI_MASTER_IsRxBusy
                0x0802a34c       0x1c ./main.o
 .text.Delay_us
                0x0802a368       0x28 ./main.o
                0x0802a368                Delay_us
 .text.process_app
                0x0802a390       0x30 ./main.o
                0x0802a390                process_app
 .text.SPI_DMA_GenericTransfer
                0x0802a3c0       0x78 ./main.o
                0x0802a3c0                SPI_DMA_GenericTransfer
 .text.SPI_TMC6460_ReadRegister
                0x0802a438       0xc0 ./main.o
                0x0802a438                SPI_TMC6460_ReadRegister
 .text.main     0x0802a4f8       0x90 ./main.o
                0x0802a4f8                main
 .text.ERU1_0_IRQHandler
                0x0802a588        0xc ./main.o
                0x0802a588                ERU1_0_IRQHandler
 .text.ERU1_3_IRQHandler
                0x0802a594        0xc ./main.o
                0x0802a594                ERU1_3_IRQHandler
 .text.__errno  0x0802a5a0        0xc d:/infineon/tools/dave ide/4.5.0.202105191637/eclipse/arm-gcc-49/bin/../lib/gcc/arm-none-eabi/4.9.3/../../../../arm-none-eabi/lib/armv7e-m/softfp\libg_nano.a(lib_a-errno.o)
                0x0802a5a0                __errno
 .text.__libc_init_array
                0x0802a5ac       0x4c d:/infineon/tools/dave ide/4.5.0.202105191637/eclipse/arm-gcc-49/bin/../lib/gcc/arm-none-eabi/4.9.3/../../../../arm-none-eabi/lib/armv7e-m/softfp\libg_nano.a(lib_a-init.o)
                0x0802a5ac                __libc_init_array
 .text.malloc   0x0802a5f8       0x10 d:/infineon/tools/dave ide/4.5.0.202105191637/eclipse/arm-gcc-49/bin/../lib/gcc/arm-none-eabi/4.9.3/../../../../arm-none-eabi/lib/armv7e-m/softfp\libg_nano.a(lib_a-malloc.o)
                0x0802a5f8                malloc
 .text.free     0x0802a608       0x10 d:/infineon/tools/dave ide/4.5.0.202105191637/eclipse/arm-gcc-49/bin/../lib/gcc/arm-none-eabi/4.9.3/../../../../arm-none-eabi/lib/armv7e-m/softfp\libg_nano.a(lib_a-malloc.o)
                0x0802a608                free
 .text.memcmp   0x0802a618       0x20 d:/infineon/tools/dave ide/4.5.0.202105191637/eclipse/arm-gcc-49/bin/../lib/gcc/arm-none-eabi/4.9.3/../../../../arm-none-eabi/lib/armv7e-m/softfp\libg_nano.a(lib_a-memcmp.o)
                0x0802a618                memcmp
 .text.memcpy   0x0802a638       0x16 d:/infineon/tools/dave ide/4.5.0.202105191637/eclipse/arm-gcc-49/bin/../lib/gcc/arm-none-eabi/4.9.3/../../../../arm-none-eabi/lib/armv7e-m/softfp\libg_nano.a(lib_a-memcpy.o)
                0x0802a638                memcpy
 .text.memset   0x0802a64e       0x10 d:/infineon/tools/dave ide/4.5.0.202105191637/eclipse/arm-gcc-49/bin/../lib/gcc/arm-none-eabi/4.9.3/../../../../arm-none-eabi/lib/armv7e-m/softfp\libg_nano.a(lib_a-memset.o)
                0x0802a64e                memset
 *fill*         0x0802a65e        0x2 
 .text._free_r  0x0802a660       0x88 d:/infineon/tools/dave ide/4.5.0.202105191637/eclipse/arm-gcc-49/bin/../lib/gcc/arm-none-eabi/4.9.3/../../../../arm-none-eabi/lib/armv7e-m/softfp\libg_nano.a(lib_a-nano-freer.o)
                0x0802a660                _free_r
 .text._malloc_r
                0x0802a6e8       0xac d:/infineon/tools/dave ide/4.5.0.202105191637/eclipse/arm-gcc-49/bin/../lib/gcc/arm-none-eabi/4.9.3/../../../../arm-none-eabi/lib/armv7e-m/softfp\libg_nano.a(lib_a-nano-mallocr.o)
                0x0802a6e8                _malloc_r
 .text._sbrk_r  0x0802a794       0x20 d:/infineon/tools/dave ide/4.5.0.202105191637/eclipse/arm-gcc-49/bin/../lib/gcc/arm-none-eabi/4.9.3/../../../../arm-none-eabi/lib/armv7e-m/softfp\libg_nano.a(lib_a-sbrkr.o)
                0x0802a794                _sbrk_r
 .text.strlen   0x0802a7b4       0x10 d:/infineon/tools/dave ide/4.5.0.202105191637/eclipse/arm-gcc-49/bin/../lib/gcc/arm-none-eabi/4.9.3/../../../../arm-none-eabi/lib/armv7e-m/softfp\libg_nano.a(lib_a-strlen.o)
                0x0802a7b4                strlen
 *(.init)
 *(.fini)
 *crtbegin.o(.ctors)
 *crtbegin?.o(.ctors)
 *(EXCLUDE_FILE(*crtend.o *crtend?.o) .ctors)
 *(SORT(.ctors.*))
 *(.ctors)
 *crtbegin.o(.dtors)
 *crtbegin?.o(.dtors)
 *(EXCLUDE_FILE(*crtend.o *crtend?.o) .dtors)
 *(SORT(.dtors.*))
 *(.dtors)
 *(.rodata .rodata.*)
 .rodata.asEntryDesc0x1600
                0x0802a7c4       0x50 ./SSC/Src/coeappl.o
                0x0802a7c4                asEntryDesc0x1600
 .rodata.aName0x1600
                0x0802a814       0xbc ./SSC/Src/coeappl.o
                0x0802a814                aName0x1600
 .rodata.asEntryDesc0x1A00
                0x0802a8d0       0x50 ./SSC/Src/coeappl.o
                0x0802a8d0                asEntryDesc0x1A00
 .rodata.aName0x1A00
                0x0802a920       0xbc ./SSC/Src/coeappl.o
                0x0802a920                aName0x1A00
 .rodata.asEntryDesc0x1C12
                0x0802a9dc        0xc ./SSC/Src/coeappl.o
                0x0802a9dc                asEntryDesc0x1C12
 .rodata.aName0x1C12
                0x0802a9e8       0x1c ./SSC/Src/coeappl.o
                0x0802a9e8                aName0x1C12
 .rodata.asEntryDesc0x1C13
                0x0802aa04        0xc ./SSC/Src/coeappl.o
                0x0802aa04                asEntryDesc0x1C13
 .rodata.aName0x1C13
                0x0802aa10       0x1c ./SSC/Src/coeappl.o
                0x0802aa10                aName0x1C13
 .rodata.asEntryDesc0x6000
                0x0802aa2c       0x50 ./SSC/Src/coeappl.o
                0x0802aa2c                asEntryDesc0x6000
 .rodata.aName0x6000
                0x0802aa7c       0x70 ./SSC/Src/coeappl.o
                0x0802aa7c                aName0x6000
 .rodata.asEntryDesc0x7000
                0x0802aaec       0x50 ./SSC/Src/coeappl.o
                0x0802aaec                asEntryDesc0x7000
 .rodata.aName0x7000
                0x0802ab3c       0x70 ./SSC/Src/coeappl.o
                0x0802ab3c                aName0x7000
 .rodata.asEntryDesc0x8000
                0x0802abac       0x54 ./SSC/Src/coeappl.o
                0x0802abac                asEntryDesc0x8000
 .rodata.aName0x8000
                0x0802ac00       0x70 ./SSC/Src/coeappl.o
                0x0802ac00                aName0x8000
 .rodata.asEntryDesc0x9000
                0x0802ac70       0x38 ./SSC/Src/coeappl.o
                0x0802ac70                asEntryDesc0x9000
 .rodata.aName0x9000
                0x0802aca8       0x44 ./SSC/Src/coeappl.o
                0x0802aca8                aName0x9000
 .rodata.sEntryDesc0x9001
                0x0802acec        0x8 ./SSC/Src/coeappl.o
                0x0802acec                sEntryDesc0x9001
 .rodata.aName0x9001
                0x0802acf4       0x10 ./SSC/Src/coeappl.o
                0x0802acf4                aName0x9001
 .rodata.asEntryDesc0xF000
                0x0802ad04       0x14 ./SSC/Src/coeappl.o
                0x0802ad04                asEntryDesc0xF000
 .rodata.aName0xF000
                0x0802ad18       0x44 ./SSC/Src/coeappl.o
                0x0802ad18                aName0xF000
 .rodata.sEntryDesc0x1000
                0x0802ad5c        0x8 ./SSC/Src/coeappl.o
                0x0802ad5c                sEntryDesc0x1000
 .rodata.aName0x1000
                0x0802ad64        0xc ./SSC/Src/coeappl.o
                0x0802ad64                aName0x1000
 .rodata.sEntryDesc0x1001
                0x0802ad70        0x8 ./SSC/Src/coeappl.o
                0x0802ad70                sEntryDesc0x1001
 .rodata.aName0x1001
                0x0802ad78       0x10 ./SSC/Src/coeappl.o
                0x0802ad78                aName0x1001
 .rodata.sEntryDesc0x1008
                0x0802ad88        0x8 ./SSC/Src/coeappl.o
                0x0802ad88                sEntryDesc0x1008
 .rodata.aName0x1008
                0x0802ad90        0xc ./SSC/Src/coeappl.o
                0x0802ad90                aName0x1008
 .rodata.sEntryDesc0x1009
                0x0802ad9c        0x8 ./SSC/Src/coeappl.o
                0x0802ad9c                sEntryDesc0x1009
 .rodata.aName0x1009
                0x0802ada4       0x20 ./SSC/Src/coeappl.o
                0x0802ada4                aName0x1009
 .rodata.sEntryDesc0x100A
                0x0802adc4        0x8 ./SSC/Src/coeappl.o
                0x0802adc4                sEntryDesc0x100A
 .rodata.aName0x100A
                0x0802adcc       0x20 ./SSC/Src/coeappl.o
                0x0802adcc                aName0x100A
 .rodata.asEntryDesc0x1018
                0x0802adec       0x20 ./SSC/Src/coeappl.o
                0x0802adec                asEntryDesc0x1018
 .rodata.aName0x1018
                0x0802ae0c       0x48 ./SSC/Src/coeappl.o
                0x0802ae0c                aName0x1018
 .rodata.asEntryDesc0x10F1
                0x0802ae54       0x14 ./SSC/Src/coeappl.o
                0x0802ae54                asEntryDesc0x10F1
 .rodata.aName0x10F1
                0x0802ae68       0x40 ./SSC/Src/coeappl.o
                0x0802ae68                aName0x10F1
 .rodata.sEntryDesc0x10F8
                0x0802aea8        0x8 ./SSC/Src/coeappl.o
                0x0802aea8                sEntryDesc0x10F8
 .rodata.aName0x10F8
                0x0802aeb0       0x14 ./SSC/Src/coeappl.o
                0x0802aeb0                aName0x10F8
 .rodata.asEntryDesc0x1C00
                0x0802aec4        0xc ./SSC/Src/coeappl.o
                0x0802aec4                asEntryDesc0x1C00
 .rodata.aName0x1C00
                0x0802aed0       0x14 ./SSC/Src/coeappl.o
                0x0802aed0                aName0x1C00
 .rodata.asEntryDesc0x1C3x
                0x0802aee4       0xc8 ./SSC/Src/coeappl.o
                0x0802aee4                asEntryDesc0x1C3x
 .rodata.aName0x1C32
                0x0802afac      0x108 ./SSC/Src/coeappl.o
                0x0802afac                aName0x1C32
 .rodata.aName0x1C33
                0x0802b0b4      0x108 ./SSC/Src/coeappl.o
                0x0802b0b4                aName0x1C33
 .rodata.cBitMask
                0x0802b1bc       0x20 ./SSC/Src/objdef.o
                0x0802b1bc                cBitMask
 .rodata.cAbortCode
                0x0802b1dc       0x78 ./SSC/Src/sdoserv.o
                0x0802b1dc                cAbortCode
 .rodata.SPI_MASTER_0_MOSI
                0x0802b254        0x8 ./Dave/Generated/SPI_MASTER/spi_master_conf.o
                0x0802b254                SPI_MASTER_0_MOSI
 .rodata.SPI_MASTER_0_MISO
                0x0802b25c        0x8 ./Dave/Generated/SPI_MASTER/spi_master_conf.o
                0x0802b25c                SPI_MASTER_0_MISO
 .rodata.SPI_MASTER_0_SCLKOUT
                0x0802b264        0x8 ./Dave/Generated/SPI_MASTER/spi_master_conf.o
                0x0802b264                SPI_MASTER_0_SCLKOUT
 .rodata.SPI_MASTER_0_SCLKOUT_Config
                0x0802b26c       0x14 ./Dave/Generated/SPI_MASTER/spi_master_conf.o
                0x0802b26c                SPI_MASTER_0_SCLKOUT_Config
 .rodata.SPI_MASTER_0_Config
                0x0802b280       0x8c ./Dave/Generated/SPI_MASTER/spi_master_conf.o
                0x0802b280                SPI_MASTER_0_Config
 .rodata.INT_SYNC_1
                0x0802b30c        0x4 ./Dave/Generated/INTERRUPT/interrupt_conf.o
                0x0802b30c                INT_SYNC_1
 .rodata.INT_SYNC_0
                0x0802b310        0x4 ./Dave/Generated/INTERRUPT/interrupt_conf.o
                0x0802b310                INT_SYNC_0
 .rodata.INTERRUPT_0
                0x0802b314        0x4 ./Dave/Generated/INTERRUPT/interrupt_conf.o
                0x0802b314                INTERRUPT_0
 .rodata.e_eeprom_xmc4_fce
                0x0802b318        0xc ./Dave/Generated/E_EEPROM_XMC4/e_eeprom_xmc4.o
 .rodata.EG_SYNC_0_OGU_Config
                0x0802b324        0x4 ./Dave/Generated/EVENT_GENERATOR/event_generator_conf.o
                0x0802b324                EG_SYNC_0_OGU_Config
 .rodata.EG_SYNC_1_OGU_Config
                0x0802b328        0x4 ./Dave/Generated/EVENT_GENERATOR/event_generator_conf.o
                0x0802b328                EG_SYNC_1_OGU_Config
 .rodata.ED_SYNC_1_ETL_Config
                0x0802b32c        0x8 ./Dave/Generated/EVENT_DETECTOR/event_detector_conf.o
                0x0802b32c                ED_SYNC_1_ETL_Config
 .rodata.ED_SYNC_0_ETL_Config
                0x0802b334        0x8 ./Dave/Generated/EVENT_DETECTOR/event_detector_conf.o
                0x0802b334                ED_SYNC_0_ETL_Config
 .rodata.ECAT_SSC_0
                0x0802b33c        0xc ./Dave/Generated/ECAT_SSC/ecat_ssc_conf.o
                0x0802b33c                ECAT_SSC_0
 .rodata.LED    0x0802b348       0x14 ./Dave/Generated/DIGITAL_IO/digital_io_conf.o
                0x0802b348                LED
 .rodata.SLEEPN5
                0x0802b35c       0x14 ./Dave/Generated/DIGITAL_IO/digital_io_conf.o
                0x0802b35c                SLEEPN5
 .rodata.CS_5   0x0802b370       0x14 ./Dave/Generated/DIGITAL_IO/digital_io_conf.o
                0x0802b370                CS_5
 .rodata        0x0802b384       0x14 ./Dave/Generated/CLOCK_XMC4/clock_xmc4_conf.o
 .rodata.str1.1
                0x0802b398        0x2 d:/infineon/tools/dave ide/4.5.0.202105191637/eclipse/arm-gcc-49/bin/../lib/gcc/arm-none-eabi/4.9.3/../../../../arm-none-eabi/lib/armv7e-m/softfp\libg_nano.a(lib_a-impure.o)
 *(.gnu.linkonce.r*)
 *(vtable)
                0x0802b39c                . = ALIGN (0x4)
 *fill*         0x0802b39a        0x2 

.glue_7         0x0802b39c        0x0 load address 0x0c02b39c
 .glue_7        0x00000000        0x0 linker stubs

.glue_7t        0x0802b39c        0x0 load address 0x0c02b39c
 .glue_7t       0x00000000        0x0 linker stubs

.vfp11_veneer   0x0802b39c        0x0 load address 0x0c02b39c
 .vfp11_veneer  0x00000000        0x0 linker stubs

.v4_bx          0x0802b39c        0x0 load address 0x0c02b39c
 .v4_bx         0x00000000        0x0 linker stubs

.iplt           0x0802b39c        0x0 load address 0x0c02b39c
 .iplt          0x00000000        0x0 ./Startup/startup_XMC4300.o

.rel.dyn        0x0802b39c        0x0 load address 0x0c02b39c
 .rel.iplt      0x00000000        0x0 ./Startup/startup_XMC4300.o

.eh_frame_hdr
 *(.eh_frame_hdr)

.eh_frame
 *(.eh_frame)

.ARM.extab
 *(.ARM.extab* .gnu.linkonce.armextab.*)
                0x0802b39c                . = ALIGN (0x4)
                0x0802b39c                __exidx_start = .

.ARM.exidx
 *(.ARM.exidx* .gnu.linkonce.armexidx.*)
                0x0802b39c                __exidx_end = .
                0x0802b39c                . = ALIGN (0x4)

Stack           0x1fff0000      0x800
                0x1fff0000                __stack_start = .
                0x1fff0800                . = (. + stack_size)
 *fill*         0x1fff0000      0x800 
                0x1fff0800                __stack_end = .
                0x1fff0800                __initial_sp = .

.ram_code       0x1fff0800        0x0 load address 0x0c02b39c
                0x1fff0800                . = ALIGN (0x4)
                0x1fff0800                __ram_code_start = .
 *(.ram_code)
                0x1fff0800                . = ALIGN (0x4)
                0x1fff0800                __ram_code_end = .
                0x0c02b39c                __ram_code_load = LOADADDR (.ram_code)
                0x00000000                __ram_code_size = (__ram_code_end - __ram_code_start)

.data           0x1fff0800     0x109c load address 0x0c02b39c
                0x1fff0800                . = ALIGN (0x4)
                0x1fff0800                __data_start = .
 *(.data)
 *(.data*)
 .data.ApplicationObjDic
                0x1fff0800      0x1b8 ./SSC/Src/coeappl.o
                0x1fff0800                ApplicationObjDic
 .data.u32Devicetype
                0x1fff09b8        0x4 ./SSC/Src/coeappl.o
                0x1fff09b8                u32Devicetype
 .data.acDevicename
                0x1fff09bc        0xc ./SSC/Src/coeappl.o
                0x1fff09bc                acDevicename
 .data.acHardwareversion
                0x1fff09c8        0x8 ./SSC/Src/coeappl.o
                0x1fff09c8                acHardwareversion
 .data.acSoftwareversion
                0x1fff09d0        0x8 ./SSC/Src/coeappl.o
                0x1fff09d0                acSoftwareversion
 .data.sIdentity
                0x1fff09d8       0x14 ./SSC/Src/coeappl.o
                0x1fff09d8                sIdentity
 .data.sSyncmanagertype
                0x1fff09ec        0x8 ./SSC/Src/coeappl.o
                0x1fff09ec                sSyncmanagertype
 .data.GenObjDic
                0x1fff09f4      0x1e0 ./SSC/Src/coeappl.o
                0x1fff09f4                GenObjDic
 .data.aEepromData
                0x1fff0bd4      0x800 ./SSC/Src/ecatappl.o
                0x1fff0bd4                aEepromData
 .data.sErrorSettings
                0x1fff13d4        0xc ./SSC/Src/objdef.o
                0x1fff13d4                sErrorSettings
 .data.aSubindexDesc
                0x1fff13e0       0x10 ./SSC/Src/objdef.o
                0x1fff13e0                aSubindexDesc
 .data.RxpdoProcessDataMapping0x1600
                0x1fff13f0       0x34 ./SSC/Src/ryhand.o
                0x1fff13f0                RxpdoProcessDataMapping0x1600
 .data.TxpdoProcessDataMapping0x1A00
                0x1fff1424       0x34 ./SSC/Src/ryhand.o
                0x1fff1424                TxpdoProcessDataMapping0x1A00
 .data.sRxPDOassign
                0x1fff1458        0x4 ./SSC/Src/ryhand.o
                0x1fff1458                sRxPDOassign
 .data.sTxPDOassign
                0x1fff145c        0x4 ./SSC/Src/ryhand.o
                0x1fff145c                sTxPDOassign
 .data.Txpdo0x6000
                0x1fff1460       0xa0 ./SSC/Src/ryhand.o
                0x1fff1460                Txpdo0x6000
 .data.Rxpdo0x7000
                0x1fff1500       0xa0 ./SSC/Src/ryhand.o
                0x1fff1500                Rxpdo0x7000
 .data.DevInfo0x8000
                0x1fff15a0       0xa0 ./SSC/Src/ryhand.o
                0x1fff15a0                DevInfo0x8000
 .data.SimulateCANFD0x9000
                0x1fff1640       0x90 ./SSC/Src/ryhand.o
                0x1fff1640                SimulateCANFD0x9000
 .data.ModularDeviceProfile0xF000
                0x1fff16d0        0x8 ./SSC/Src/ryhand.o
                0x1fff16d0                ModularDeviceProfile0xF000
 .data.TIMER_1_config
                0x1fff16d8        0x8 ./Dave/Generated/TIMER/timer_conf.o
                0x1fff16d8                TIMER_1_config
 .data.TIMER_1  0x1fff16e0       0x28 ./Dave/Generated/TIMER/timer_conf.o
                0x1fff16e0                TIMER_1
 .data.SPI_MASTER_0_MOSI_Config
                0x1fff1708       0x14 ./Dave/Generated/SPI_MASTER/spi_master_conf.o
                0x1fff1708                SPI_MASTER_0_MOSI_Config
 .data.SPI_MASTER_0_MISO_Config
                0x1fff171c       0x14 ./Dave/Generated/SPI_MASTER/spi_master_conf.o
                0x1fff171c                SPI_MASTER_0_MISO_Config
 .data.SPI_MASTER_0_Channel_Config
                0x1fff1730        0xc ./Dave/Generated/SPI_MASTER/spi_master_conf.o
                0x1fff1730                SPI_MASTER_0_Channel_Config
 .data.SPI_MASTER_0_dma_ch_tx_config
                0x1fff173c       0x24 ./Dave/Generated/SPI_MASTER/spi_master_conf.o
                0x1fff173c                SPI_MASTER_0_dma_ch_tx_config
 .data.SPI_MASTER_0_dma_ch_rx_config
                0x1fff1760       0x24 ./Dave/Generated/SPI_MASTER/spi_master_conf.o
                0x1fff1760                SPI_MASTER_0_dma_ch_rx_config
 .data.SPI_MASTER_0_runtime
                0x1fff1784       0x24 ./Dave/Generated/SPI_MASTER/spi_master_conf.o
                0x1fff1784                SPI_MASTER_0_runtime
 .data.SPI_MASTER_0
                0x1fff17a8       0x20 ./Dave/Generated/SPI_MASTER/spi_master_conf.o
                0x1fff17a8                SPI_MASTER_0
 .data.GLOBAL_DMA_0_CONFIG
                0x1fff17c8        0x4 ./Dave/Generated/GLOBAL_DMA/global_dma_conf.o
                0x1fff17c8                GLOBAL_DMA_0_CONFIG
 .data.GLOBAL_DMA_0
                0x1fff17cc        0xc ./Dave/Generated/GLOBAL_DMA/global_dma_conf.o
                0x1fff17cc                GLOBAL_DMA_0
 .data.GLOBAL_CCU4_0
                0x1fff17d8       0x10 ./Dave/Generated/GLOBAL_CCU4/global_ccu4_conf.o
                0x1fff17d8                GLOBAL_CCU4_0
 .data.e_eeprom_xmc4_sector_info
                0x1fff17e8       0x10 ./Dave/Generated/E_EEPROM_XMC4/e_eeprom_xmc4.o
 .data.EG_SYNC_0
                0x1fff17f8       0x10 ./Dave/Generated/EVENT_GENERATOR/event_generator_conf.o
                0x1fff17f8                EG_SYNC_0
 .data.EG_SYNC_1
                0x1fff1808       0x10 ./Dave/Generated/EVENT_GENERATOR/event_generator_conf.o
                0x1fff1808                EG_SYNC_1
 .data.ED_SYNC_1
                0x1fff1818       0x10 ./Dave/Generated/EVENT_DETECTOR/event_detector_conf.o
                0x1fff1818                ED_SYNC_1
 .data.ED_SYNC_0
                0x1fff1828       0x10 ./Dave/Generated/EVENT_DETECTOR/event_detector_conf.o
                0x1fff1828                ED_SYNC_0
 .data.impure_data
                0x1fff1838       0x60 d:/infineon/tools/dave ide/4.5.0.202105191637/eclipse/arm-gcc-49/bin/../lib/gcc/arm-none-eabi/4.9.3/../../../../arm-none-eabi/lib/armv7e-m/softfp\libg_nano.a(lib_a-impure.o)
 .data._impure_ptr
                0x1fff1898        0x4 d:/infineon/tools/dave ide/4.5.0.202105191637/eclipse/arm-gcc-49/bin/../lib/gcc/arm-none-eabi/4.9.3/../../../../arm-none-eabi/lib/armv7e-m/softfp\libg_nano.a(lib_a-impure.o)
                0x1fff1898                _impure_ptr
 *(*.data)
 *(.gnu.linkonce.d*)
                0x1fff189c                . = ALIGN (0x4)
                0x1fff189c                PROVIDE (__preinit_array_start, .)
 *(.preinit_array)
                0x1fff189c                PROVIDE (__preinit_array_end, .)
                0x1fff189c                . = ALIGN (0x4)
                0x1fff189c                PROVIDE (__init_array_start, .)
 *(SORT(.init_array.*))
 *(.init_array)
                0x1fff189c                PROVIDE (__init_array_end, .)
                0x1fff189c                . = ALIGN (0x4)
                0x1fff189c                PROVIDE (__fini_array_start, .)
 *(SORT(.fini_array.*))
 *(.fini_array)
                0x1fff189c                PROVIDE (__fini_array_end, .)
                0x1fff189c                . = ALIGN (0x4)
                0x1fff189c                __data_end = .
                0x0c02b39c                __data_load = LOADADDR (.data)
                0x0000109c                __data_size = (__data_end - __data_start)
                0x0000c438                __text_size = (((__exidx_end - sText) + __data_size) + __ram_code_size)
                0x0802c438                eText = (sText + __text_size)

.igot.plt       0x1fff189c        0x0 load address 0x0c02c438
 .igot.plt      0x00000000        0x0 ./Startup/startup_XMC4300.o

.bss            0x1fff18a0     0x13a4 load address 0x0c02c438
                0x1fff18a0                . = ALIGN (0x4)
                0x1fff18a0                __bss_start = .
 *(.bss)
 *(.bss*)
 .bss.u64Timestamp
                0x1fff18a0        0x8 ./SSC/Src/coeappl.o
                0x1fff18a0                u64Timestamp
 .bss.u16ErrorRegister
                0x1fff18a8        0x2 ./SSC/Src/coeappl.o
                0x1fff18a8                u16ErrorRegister
 *fill*         0x1fff18aa        0x2 
 .bss.ObjDicList
                0x1fff18ac        0x4 ./SSC/Src/coeappl.o
                0x1fff18ac                ObjDicList
 .bss.bInitFinished
                0x1fff18b0        0x1 ./SSC/Src/ecatappl.o
                0x1fff18b0                bInitFinished
 .bss.SMActivate
                0x1fff18b1        0x1 ./SSC/Src/ecatslv.o
                0x1fff18b1                SMActivate
 .bss.EepromLoaded
                0x1fff18b2        0x1 ./SSC/Src/ecatslv.o
                0x1fff18b2                EepromLoaded
 *fill*         0x1fff18b3        0x1 
 .bss.ParamAction0x9001
                0x1fff18b4        0x2 ./SSC/Src/ryhand.o
                0x1fff18b4                ParamAction0x9001
 .bss.bSdoInWork
                0x1fff18b6        0x1 ./SSC/Src/sdoserv.o
                0x1fff18b6                bSdoInWork
 *fill*         0x1fff18b7        0x1 
 .bss.dma0_event_handlers
                0x1fff18b8       0x20 ./Libraries/XMCLib/src/xmc_dma.o
 .bss.heap_ptr.4331
                0x1fff18d8        0x4 ./Libraries/Newlib/syscalls.o
 .bss.e_eeprom_xmc4_data_buffer
                0x1fff18dc     0x1000 ./Dave/Generated/E_EEPROM_XMC4/e_eeprom_xmc4.o
 .bss.E_EEPROM_XMC4_0
                0x1fff28dc        0x4 ./Dave/Generated/E_EEPROM_XMC4/e_eeprom_xmc4_conf.o
                0x1fff28dc                E_EEPROM_XMC4_0
 .bss.ticks     0x1fff28e0        0x4 ./Dave/Generated/ECAT_SSC/xmc_eschw.o
 .bss.CLOCK_XMC4_0
                0x1fff28e4        0x4 ./Dave/Generated/CLOCK_XMC4/clock_xmc4_conf.o
                0x1fff28e4                CLOCK_XMC4_0
 .bss.__malloc_sbrk_start
                0x1fff28e8        0x4 d:/infineon/tools/dave ide/4.5.0.202105191637/eclipse/arm-gcc-49/bin/../lib/gcc/arm-none-eabi/4.9.3/../../../../arm-none-eabi/lib/armv7e-m/softfp\libg_nano.a(lib_a-nano-mallocr.o)
                0x1fff28e8                __malloc_sbrk_start
 .bss.__malloc_free_list
                0x1fff28ec        0x4 d:/infineon/tools/dave ide/4.5.0.202105191637/eclipse/arm-gcc-49/bin/../lib/gcc/arm-none-eabi/4.9.3/../../../../arm-none-eabi/lib/armv7e-m/softfp\libg_nano.a(lib_a-nano-mallocr.o)
                0x1fff28ec                __malloc_free_list
 *(COMMON)
 COMMON         0x1fff28f0        0x8 ./SSC/Src/coeappl.o
                0x1fff28f0                u32LastDc32Value
                0x1fff28f4                u32CheckForDcOverrunCnt
 COMMON         0x1fff28f8      0x182 ./SSC/Src/ecatappl.o
                0x1fff28f8                pAPPL_EEPROM_Store
                0x1fff28fc                pAPPL_CoeReadInd
                0x1fff2900                bMinCycleTimeMeasurementStarted
                0x1fff2904                u32CycleTimeStartValue
                0x1fff2908                pAPPL_EEPROM_Read
                0x1fff290c                pAPPL_EEPROM_Write
                0x1fff2910                bRunApplication
                0x1fff2914                u32SystemTimeReadFailure
                0x1fff2918                bEcatWaitForInputUpdate
                0x1fff291c                u32MinCycleTimeValue
                0x1fff2920                aPdOutputData
                0x1fff29bc                u16EepromStoreTimeoutCounter
                0x1fff29be                EepromReadSize
                0x1fff29c0                pAPPL_CoeWriteInd
                0x1fff29c4                pAPPL_MainLoop
                0x1fff29c8                bEtherCATErrorLed
                0x1fff29cc                u32MinCycleTimeStartValue
                0x1fff29d0                aPdInputData
                0x1fff2a6c                pEEPROM
                0x1fff2a70                bEtherCATRunLed
                0x1fff2a74                pAPPL_EEPROM_Reload
                0x1fff2a78                u16EepromStoreTimeoutValue
 *fill*         0x1fff2a7a        0x2 
 COMMON         0x1fff2a7c        0x4 ./SSC/Src/ecatcoe.o
                0x1fff2a7c                pCoeSendStored
 COMMON         0x1fff2a80       0x4c ./SSC/Src/ecatslv.o
                0x1fff2a80                b3BufferMode
                0x1fff2a82                nEcatStateTrans
                0x1fff2a84                bApplEsmPending
                0x1fff2a85                nAlStatus
                0x1fff2a86                nPdOutputSize
                0x1fff2a88                u16LocalErrorCode
                0x1fff2a8a                u8LocalErrorState
                0x1fff2a8c                Sync0WdCounter
                0x1fff2a8e                LatchInputSync0Counter
                0x1fff2a90                i16WaitForPllRunningCnt
                0x1fff2a92                nEscAddrOutputData
                0x1fff2a94                Sync0WdValue
                0x1fff2a96                u8EcatRunLed
                0x1fff2a98                i16WaitForPllRunningTimeout
                0x1fff2a9a                Sync1WdValue
                0x1fff2a9c                u8dummy
                0x1fff2a9e                u16ALEventMask
                0x1fff2aa0                bDcRunning
                0x1fff2aa4                SyncManInfo
                0x1fff2aac                b32BitDc
                0x1fff2aae                LatchInputSync0Value
                0x1fff2ab0                bEcatWaitForAlControlRes
                0x1fff2ab2                nPdInputSize
                0x1fff2ab4                u16SmSync0Value
                0x1fff2ab6                nMaxEscAddress
                0x1fff2ab8                bEcatFirstOutputsReceived
                0x1fff2ab9                bSmSyncSequenceValid
                0x1fff2aba                EsmTimeoutCounter
                0x1fff2abc                bDcSyncActive
                0x1fff2abd                bEcatOutputUpdateRunning
                0x1fff2abe                Sync1WdCounter
                0x1fff2ac0                EcatWdValue
                0x1fff2ac2                bEcatInputUpdateRunning
                0x1fff2ac3                bEscIntEnabled
                0x1fff2ac4                bWdTrigger
                0x1fff2ac6                u16SmSync0Counter
                0x1fff2ac8                nMaxSyncMan
                0x1fff2ac9                u8EcatErrorLed
                0x1fff2aca                nEscAddrInputData
 COMMON         0x1fff2acc       0x94 ./SSC/Src/mailbox.o
                0x1fff2acc                u8MbxReadCounter
                0x1fff2ad0                sMbxSendQueue
                0x1fff2b04                sMbxReceiveQueue
                0x1fff2b38                bNoMbxMemoryAvailable
                0x1fff2b39                bSendMbxIsFull
                0x1fff2b3a                bMbxRunning
                0x1fff2b3c                u16EscAddrReceiveMbx
                0x1fff2b40                psStoreMbx
                0x1fff2b44                u16SendMbxSize
                0x1fff2b48                psReadMbx
                0x1fff2b4c                bReceiveMbxIsLocked
                0x1fff2b4e                u16EscAddrSendMbx
                0x1fff2b50                psWriteMbx
                0x1fff2b54                u8MbxWriteCounter
                0x1fff2b55                u8MailboxSendReqStored
                0x1fff2b56                u16ReceiveMbxSize
                0x1fff2b58                bMbxRepeatToggle
                0x1fff2b5c                psRepeatMbx
 COMMON         0x1fff2b60       0x8e ./SSC/Src/objdef.o
                0x1fff2b60                sSyncManInPar
                0x1fff2ba4                sSyncManOutPar
                0x1fff2be8                bSyncSetByUser
                0x1fff2bec                sCycleDiag
 *fill*         0x1fff2bee        0x2 
 COMMON         0x1fff2bf0       0x4d ./SSC/Src/sdoserv.o
                0x1fff2bf0                nSdoInfoIndex
                0x1fff2bf4                pStoreData
                0x1fff2bf8                nSdoSegBytesToHandle
                0x1fff2bfc                bSdoSegAccess
                0x1fff2bfd                bSdoSegFollows
                0x1fff2c00                nSdoSegCompleteSize
                0x1fff2c04                pSdoPendFunc
                0x1fff2c08                u8PendingSdo
                0x1fff2c09                bStoreCompleteAccess
                0x1fff2c0a                bSdoSegLastToggle
                0x1fff2c0b                nSdoSegService
                0x1fff2c0c                pSdoInfoObjEntry
                0x1fff2c10                nSdoInfoFragmentsLeft
                0x1fff2c14                pSdoResStored
                0x1fff2c18                u32StoreDataSize
                0x1fff2c1c                pSdoSegData
                0x1fff2c20                nSdoSegIndex
                0x1fff2c24                aSdoInfoHeader
                0x1fff2c34                pSdoSegObjEntry
                0x1fff2c38                nSdoSegSubindex
                0x1fff2c3a                u16StoreIndex
                0x1fff2c3c                u8StoreSubindex
 *fill*         0x1fff2c3d        0x3 
 COMMON         0x1fff2c40        0x4 d:/infineon/tools/dave ide/4.5.0.202105191637/eclipse/arm-gcc-49/bin/../lib/gcc/arm-none-eabi/4.9.3/../../../../arm-none-eabi/lib/armv7e-m/softfp\libg_nano.a(lib_a-reent.o)
                0x1fff2c40                errno
 *(.gnu.linkonce.b*)
                0x1fff2c44                . = ALIGN (0x4)
                0x1fff2c44                __bss_end = .
                0x000013a4                __bss_size = (__bss_end - __bss_start)
                0x0000d3bc                __shift_loc = (__bss_end >= ORIGIN (DSRAM_1_system))?0x0:(ORIGIN (DSRAM_1_system) - __bss_end)

USB_RAM         0x20000000        0x0
                0x20000000                . = ALIGN (0x4)
                0x20000000                USB_RAM_start = .
 *(USB_RAM)
                0x20000000                . = ALIGN (0x4)
                0x20000000                USB_RAM_end = .
                0x00000000                USB_RAM_size = (USB_RAM_end - USB_RAM_start)

ETH_RAM         0x20000000        0x0
                0x20000000                . = ALIGN (0x4)
                0x20000000                ETH_RAM_start = .
 *(ETH_RAM)
                0x20000000                . = ALIGN (0x4)
                0x20000000                ETH_RAM_end = .
                0x20000000                . = ALIGN (0x8)
                0x20000000                Heap_Bank1_Start = .
                0x00000000                ETH_RAM_size = (ETH_RAM_end - ETH_RAM_start)

.no_init        0x2000ffc0       0x14
                0x2000ffc0                Heap_Bank1_End = .
 *(.no_init)
 .no_init       0x2000ffc0       0x14 ./Startup/system_XMC4300.o
                0x2000ffc0                SystemCoreClock
                0x2000ffc4                g_chipid
                0x0000ffc0                Heap_Bank1_Size = (Heap_Bank1_End - Heap_Bank1_Start)
                0x00000001                ASSERT ((Heap_Bank1_Start <= Heap_Bank1_End), region SRAM_combined overflowed no_init section)

/DISCARD/
 *(.comment)

.stab
 *(.stab)

.stabstr
 *(.stabstr)

.debug
 *(.debug)

.line
 *(.line)

.debug_srcinfo
 *(.debug_srcinfo)

.debug_sfnames
 *(.debug_sfnames)

.debug_aranges  0x00000000     0x16a0
 *(.debug_aranges)
 .debug_aranges
                0x00000000       0x20 ./Startup/startup_XMC4300.o
 .debug_aranges
                0x00000020       0x48 ./Startup/system_XMC4300.o
 .debug_aranges
                0x00000068       0x78 ./SSC/Src/coeappl.o
 .debug_aranges
                0x000000e0       0xb0 ./SSC/Src/ecatappl.o
 .debug_aranges
                0x00000190       0x30 ./SSC/Src/ecatcoe.o
 .debug_aranges
                0x000001c0       0xd0 ./SSC/Src/ecatslv.o
 .debug_aranges
                0x00000290       0xa0 ./SSC/Src/mailbox.o
 .debug_aranges
                0x00000330       0x78 ./SSC/Src/objdef.o
 .debug_aranges
                0x000003a8       0x78 ./SSC/Src/ryhand.o
 .debug_aranges
                0x00000420       0x50 ./SSC/Src/sdoserv.o
 .debug_aranges
                0x00000470       0x28 ./Libraries/XMCLib/src/xmc4_eru.o
 .debug_aranges
                0x00000498       0xe8 ./Libraries/XMCLib/src/xmc4_flash.o
 .debug_aranges
                0x00000580       0x28 ./Libraries/XMCLib/src/xmc4_gpio.o
 .debug_aranges
                0x000005a8      0x3e8 ./Libraries/XMCLib/src/xmc4_scu.o
 .debug_aranges
                0x00000990      0x138 ./Libraries/XMCLib/src/xmc_ccu4.o
 .debug_aranges
                0x00000ac8      0x158 ./Libraries/XMCLib/src/xmc_dma.o
 .debug_aranges
                0x00000c20       0x78 ./Libraries/XMCLib/src/xmc_ecat.o
 .debug_aranges
                0x00000c98       0x88 ./Libraries/XMCLib/src/xmc_eru.o
 .debug_aranges
                0x00000d20       0x70 ./Libraries/XMCLib/src/xmc_fce.o
 .debug_aranges
                0x00000d90       0x28 ./Libraries/XMCLib/src/xmc_gpio.o
 .debug_aranges
                0x00000db8       0x88 ./Libraries/XMCLib/src/xmc_spi.o
 .debug_aranges
                0x00000e40       0xb8 ./Libraries/XMCLib/src/xmc_usic.o
 .debug_aranges
                0x00000ef8       0x28 ./Libraries/Newlib/syscalls.o
 .debug_aranges
                0x00000f20       0xd8 ./Dave/Generated/TIMER/timer.o
 .debug_aranges
                0x00000ff8       0x18 ./Dave/Generated/TIMER/timer_conf.o
 .debug_aranges
                0x00001010      0x118 ./Dave/Generated/SPI_MASTER/spi_master.o
 .debug_aranges
                0x00001128       0xa8 ./Dave/Generated/SPI_MASTER/spi_master_conf.o
 .debug_aranges
                0x000011d0       0x50 ./Dave/Generated/INTERRUPT/interrupt.o
 .debug_aranges
                0x00001220       0x18 ./Dave/Generated/INTERRUPT/interrupt_conf.o
 .debug_aranges
                0x00001238       0x48 ./Dave/Generated/GLOBAL_DMA/global_dma.o
 .debug_aranges
                0x00001280       0x20 ./Dave/Generated/GLOBAL_DMA/global_dma_conf.o
 .debug_aranges
                0x000012a0       0x30 ./Dave/Generated/GLOBAL_CCU4/global_ccu4.o
 .debug_aranges
                0x000012d0       0x18 ./Dave/Generated/GLOBAL_CCU4/global_ccu4_conf.o
 .debug_aranges
                0x000012e8       0xa0 ./Dave/Generated/E_EEPROM_XMC4/e_eeprom_xmc4.o
 .debug_aranges
                0x00001388       0x18 ./Dave/Generated/E_EEPROM_XMC4/e_eeprom_xmc4_conf.o
 .debug_aranges
                0x000013a0       0x28 ./Dave/Generated/EVENT_GENERATOR/event_generator.o
 .debug_aranges
                0x000013c8       0x18 ./Dave/Generated/EVENT_GENERATOR/event_generator_conf.o
 .debug_aranges
                0x000013e0       0x28 ./Dave/Generated/EVENT_DETECTOR/event_detector.o
 .debug_aranges
                0x00001408       0x18 ./Dave/Generated/EVENT_DETECTOR/event_detector_conf.o
 .debug_aranges
                0x00001420       0x38 ./Dave/Generated/ECAT_SSC/ecat_ssc.o
 .debug_aranges
                0x00001458       0x18 ./Dave/Generated/ECAT_SSC/ecat_ssc_conf.o
 .debug_aranges
                0x00001470       0xc0 ./Dave/Generated/ECAT_SSC/xmc_eschw.o
 .debug_aranges
                0x00001530       0x28 ./Dave/Generated/DIGITAL_IO/digital_io.o
 .debug_aranges
                0x00001558       0x18 ./Dave/Generated/DIGITAL_IO/digital_io_conf.o
 .debug_aranges
                0x00001570       0x28 ./Dave/Generated/CPU_CTRL_XMC4/cpu_ctrl_xmc4_conf.o
 .debug_aranges
                0x00001598       0x38 ./Dave/Generated/CLOCK_XMC4/clock_xmc4.o
 .debug_aranges
                0x000015d0       0x28 ./Dave/Generated/CLOCK_XMC4/clock_xmc4_conf.o
 .debug_aranges
                0x000015f8       0x20 ./Dave/Generated/DAVE.o
 .debug_aranges
                0x00001618       0x88 ./main.o

.debug_pubnames
 *(.debug_pubnames)

.debug_pubtypes
 *(.debug_pubtypes)

.debug_info     0x00000000    0x28961
 *(.debug_info .gnu.linkonce.wi.*)
 .debug_info    0x00000000       0x94 ./Startup/startup_XMC4300.o
 .debug_info    0x00000094      0x9e8 ./Startup/system_XMC4300.o
 .debug_info    0x00000a7c     0x1fe6 ./SSC/Src/coeappl.o
 .debug_info    0x00002a62     0x15fc ./SSC/Src/ecatappl.o
 .debug_info    0x0000405e      0x5d5 ./SSC/Src/ecatcoe.o
 .debug_info    0x00004633     0x1857 ./SSC/Src/ecatslv.o
 .debug_info    0x00005e8a     0x1449 ./SSC/Src/mailbox.o
 .debug_info    0x000072d3      0xe33 ./SSC/Src/objdef.o
 .debug_info    0x00008106      0xc14 ./SSC/Src/ryhand.o
 .debug_info    0x00008d1a      0xf38 ./SSC/Src/sdoserv.o
 .debug_info    0x00009c52      0x5da ./Libraries/XMCLib/src/xmc4_eru.o
 .debug_info    0x0000a22c      0xa27 ./Libraries/XMCLib/src/xmc4_flash.o
 .debug_info    0x0000ac53      0x4dd ./Libraries/XMCLib/src/xmc4_gpio.o
 .debug_info    0x0000b130     0x2366 ./Libraries/XMCLib/src/xmc4_scu.o
 .debug_info    0x0000d496     0x1713 ./Libraries/XMCLib/src/xmc_ccu4.o
 .debug_info    0x0000eba9     0x1729 ./Libraries/XMCLib/src/xmc_dma.o
 .debug_info    0x000102d2     0x10fb ./Libraries/XMCLib/src/xmc_ecat.o
 .debug_info    0x000113cd      0xb70 ./Libraries/XMCLib/src/xmc_eru.o
 .debug_info    0x00011f3d      0x957 ./Libraries/XMCLib/src/xmc_fce.o
 .debug_info    0x00012894      0x458 ./Libraries/XMCLib/src/xmc_gpio.o
 .debug_info    0x00012cec      0xb61 ./Libraries/XMCLib/src/xmc_spi.o
 .debug_info    0x0001384d      0xf1c ./Libraries/XMCLib/src/xmc_usic.o
 .debug_info    0x00014769      0x11f ./Libraries/Newlib/syscalls.o
 .debug_info    0x00014888      0xe2c ./Dave/Generated/TIMER/timer.o
 .debug_info    0x000156b4      0x8d5 ./Dave/Generated/TIMER/timer_conf.o
 .debug_info    0x00015f89     0x252a ./Dave/Generated/SPI_MASTER/spi_master.o
 .debug_info    0x000184b3     0x214e ./Dave/Generated/SPI_MASTER/spi_master_conf.o
 .debug_info    0x0001a601      0x8d7 ./Dave/Generated/INTERRUPT/interrupt.o
 .debug_info    0x0001aed8      0x406 ./Dave/Generated/INTERRUPT/interrupt_conf.o
 .debug_info    0x0001b2de      0xc64 ./Dave/Generated/GLOBAL_DMA/global_dma.o
 .debug_info    0x0001bf42      0x7d5 ./Dave/Generated/GLOBAL_DMA/global_dma_conf.o
 .debug_info    0x0001c717      0x427 ./Dave/Generated/GLOBAL_CCU4/global_ccu4.o
 .debug_info    0x0001cb3e      0x327 ./Dave/Generated/GLOBAL_CCU4/global_ccu4_conf.o
 .debug_info    0x0001ce65      0xb13 ./Dave/Generated/E_EEPROM_XMC4/e_eeprom_xmc4.o
 .debug_info    0x0001d978      0x1a9 ./Dave/Generated/E_EEPROM_XMC4/e_eeprom_xmc4_conf.o
 .debug_info    0x0001db21      0x5fd ./Dave/Generated/EVENT_GENERATOR/event_generator.o
 .debug_info    0x0001e11e      0x594 ./Dave/Generated/EVENT_GENERATOR/event_generator_conf.o
 .debug_info    0x0001e6b2      0x657 ./Dave/Generated/EVENT_DETECTOR/event_detector.o
 .debug_info    0x0001ed09      0x6d5 ./Dave/Generated/EVENT_DETECTOR/event_detector_conf.o