Archive member included because of file (symbol)

d:/infineon/tools/dave ide/4.5.0.202105191637/eclipse/arm-gcc-49/bin/../lib/gcc/arm-none-eabi/4.9.3/armv7e-m/softfp\libgcc.a(_aeabi_uldivmod.o)
                              ./Dave/Generated/TIMER/timer.o (__aeabi_uldivmod)
d:/infineon/tools/dave ide/4.5.0.202105191637/eclipse/arm-gcc-49/bin/../lib/gcc/arm-none-eabi/4.9.3/armv7e-m/softfp\libgcc.a(bpabi.o)
                              d:/infineon/tools/dave ide/4.5.0.202105191637/eclipse/arm-gcc-49/bin/../lib/gcc/arm-none-eabi/4.9.3/armv7e-m/softfp\libgcc.a(_aeabi_uldivmod.o) (__gnu_uldivmod_helper)
d:/infineon/tools/dave ide/4.5.0.202105191637/eclipse/arm-gcc-49/bin/../lib/gcc/arm-none-eabi/4.9.3/armv7e-m/softfp\libgcc.a(_dvmd_tls.o)
                              d:/infineon/tools/dave ide/4.5.0.202105191637/eclipse/arm-gcc-49/bin/../lib/gcc/arm-none-eabi/4.9.3/armv7e-m/softfp\libgcc.a(_aeabi_uldivmod.o) (__aeabi_ldiv0)
d:/infineon/tools/dave ide/4.5.0.202105191637/eclipse/arm-gcc-49/bin/../lib/gcc/arm-none-eabi/4.9.3/armv7e-m/softfp\libgcc.a(_divdi3.o)
                              d:/infineon/tools/dave ide/4.5.0.202105191637/eclipse/arm-gcc-49/bin/../lib/gcc/arm-none-eabi/4.9.3/armv7e-m/softfp\libgcc.a(bpabi.o) (__divdi3)
d:/infineon/tools/dave ide/4.5.0.202105191637/eclipse/arm-gcc-49/bin/../lib/gcc/arm-none-eabi/4.9.3/armv7e-m/softfp\libgcc.a(_udivdi3.o)
                              d:/infineon/tools/dave ide/4.5.0.202105191637/eclipse/arm-gcc-49/bin/../lib/gcc/arm-none-eabi/4.9.3/armv7e-m/softfp\libgcc.a(bpabi.o) (__udivdi3)
d:/infineon/tools/dave ide/4.5.0.202105191637/eclipse/arm-gcc-49/bin/../lib/gcc/arm-none-eabi/4.9.3/../../../../arm-none-eabi/lib/armv7e-m/softfp\libg_nano.a(lib_a-errno.o)
                              ./Libraries/Newlib/syscalls.o (__errno)
d:/infineon/tools/dave ide/4.5.0.202105191637/eclipse/arm-gcc-49/bin/../lib/gcc/arm-none-eabi/4.9.3/../../../../arm-none-eabi/lib/armv7e-m/softfp\libg_nano.a(lib_a-impure.o)
                              d:/infineon/tools/dave ide/4.5.0.202105191637/eclipse/arm-gcc-49/bin/../lib/gcc/arm-none-eabi/4.9.3/../../../../arm-none-eabi/lib/armv7e-m/softfp\libg_nano.a(lib_a-errno.o) (_impure_ptr)
d:/infineon/tools/dave ide/4.5.0.202105191637/eclipse/arm-gcc-49/bin/../lib/gcc/arm-none-eabi/4.9.3/../../../../arm-none-eabi/lib/armv7e-m/softfp\libg_nano.a(lib_a-init.o)
                              ./Startup/startup_XMC4300.o (__libc_init_array)
d:/infineon/tools/dave ide/4.5.0.202105191637/eclipse/arm-gcc-49/bin/../lib/gcc/arm-none-eabi/4.9.3/../../../../arm-none-eabi/lib/armv7e-m/softfp\libg_nano.a(lib_a-malloc.o)
                              ./SSC/Src/ecatcoe.o (malloc)
d:/infineon/tools/dave ide/4.5.0.202105191637/eclipse/arm-gcc-49/bin/../lib/gcc/arm-none-eabi/4.9.3/../../../../arm-none-eabi/lib/armv7e-m/softfp\libg_nano.a(lib_a-memcmp.o)
                              ./Dave/Generated/E_EEPROM_XMC4/e_eeprom_xmc4.o (memcmp)
d:/infineon/tools/dave ide/4.5.0.202105191637/eclipse/arm-gcc-49/bin/../lib/gcc/arm-none-eabi/4.9.3/../../../../arm-none-eabi/lib/armv7e-m/softfp\libg_nano.a(lib_a-memcpy.o)
                              ./SSC/Src/coeappl.o (memcpy)
d:/infineon/tools/dave ide/4.5.0.202105191637/eclipse/arm-gcc-49/bin/../lib/gcc/arm-none-eabi/4.9.3/../../../../arm-none-eabi/lib/armv7e-m/softfp\libg_nano.a(lib_a-memset.o)
                              ./SSC/Src/mailbox.o (memset)
d:/infineon/tools/dave ide/4.5.0.202105191637/eclipse/arm-gcc-49/bin/../lib/gcc/arm-none-eabi/4.9.3/../../../../arm-none-eabi/lib/armv7e-m/softfp\libg_nano.a(lib_a-nano-freer.o)
                              d:/infineon/tools/dave ide/4.5.0.202105191637/eclipse/arm-gcc-49/bin/../lib/gcc/arm-none-eabi/4.9.3/../../../../arm-none-eabi/lib/armv7e-m/softfp\libg_nano.a(lib_a-malloc.o) (_free_r)
d:/infineon/tools/dave ide/4.5.0.202105191637/eclipse/arm-gcc-49/bin/../lib/gcc/arm-none-eabi/4.9.3/../../../../arm-none-eabi/lib/armv7e-m/softfp\libg_nano.a(lib_a-nano-mallocr.o)
                              d:/infineon/tools/dave ide/4.5.0.202105191637/eclipse/arm-gcc-49/bin/../lib/gcc/arm-none-eabi/4.9.3/../../../../arm-none-eabi/lib/armv7e-m/softfp\libg_nano.a(lib_a-malloc.o) (_malloc_r)
d:/infineon/tools/dave ide/4.5.0.202105191637/eclipse/arm-gcc-49/bin/../lib/gcc/arm-none-eabi/4.9.3/../../../../arm-none-eabi/lib/armv7e-m/softfp\libg_nano.a(lib_a-sbrkr.o)
                              d:/infineon/tools/dave ide/4.5.0.202105191637/eclipse/arm-gcc-49/bin/../lib/gcc/arm-none-eabi/4.9.3/../../../../arm-none-eabi/lib/armv7e-m/softfp\libg_nano.a(lib_a-nano-mallocr.o) (_sbrk_r)
d:/infineon/tools/dave ide/4.5.0.202105191637/eclipse/arm-gcc-49/bin/../lib/gcc/arm-none-eabi/4.9.3/../../../../arm-none-eabi/lib/armv7e-m/softfp\libg_nano.a(lib_a-strlen.o)
                              ./SSC/Src/objdef.o (strlen)
d:/infineon/tools/dave ide/4.5.0.202105191637/eclipse/arm-gcc-49/bin/../lib/gcc/arm-none-eabi/4.9.3/../../../../arm-none-eabi/lib/armv7e-m/softfp\libg_nano.a(lib_a-reent.o)
[...]
Memory Configuration

Name             Origin             Length             Attributes
FLASH_0_cached   0x08000000         0x00010000         xr
FLASH_0_uncached 0x0c000000         0x00010000         xr
FLASH_1_cached   0x08020000         0x00020000         xr
FLASH_1_uncached 0x0c020000         0x00020000         xr
PSRAM_1          0x1fff0000         0x00010000         !xr
DSRAM_1_system   0x20000000         0x00010000         !xr
SRAM_combined    0x1fff0000         0x00020000         !xr
*default*        0x00000000         0xffffffff

Linker script and memory map

LOAD ./Startup/startup_XMC4300.o
LOAD ./Startup/system_XMC4300.o
LOAD ./SSC/Src/coeappl.o
LOAD ./SSC/Src/ecatappl.o
LOAD ./SSC/Src/ecatcoe.o
LOAD ./SSC/Src/ecatslv.o
LOAD ./SSC/Src/mailbox.o
LOAD ./SSC/Src/objdef.o
LOAD ./SSC/Src/ryhand.o
LOAD ./SSC/Src/sdoserv.o
LOAD ./Libraries/XMCLib/src/xmc4_eru.o
LOAD ./Libraries/XMCLib/src/xmc4_flash.o
LOAD ./Libraries/XMCLib/src/xmc4_gpio.o
LOAD ./Libraries/XMCLib/src/xmc4_rtc.o
LOAD ./Libraries/XMCLib/src/xmc4_scu.o
LOAD ./Libraries/XMCLib/src/xmc_can.o
LOAD ./Libraries/XMCLib/src/xmc_ccu4.o
LOAD ./Libraries/XMCLib/src/xmc_ccu8.o
LOAD ./Libraries/XMCLib/src/xmc_common.o
LOAD ./Libraries/XMCLib/src/xmc_dac.o
LOAD ./Libraries/XMCLib/src/xmc_dma.o
LOAD ./Libraries/XMCLib/src/xmc_dsd.o
LOAD ./Libraries/XMCLib/src/xmc_ebu.o
LOAD ./Libraries/XMCLib/src/xmc_ecat.o
LOAD ./Libraries/XMCLib/src/xmc_eru.o
LOAD ./Libraries/XMCLib/src/xmc_eth_mac.o
LOAD ./Libraries/XMCLib/src/xmc_eth_phy_dp83848.o
LOAD ./Libraries/XMCLib/src/xmc_eth_phy_ksz8031rnl.o
LOAD ./Libraries/XMCLib/src/xmc_eth_phy_ksz8081rnb.o
LOAD ./Libraries/XMCLib/src/xmc_fce.o
LOAD ./Libraries/XMCLib/src/xmc_gpio.o
LOAD ./Libraries/XMCLib/src/xmc_hrpwm.o
LOAD ./Libraries/XMCLib/src/xmc_i2c.o
LOAD ./Libraries/XMCLib/src/xmc_i2s.o
LOAD ./Libraries/XMCLib/src/xmc_ledts.o
LOAD ./Libraries/XMCLib/src/xmc_posif.o
LOAD ./Libraries/XMCLib/src/xmc_rtc.o
LOAD ./Libraries/XMCLib/src/xmc_sdmmc.o
LOAD ./Libraries/XMCLib/src/xmc_spi.o
LOAD ./Libraries/XMCLib/src/xmc_uart.o
LOAD ./Libraries/XMCLib/src/xmc_usbd.o
LOAD ./Libraries/XMCLib/src/xmc_usbh.o
LOAD ./Libraries/XMCLib/src/xmc_usic.o
LOAD ./Libraries/XMCLib/src/xmc_vadc.o
LOAD ./Libraries/XMCLib/src/xmc_wdt.o
LOAD ./Libraries/Newlib/syscalls.o
LOAD ./Dave/Generated/TIMER/timer.o
LOAD ./Dave/Generated/TIMER/timer_conf.o
LOAD ./Dave/Generated/SPI_MASTER/spi_master.o
LOAD ./Dave/Generated/SPI_MASTER/spi_master_conf.o
LOAD ./Dave/Generated/INTERRUPT/interrupt.o
LOAD ./Dave/Generated/INTERRUPT/interrupt_conf.o
LOAD ./Dave/Generated/GLOBAL_DMA/global_dma.o
LOAD ./Dave/Generated/GLOBAL_DMA/global_dma_conf.o
LOAD ./Dave/Generated/GLOBAL_CCU4/global_ccu4.o
LOAD ./Dave/Generated/GLOBAL_CCU4/global_ccu4_conf.o
LOAD ./Dave/Generated/E_EEPROM_XMC4/e_eeprom_xmc4.o
LOAD ./Dave/Generated/E_EEPROM_XMC4/e_eeprom_xmc4_conf.o
LOAD ./Dave/Generated/ECAT_SSC/ecat_ssc.o
LOAD ./Dave/Generated/ECAT_SSC/ecat_ssc_conf.o
LOAD ./Dave/Generated/ECAT_SSC/xmc_eschw.o
LOAD ./Dave/Generated/DIGITAL_IO/digital_io.o
LOAD ./Dave/Generated/DIGITAL_IO/digital_io_conf.o
LOAD ./Dave/Generated/CPU_CTRL_XMC4/cpu_ctrl_xmc4.o
LOAD ./Dave/Generated/CPU_CTRL_XMC4/cpu_ctrl_xmc4_conf.o
LOAD ./Dave/Generated/CLOCK_XMC4/clock_xmc4.o
LOAD ./Dave/Generated/CLOCK_XMC4/clock_xmc4_conf.o
LOAD ./Dave/Generated/DAVE.o
LOAD ./main.o
LOAD d:/infineon/tools/dave ide/4.5.0.202105191637/eclipse/arm-gcc-49/bin/../lib/gcc/arm-none-eabi/4.9.3/../../../../arm-none-eabi/lib/armv7e-m/softfp\libm.a
START GROUP
LOAD d:/infineon/tools/dave ide/4.5.0.202105191637/eclipse/arm-gcc-49/bin/../lib/gcc/arm-none-eabi/4.9.3/armv7e-m/softfp\libgcc.a
LOAD d:/infineon/tools/dave ide/4.5.0.202105191637/eclipse/arm-gcc-49/bin/../lib/gcc/arm-none-eabi/4.9.3/../../../../arm-none-eabi/lib/armv7e-m/softfp\libg_nano.a
LOAD d:/infineon/tools/dave ide/4.5.0.202105191637/eclipse/arm-gcc-49/bin/../lib/gcc/arm-none-eabi/4.9.3/../../../../arm-none-eabi/lib/armv7e-m/softfp\libc_nano.a
END GROUP
START GROUP
LOAD d:/infineon/tools/dave ide/4.5.0.202105191637/eclipse/arm-gcc-49/bin/../lib/gcc/arm-none-eabi/4.9.3/armv7e-m/softfp\libgcc.a
LOAD d:/infineon/tools/dave ide/4.5.0.202105191637/eclipse/arm-gcc-49/bin/../lib/gcc/arm-none-eabi/4.9.3/../../../../arm-none-eabi/lib/armv7e-m/softfp\libc_nano.a
LOAD d:/infineon/tools/dave ide/4.5.0.202105191637/eclipse/arm-gcc-49/bin/../lib/gcc/arm-none-eabi/4.9.3/../../../../arm-none-eabi/lib/armv7e-m/softfp\libnosys.a
END GROUP
START GROUP
LOAD d:/infineon/tools/dave ide/4.5.0.202105191637/eclipse/arm-gcc-49/bin/../lib/gcc/arm-none-eabi/4.9.3/armv7e-m/softfp\libgcc.a
LOAD d:/infineon/tools/dave ide/4.5.0.202105191637/eclipse/arm-gcc-49/bin/../lib/gcc/arm-none-eabi/4.9.3/../../../../arm-none-eabi/lib/armv7e-m/softfp\libc_nano.a
LOAD d:/infineon/tools/dave ide/4.5.0.202105191637/eclipse/arm-gcc-49/bin/../lib/gcc/arm-none-eabi/4.9.3/../../../../arm-none-eabi/lib/armv7e-m/softfp\libnosys.a
END GROUP
                0x00000800                stack_size = DEFINED (stack_size)?stack_size:0x800
                0x00000040                no_init_size = 0x40

.reset          0x08000000      0x300 load address 0x0c000000
 *(.reset)
 .reset         0x08000000      0x29c ./Startup/startup_XMC4300.o
                0x08000000                __Vectors
                0x08000200                Reset_Handler
                0x08000298                DebugMon_Handler
                0x08000298                VADC0_C0_0_IRQHandler
                0x08000298                CAN0_4_IRQHandler
                0x08000298                USIC0_5_IRQHandler
                0x08000298                HardFault_Handler
                0x08000298                VADC0_G1_1_IRQHandler
                0x08000298                SysTick_Handler
                0x08000298                PendSV_Handler
                0x08000298                NMI_Handler
                0x08000298                USIC1_3_IRQHandler
                0x08000298                CCU40_2_IRQHandler
                0x08000298                SCU_0_IRQHandler
                0x08000298                ERU0_0_IRQHandler
                0x08000298                CCU41_0_IRQHandler
                0x08000298                USIC1_5_IRQHandler
                0x08000298                CCU80_1_IRQHandler
                0x08000298                UsageFault_Handler
                0x08000298                USIC0_0_IRQHandler
                0x08000298                ERU0_2_IRQHandler
                0x08000298                ERU1_1_IRQHandler
                0x08000298                ERU0_3_IRQHandler
                0x08000298                VADC0_C0_3_IRQHandler
                0x08000298                CAN0_6_IRQHandler
                0x08000298                VADC0_G0_1_IRQHandler
                0x08000298                USIC1_1_IRQHandler
                0x08000298                CCU40_0_IRQHandler
                0x08000298                CAN0_0_IRQHandler
                0x08000298                ERU1_0_IRQHandler
                0x08000298                Default_Handler
                0x08000298                USIC1_4_IRQHandler
                0x08000298                ERU1_3_IRQHandler
                0x08000298                USIC1_0_IRQHandler
                0x08000298                VADC0_G0_0_IRQHandler
                0x08000298                CCU80_3_IRQHandler
                0x08000298                CCU41_3_IRQHandler
                0x08000298                CCU80_2_IRQHandler
                0x08000298                VADC0_G1_3_IRQHandler
                0x08000298                VADC0_G0_3_IRQHandler
                0x08000298                PMU0_0_IRQHandler
                0x08000298                CAN0_7_IRQHandler
                0x08000298                CCU41_2_IRQHandler
                0x08000298                VADC0_C0_1_IRQHandler
                0x08000298                MemManage_Handler
                0x08000298                DAC0_0_IRQHandler
                0x08000298                SVC_Handler
                0x08000298                ERU1_2_IRQHandler
                0x08000298                VADC0_G1_2_IRQHandler
                0x08000298                CAN0_2_IRQHandler
                0x08000298                VADC0_G0_2_IRQHandler
                0x08000298                CAN0_3_IRQHandler
                0x08000298                ETH0_0_IRQHandler
                0x08000298                USIC0_3_IRQHandler
                0x08000298                VADC0_C0_2_IRQHandler
                0x08000298                FCE0_0_IRQHandler
                0x08000298                VADC0_G1_0_IRQHandler
                0x08000298                USB0_0_IRQHandler
                0x08000298                CAN0_5_IRQHandler
                0x08000298                CCU80_0_IRQHandler
                0x08000298                CCU40_1_IRQHandler
                0x08000298                USIC0_1_IRQHandler
                0x08000298                CCU40_3_IRQHandler
                0x08000298                BusFault_Handler
                0x08000298                LEDTS0_0_IRQHandler
                0x08000298                USIC0_4_IRQHandler
                0x08000298                ERU0_1_IRQHandler
                0x08000298                USIC1_2_IRQHandler
                0x08000298                SDMMC0_0_IRQHandler
                0x08000298                CAN0_1_IRQHandler
                0x08000298                USIC0_2_IRQHandler
                0x08000298                DAC0_1_IRQHandler
                0x08000300                . = ALIGN (0x100)
 *fill*         0x0800029c       0x64 ff

.text           0x08020000     0x5c70 load address 0x0c020000
                0x08020000                sText = .
 *(.text .text.* .gnu.linkonce.t.*)
 .text.SystemInit
                0x08020000       0x20 ./Startup/system_XMC4300.o
                0x08020000                SystemInit
 .text.SystemCoreClockUpdate
                0x08020020       0xd4 ./Startup/system_XMC4300.o
                0x08020020                SystemCoreClockUpdate
 .text.HW_EscRead
                0x080200f4       0x2c ./SSC/Src/coeappl.o
 .text.Read0x10F8
                0x08020120       0x5c ./SSC/Src/coeappl.o
                0x08020120                Read0x10F8
 .text.COE_SyncTimeStamp
                0x0802017c       0x9c ./SSC/Src/coeappl.o
                0x0802017c                COE_SyncTimeStamp
 .text.COE_UpdateSyncErrorStatus
                0x08020218       0x64 ./SSC/Src/coeappl.o
                0x08020218                COE_UpdateSyncErrorStatus
 .text.COE_ObjInit
                0x0802027c      0x158 ./SSC/Src/coeappl.o
                0x0802027c                COE_ObjInit
 .text.COE_AddObjectToDic
                0x080203d4       0xe8 ./SSC/Src/coeappl.o
                0x080203d4                COE_AddObjectToDic
 .text.COE_RemoveDicEntry
                0x080204bc       0x80 ./SSC/Src/coeappl.o
                0x080204bc                COE_RemoveDicEntry
 .text.COE_ClearObjDictionary
                0x0802053c       0x3c ./SSC/Src/coeappl.o
                0x0802053c                COE_ClearObjDictionary
 .text.AddObjectsToObjDictionary
                0x08020578       0x44 ./SSC/Src/coeappl.o
                0x08020578                AddObjectsToObjDictionary
 .text.COE_ObjDictionaryInit
                0x080205bc       0x44 ./SSC/Src/coeappl.o
                0x080205bc                COE_ObjDictionaryInit
 .text.XMC_ECAT_GetALEventRegister
                0x08020600       0x1c ./SSC/Src/ecatappl.o
 .text.HW_EscRead
                0x0802061c       0x2c ./SSC/Src/ecatappl.o
 .text.HW_EscReadIsr
                0x08020648       0x24 ./SSC/Src/ecatappl.o
 .text.HW_EscWrite
                0x0802066c       0x2c ./SSC/Src/ecatappl.o
 .text.HW_EscWriteIsr
                0x08020698       0x24 ./SSC/Src/ecatappl.o
 .text.HW_GetALEventRegister
                0x080206bc       0x10 ./SSC/Src/ecatappl.o
 .text.HW_GetALEventRegister_Isr
                0x080206cc       0x10 ./SSC/Src/ecatappl.o
 .text.PDO_InputMapping
                0x080206dc       0x94 ./SSC/Src/ecatappl.o
                0x080206dc                PDO_InputMapping
 .text.PDO_OutputMapping
                0x08020770       0xb0 ./SSC/Src/ecatappl.o
                0x08020770                PDO_OutputMapping
 .text.ECAT_CheckTimer
                0x08020820       0xf8 ./SSC/Src/ecatappl.o
                0x08020820                ECAT_CheckTimer
 .text.HandleCycleTimeMeasurement
                0x08020918       0x80 ./SSC/Src/ecatappl.o
                0x08020918                HandleCycleTimeMeasurement
 .text.GetSystemTimeDelay
                0x08020998       0x70 ./SSC/Src/ecatappl.o
                0x08020998                GetSystemTimeDelay
 .text.PDI_Isr  0x08020a08      0x198 ./SSC/Src/ecatappl.o
                0x08020a08                PDI_Isr
 .text.Sync0_Isr
                0x08020ba0      0x170 ./SSC/Src/ecatappl.o
                0x08020ba0                Sync0_Isr
 .text.Sync1_Isr
                0x08020d10       0x50 ./SSC/Src/ecatappl.o
                0x08020d10                Sync1_Isr
 .text.MainInit
                0x08020d60      0x134 ./SSC/Src/ecatappl.o
                0x08020d60                MainInit
 .text.ECAT_Application
                0x08020e94       0x3c ./SSC/Src/ecatappl.o
                0x08020e94                ECAT_Application
 .text.COE_Init
                0x08020ed0       0x20 ./SSC/Src/ecatcoe.o
                0x08020ed0                COE_Init
 .text.ResetALEventMask
                0x08020ef0       0x30 ./SSC/Src/ecatslv.o
                0x08020ef0                ResetALEventMask
 .text.UpdateEEPROMLoadedState
                0x08020f20       0x44 ./SSC/Src/ecatslv.o
                0x08020f20                UpdateEEPROMLoadedState
 .text.DisableSyncManChannel
                0x08020f64       0x54 ./SSC/Src/ecatslv.o
                0x08020f64                DisableSyncManChannel
 .text.SetALStatus
                0x08020fb8       0xc8 ./SSC/Src/ecatslv.o
                0x08020fb8                SetALStatus
 .text.DC_CheckWatchdog
                0x08021080      0x128 ./SSC/Src/ecatslv.o
                0x08021080                DC_CheckWatchdog
 .text.ECAT_Init
                0x080211a8      0x150 ./SSC/Src/ecatslv.o
                0x080211a8                ECAT_Init
 .text.MBX_Init
                0x080212f8       0xf4 ./SSC/Src/mailbox.o
                0x080212f8                MBX_Init
 .text.APPL_InputMapping
                0x080213ec       0x14 ./SSC/Src/ryhand.o
                0x080213ec                APPL_InputMapping
 .text.APPL_OutputMapping
                0x08021400       0x14 ./SSC/Src/ryhand.o
                0x08021400                APPL_OutputMapping
 .text.APPL_Application
                0x08021414        0xc ./SSC/Src/ryhand.o
                0x08021414                APPL_Application
 .text.WriteSimulateCANFD
                0x08021420       0x20 ./SSC/Src/ryhand.o
                0x08021420                WriteSimulateCANFD
 .text.XMC_FLASH_lEnterPageModeCommand
                0x08021440       0x20 ./Libraries/XMCLib/src/xmc4_flash.o
                0x08021440                XMC_FLASH_lEnterPageModeCommand
 .text.XMC_FLASH_lLoadPageCommand
                0x08021460       0x30 ./Libraries/XMCLib/src/xmc4_flash.o
                0x08021460                XMC_FLASH_lLoadPageCommand
 .text.XMC_FLASH_lWritePageCommand
                0x08021490       0x44 ./Libraries/XMCLib/src/xmc4_flash.o
                0x08021490                XMC_FLASH_lWritePageCommand
 .text.XMC_FLASH_lEraseSectorCommand
                0x080214d4       0x58 ./Libraries/XMCLib/src/xmc4_flash.o
                0x080214d4                XMC_FLASH_lEraseSectorCommand
 .text.XMC_FLASH_lClearStatusCommand
                0x0802152c       0x20 ./Libraries/XMCLib/src/xmc4_flash.o
                0x0802152c                XMC_FLASH_lClearStatusCommand
 .text.XMC_FLASH_ClearStatus
                0x0802154c        0xc ./Libraries/XMCLib/src/xmc4_flash.o
                0x0802154c                XMC_FLASH_ClearStatus
 .text.XMC_FLASH_GetStatus
                0x08021558       0x1c ./Libraries/XMCLib/src/xmc4_flash.o
                0x08021558                XMC_FLASH_GetStatus
 .text.XMC_FLASH_ProgramPage
                0x08021574       0x68 ./Libraries/XMCLib/src/xmc4_flash.o
                0x08021574                XMC_FLASH_ProgramPage
 .text.XMC_FLASH_EraseSector
                0x080215dc       0x30 ./Libraries/XMCLib/src/xmc4_flash.o
                0x080215dc                XMC_FLASH_EraseSector
 .text.XMC_GPIO_Init
                0x0802160c      0x14c ./Libraries/XMCLib/src/xmc4_gpio.o
                0x0802160c                XMC_GPIO_Init
 .text.XMC_SCU_CLOCK_GetCpuClockFrequency
                0x08021758       0x18 ./Libraries/XMCLib/src/xmc4_scu.o
 .text.XMC_SCU_GetMirrorStatus
                0x08021770       0x18 ./Libraries/XMCLib/src/xmc4_scu.o
 .text.XMC_SCU_lDelay
                0x08021788       0x44 ./Libraries/XMCLib/src/xmc4_scu.o
 .text.XMC_SCU_INTERUPT_GetEventStatus
                0x080217cc       0x18 ./Libraries/XMCLib/src/xmc4_scu.o
                0x080217cc                XMC_SCU_INTERUPT_GetEventStatus
 .text.XMC_SCU_INTERRUPT_ClearEventStatus
                0x080217e4       0x1c ./Libraries/XMCLib/src/xmc4_scu.o
                0x080217e4                XMC_SCU_INTERRUPT_ClearEventStatus
 .text.XMC_SCU_CLOCK_Init
                0x08021800       0xf8 ./Libraries/XMCLib/src/xmc4_scu.o
                0x08021800                XMC_SCU_CLOCK_Init
 .text.XMC_SCU_RESET_DeassertPeripheralReset
                0x080218f8       0x38 ./Libraries/XMCLib/src/xmc4_scu.o
                0x080218f8                XMC_SCU_RESET_DeassertPeripheralReset
 .text.XMC_SCU_RESET_IsPeripheralResetAsserted
                0x08021930       0x48 ./Libraries/XMCLib/src/xmc4_scu.o
                0x08021930                XMC_SCU_RESET_IsPeripheralResetAsserted
 .text.XMC_SCU_CLOCK_GetPeripheralClockFrequency
                0x08021978       0x20 ./Libraries/XMCLib/src/xmc4_scu.o
                0x08021978                XMC_SCU_CLOCK_GetPeripheralClockFrequency
 .text.XMC_SCU_CLOCK_SetSystemClockSource
                0x08021998       0x28 ./Libraries/XMCLib/src/xmc4_scu.o
                0x08021998                XMC_SCU_CLOCK_SetSystemClockSource
 .text.XMC_SCU_CLOCK_SetUsbClockSource
                0x080219c0       0x28 ./Libraries/XMCLib/src/xmc4_scu.o
                0x080219c0                XMC_SCU_CLOCK_SetUsbClockSource
 .text.XMC_SCU_CLOCK_SetWdtClockSource
                0x080219e8       0x28 ./Libraries/XMCLib/src/xmc4_scu.o
                0x080219e8                XMC_SCU_CLOCK_SetWdtClockSource
 .text.XMC_SCU_CLOCK_SetSystemPllClockSource
                0x08021a10       0x40 ./Libraries/XMCLib/src/xmc4_scu.o
                0x08021a10                XMC_SCU_CLOCK_SetSystemPllClockSource
 .text.XMC_SCU_HIB_SetRtcClockSource
                0x08021a50       0x3c ./Libraries/XMCLib/src/xmc4_scu.o
                0x08021a50                XMC_SCU_HIB_SetRtcClockSource
 .text.XMC_SCU_HIB_SetStandbyClockSource
                0x08021a8c       0x3c ./Libraries/XMCLib/src/xmc4_scu.o
                0x08021a8c                XMC_SCU_HIB_SetStandbyClockSource
 .text.XMC_SCU_CLOCK_SetSystemClockDivider
                0x08021ac8       0x28 ./Libraries/XMCLib/src/xmc4_scu.o
                0x08021ac8                XMC_SCU_CLOCK_SetSystemClockDivider
 .text.XMC_SCU_CLOCK_SetCcuClockDivider
                0x08021af0       0x28 ./Libraries/XMCLib/src/xmc4_scu.o
                0x08021af0                XMC_SCU_CLOCK_SetCcuClockDivider
 .text.XMC_SCU_CLOCK_SetCpuClockDivider
                0x08021b18       0x28 ./Libraries/XMCLib/src/xmc4_scu.o
                0x08021b18                XMC_SCU_CLOCK_SetCpuClockDivider
 .text.XMC_SCU_CLOCK_SetPeripheralClockDivider
                0x08021b40       0x28 ./Libraries/XMCLib/src/xmc4_scu.o
                0x08021b40                XMC_SCU_CLOCK_SetPeripheralClockDivider
 .text.XMC_SCU_CLOCK_SetUsbClockDivider
                0x08021b68       0x28 ./Libraries/XMCLib/src/xmc4_scu.o
                0x08021b68                XMC_SCU_CLOCK_SetUsbClockDivider
 .text.XMC_SCU_CLOCK_SetWdtClockDivider
                0x08021b90       0x28 ./Libraries/XMCLib/src/xmc4_scu.o
                0x08021b90                XMC_SCU_CLOCK_SetWdtClockDivider
 .text.XMC_SCU_CLOCK_SetECATClockDivider
                0x08021bb8       0x28 ./Libraries/XMCLib/src/xmc4_scu.o
                0x08021bb8                XMC_SCU_CLOCK_SetECATClockDivider
 .text.XMC_SCU_CLOCK_EnableClock
                0x08021be0       0x20 ./Libraries/XMCLib/src/xmc4_scu.o
                0x08021be0                XMC_SCU_CLOCK_EnableClock
 .text.XMC_SCU_CLOCK_UngatePeripheralClock
                0x08021c00       0x38 ./Libraries/XMCLib/src/xmc4_scu.o
                0x08021c00                XMC_SCU_CLOCK_UngatePeripheralClock
 .text.XMC_SCU_CLOCK_IsPeripheralClockGated
                0x08021c38       0x48 ./Libraries/XMCLib/src/xmc4_scu.o
                0x08021c38                XMC_SCU_CLOCK_IsPeripheralClockGated
 .text.XMC_SCU_CLOCK_EnableUsbPll
                0x08021c80       0x20 ./Libraries/XMCLib/src/xmc4_scu.o
                0x08021c80                XMC_SCU_CLOCK_EnableUsbPll
 .text.XMC_SCU_CLOCK_StartUsbPll
                0x08021ca0       0xb4 ./Libraries/XMCLib/src/xmc4_scu.o
                0x08021ca0                XMC_SCU_CLOCK_StartUsbPll
 .text.XMC_SCU_CLOCK_SetBackupClockCalibrationMode
                0x08021d54       0x4c ./Libraries/XMCLib/src/xmc4_scu.o
                0x08021d54                XMC_SCU_CLOCK_SetBackupClockCalibrationMode
 .text.XMC_SCU_HIB_EnableHibernateDomain
                0x08021da0       0x58 ./Libraries/XMCLib/src/xmc4_scu.o
                0x08021da0                XMC_SCU_HIB_EnableHibernateDomain
 .text.XMC_SCU_CLOCK_IsLowPowerOscillatorStable
                0x08021df8       0x24 ./Libraries/XMCLib/src/xmc4_scu.o
                0x08021df8                XMC_SCU_CLOCK_IsLowPowerOscillatorStable
 .text.XMC_SCU_CLOCK_EnableLowPowerOscillator
                0x08021e1c       0x70 ./Libraries/XMCLib/src/xmc4_scu.o
                0x08021e1c                XMC_SCU_CLOCK_EnableLowPowerOscillator
 .text.XMC_SCU_CLOCK_EnableHighPerformanceOscillator
                0x08021e8c       0x50 ./Libraries/XMCLib/src/xmc4_scu.o
                0x08021e8c                XMC_SCU_CLOCK_EnableHighPerformanceOscillator
 .text.XMC_SCU_CLOCK_IsHighPerformanceOscillatorStable
                0x08021edc       0x28 ./Libraries/XMCLib/src/xmc4_scu.o
                0x08021edc                XMC_SCU_CLOCK_IsHighPerformanceOscillatorStable
 .text.XMC_SCU_CLOCK_EnableSystemPll
                0x08021f04       0x20 ./Libraries/XMCLib/src/xmc4_scu.o
                0x08021f04                XMC_SCU_CLOCK_EnableSystemPll
 .text.XMC_SCU_CLOCK_DisableSystemPll
                0x08021f24       0x20 ./Libraries/XMCLib/src/xmc4_scu.o
                0x08021f24                XMC_SCU_CLOCK_DisableSystemPll
 .text.XMC_SCU_CLOCK_StartSystemPll
                0x08021f44      0x19c ./Libraries/XMCLib/src/xmc4_scu.o
                0x08021f44                XMC_SCU_CLOCK_StartSystemPll
 .text.XMC_SCU_CLOCK_StepSystemPllFrequency
                0x080220e0       0x3c ./Libraries/XMCLib/src/xmc4_scu.o
                0x080220e0                XMC_SCU_CLOCK_StepSystemPllFrequency
 .text.XMC_CCU4_StartPrescaler
                0x0802211c       0x1c ./Libraries/XMCLib/src/xmc_ccu4.o
 .text.XMC_CCU4_lDeassertReset
                0x08022138       0x34 ./Libraries/XMCLib/src/xmc_ccu4.o
 .text.XMC_CCU4_lUngateClock
                0x0802216c       0x34 ./Libraries/XMCLib/src/xmc_ccu4.o
 .text.XMC_CCU4_EnableModule
                0x080221a0       0x20 ./Libraries/XMCLib/src/xmc_ccu4.o
                0x080221a0                XMC_CCU4_EnableModule
 .text.XMC_CCU4_Init
                0x080221c0       0x3c ./Libraries/XMCLib/src/xmc_ccu4.o
                0x080221c0                XMC_CCU4_Init
 .text.XMC_CCU4_SLICE_CompareInit
                0x080221fc       0x6c ./Libraries/XMCLib/src/xmc_ccu4.o
                0x080221fc                XMC_CCU4_SLICE_CompareInit
 .text.XMC_CCU4_SLICE_SetInterruptNode
                0x08022268       0xc8 ./Libraries/XMCLib/src/xmc_ccu4.o
                0x08022268                XMC_CCU4_SLICE_SetInterruptNode
 .text.XMC_DMA_GetEventStatus
                0x08022330       0x1c ./Libraries/XMCLib/src/xmc_dma.o
 .text.XMC_DMA_GetChannelsTransferCompleteStatus
                0x0802234c       0x1c ./Libraries/XMCLib/src/xmc_dma.o
 .text.XMC_DMA_GetChannelsBlockCompleteStatus
                0x08022368       0x1c ./Libraries/XMCLib/src/xmc_dma.o
 .text.XMC_DMA_GetChannelsSourceTransactionCompleteStatus
                0x08022384       0x1c ./Libraries/XMCLib/src/xmc_dma.o
 .text.XMC_DMA_GetChannelsDestinationTransactionCompleteStatus
                0x080223a0       0x1c ./Libraries/XMCLib/src/xmc_dma.o
 .text.XMC_DMA_GetChannelsErrorStatus
                0x080223bc       0x1c ./Libraries/XMCLib/src/xmc_dma.o
 .text.XMC_DMA_Init
                0x080223d8       0x14 ./Libraries/XMCLib/src/xmc_dma.o
                0x080223d8                XMC_DMA_Init
 .text.XMC_DMA_Enable
                0x080223ec       0x28 ./Libraries/XMCLib/src/xmc_dma.o
                0x080223ec                XMC_DMA_Enable
 .text.XMC_DMA_IsEnabled
                0x08022414       0x88 ./Libraries/XMCLib/src/xmc_dma.o
                0x08022414                XMC_DMA_IsEnabled
 .text.XMC_DMA_EnableRequestLine
                0x0802249c       0x54 ./Libraries/XMCLib/src/xmc_dma.o
                0x0802249c                XMC_DMA_EnableRequestLine
 .text.XMC_DMA_CH_IsEnabled
                0x080224f0       0x34 ./Libraries/XMCLib/src/xmc_dma.o
                0x080224f0                XMC_DMA_CH_IsEnabled
 .text.XMC_DMA_CH_Init
                0x08022524      0x3e0 ./Libraries/XMCLib/src/xmc_dma.o
                0x08022524                XMC_DMA_CH_Init
 .text.XMC_DMA_CH_EnableEvent
                0x08022904       0x50 ./Libraries/XMCLib/src/xmc_dma.o
                0x08022904                XMC_DMA_CH_EnableEvent
 .text.XMC_DMA_CH_ClearEventStatus
                0x08022954       0x4c ./Libraries/XMCLib/src/xmc_dma.o
                0x08022954                XMC_DMA_CH_ClearEventStatus
 .text.XMC_DMA_CH_SetEventHandler
                0x080229a0       0x28 ./Libraries/XMCLib/src/xmc_dma.o
                0x080229a0                XMC_DMA_CH_SetEventHandler
 .text.XMC_DMA_IRQHandler
                0x080229c8      0x20c ./Libraries/XMCLib/src/xmc_dma.o
                0x080229c8                XMC_DMA_IRQHandler
 .text.XMC_ECAT_Enable
                0x08022bd4       0x24 ./Libraries/XMCLib/src/xmc_ecat.o
                0x08022bd4                XMC_ECAT_Enable
 .text.XMC_ECAT_Init
                0x08022bf8       0x78 ./Libraries/XMCLib/src/xmc_ecat.o
                0x08022bf8                XMC_ECAT_Init
 .text.XMC_ECAT_DisableEvent
                0x08022c70       0x28 ./Libraries/XMCLib/src/xmc_ecat.o
                0x08022c70                XMC_ECAT_DisableEvent
 .text.XMC_ECAT_DisableSyncManChannel
                0x08022c98       0x38 ./Libraries/XMCLib/src/xmc_ecat.o
                0x08022c98                XMC_ECAT_DisableSyncManChannel
 .text.XMC_FCE_Init
                0x08022cd0       0x2c ./Libraries/XMCLib/src/xmc_fce.o
                0x08022cd0                XMC_FCE_Init
 .text.XMC_FCE_Enable
                0x08022cfc       0x28 ./Libraries/XMCLib/src/xmc_fce.o
                0x08022cfc                XMC_FCE_Enable
 .text.XMC_FCE_CalculateCRC32
                0x08022d24       0x60 ./Libraries/XMCLib/src/xmc_fce.o
                0x08022d24                XMC_FCE_CalculateCRC32
 .text.XMC_GPIO_SetHardwareControl
                0x08022d84       0x44 ./Libraries/XMCLib/src/xmc_gpio.o
                0x08022d84                XMC_GPIO_SetHardwareControl
 .text.XMC_SPI_CH_InitEx
                0x08022dc8       0x8c ./Libraries/XMCLib/src/xmc_spi.o
                0x08022dc8                XMC_SPI_CH_InitEx
 .text.XMC_SPI_CH_GetReceivedData
                0x08022e54       0x34 ./Libraries/XMCLib/src/xmc_spi.o
                0x08022e54                XMC_SPI_CH_GetReceivedData
 .text.XMC_SPI_CH_EnableEvent
                0x08022e88       0x34 ./Libraries/XMCLib/src/xmc_spi.o
                0x08022e88                XMC_SPI_CH_EnableEvent
 .text.XMC_SPI_CH_DisableEvent
                0x08022ebc       0x38 ./Libraries/XMCLib/src/xmc_spi.o
                0x08022ebc                XMC_SPI_CH_DisableEvent
 .text.XMC_USIC_CH_Enable
                0x08022ef4       0x74 ./Libraries/XMCLib/src/xmc_usic.o
                0x08022ef4                XMC_USIC_CH_Enable
 .text.XMC_USIC_CH_SetBaudrate
                0x08022f68       0xe4 ./Libraries/XMCLib/src/xmc_usic.o
                0x08022f68                XMC_USIC_CH_SetBaudrate
 .text.XMC_USIC_CH_SetBaudrateEx
                0x0802304c      0x100 ./Libraries/XMCLib/src/xmc_usic.o
                0x0802304c                XMC_USIC_CH_SetBaudrateEx
 .text.XMC_USIC_CH_SetInterruptNodePointer
                0x0802314c       0x38 ./Libraries/XMCLib/src/xmc_usic.o
                0x0802314c                XMC_USIC_CH_SetInterruptNodePointer
 .text.XMC_USIC_Enable
                0x08023184       0x84 ./Libraries/XMCLib/src/xmc_usic.o
                0x08023184                XMC_USIC_Enable
 .text._init    0x08023208        0xc ./Libraries/Newlib/syscalls.o
                0x08023208                _init
 .text.XMC_CCU4_EnableClock
                0x08023214       0x20 ./Dave/Generated/TIMER/timer.o
 .text.XMC_CCU4_SLICE_StartTimer
                0x08023234       0x18 ./Dave/Generated/TIMER/timer.o
 .text.XMC_CCU4_SLICE_ClearTimer
                0x0802324c       0x18 ./Dave/Generated/TIMER/timer.o
 .text.XMC_CCU4_SLICE_SetTimerPeriodMatch
                0x08023264       0x1c ./Dave/Generated/TIMER/timer.o
 .text.XMC_CCU4_SLICE_SetTimerCompareMatch
                0x08023280       0x1c ./Dave/Generated/TIMER/timer.o
 .text.XMC_CCU4_EnableShadowTransfer
                0x0802329c       0x1c ./Dave/Generated/TIMER/timer.o
 .text.XMC_CCU4_SLICE_EnableEvent
                0x080232b8       0x2c ./Dave/Generated/TIMER/timer.o
 .text.TIMER_Init
                0x080232e4       0x3c ./Dave/Generated/TIMER/timer.o
                0x080232e4                TIMER_Init
 .text.TIMER_Start
                0x08023320       0x3c ./Dave/Generated/TIMER/timer.o
                0x08023320                TIMER_Start
 .text.TIMER_CCU4_lInit
                0x0802335c       0x98 ./Dave/Generated/TIMER/timer.o
                0x0802335c                TIMER_CCU4_lInit
 .text.TIMER_CCU4_lShadowTransfer
                0x080233f4       0x3c ./Dave/Generated/TIMER/timer.o
                0x080233f4                TIMER_CCU4_lShadowTransfer
 .text.XMC_SPI_CH_SetTransmitMode
                0x08023430       0x2c ./Dave/Generated/SPI_MASTER/spi_master.o
 .text.XMC_DMA_CH_Enable
                0x0802345c       0x24 ./Dave/Generated/SPI_MASTER/spi_master.o
 .text.XMC_DMA_CH_SetSourceAddress
                0x08023480       0x28 ./Dave/Generated/SPI_MASTER/spi_master.o
 .text.XMC_DMA_CH_SetDestinationAddress
                0x080234a8       0x2c ./Dave/Generated/SPI_MASTER/spi_master.o
 .text.XMC_DMA_CH_SetBlockSize
                0x080234d4       0x2c ./Dave/Generated/SPI_MASTER/spi_master.o
 .text.SPI_MASTER_Init
                0x08023500       0x20 ./Dave/Generated/SPI_MASTER/spi_master.o
                0x08023500                SPI_MASTER_Init
 .text.SPI_MASTER_Transmit
                0x08023520       0x34 ./Dave/Generated/SPI_MASTER/spi_master.o
                0x08023520                SPI_MASTER_Transmit
 .text.SPI_MASTER_StartTransmitDMA
                0x08023554      0x1a8 ./Dave/Generated/SPI_MASTER/spi_master.o
                0x08023554                SPI_MASTER_StartTransmitDMA
 .text.SPI_MASTER_Transfer
                0x080236fc       0xb0 ./Dave/Generated/SPI_MASTER/spi_master.o
                0x080236fc                SPI_MASTER_Transfer
 .text.SPI_MASTER_lReceiveDMA
                0x080237ac       0xb4 ./Dave/Generated/SPI_MASTER/spi_master.o
 .text.SPI_MASTER_lStdRBUFFlush
                0x08023860       0x1c ./Dave/Generated/SPI_MASTER/spi_master.o
 .text.XMC_USIC_CH_SetInputSource
                0x0802387c       0x3c ./Dave/Generated/SPI_MASTER/spi_master_conf.o
 .text.XMC_USIC_CH_SetWordLength
                0x080238b8       0x2c ./Dave/Generated/SPI_MASTER/spi_master_conf.o
 .text.XMC_USIC_CH_SetFrameLength
                0x080238e4       0x2c ./Dave/Generated/SPI_MASTER/spi_master_conf.o
 .text.XMC_USIC_CH_GetTransmitBufferStatus
                0x08023910       0x20 ./Dave/Generated/SPI_MASTER/spi_master_conf.o
 .text.XMC_USIC_CH_TriggerServiceRequest
                0x08023930       0x20 ./Dave/Generated/SPI_MASTER/spi_master_conf.o
 .text.XMC_USIC_CH_ConfigureShiftClockOutput
                0x08023950       0x2c ./Dave/Generated/SPI_MASTER/spi_master_conf.o
 .text.XMC_USIC_CH_SetMode
                0x0802397c       0x28 ./Dave/Generated/SPI_MASTER/spi_master_conf.o
 .text.XMC_SPI_CH_Init
                0x080239a4       0x1c ./Dave/Generated/SPI_MASTER/spi_master_conf.o
 .text.XMC_SPI_CH_Start
                0x080239c0       0x18 ./Dave/Generated/SPI_MASTER/spi_master_conf.o
 .text.XMC_SPI_CH_SetBitOrderMsbFirst
                0x080239d8       0x20 ./Dave/Generated/SPI_MASTER/spi_master_conf.o
 .text.XMC_SPI_CH_SetSlaveSelectDelay
                0x080239f8       0x2c ./Dave/Generated/SPI_MASTER/spi_master_conf.o
 .text.XMC_SPI_CH_ConfigureShiftClockOutput
                0x08023a24       0x1c ./Dave/Generated/SPI_MASTER/spi_master_conf.o
 .text.XMC_SPI_CH_SetWordLength
                0x08023a40       0x1c ./Dave/Generated/SPI_MASTER/spi_master_conf.o
 .text.XMC_SPI_CH_SetFrameLength
                0x08023a5c       0x1c ./Dave/Generated/SPI_MASTER/spi_master_conf.o
 .text.XMC_SPI_CH_SetInputSource
                0x08023a78       0x44 ./Dave/Generated/SPI_MASTER/spi_master_conf.o
 .text.SPI_MASTER_0_lInit
                0x08023abc      0x120 ./Dave/Generated/SPI_MASTER/spi_master_conf.o
 .text.SPI_MASTER_0_DMA_tx_handler
                0x08023bdc       0x38 ./Dave/Generated/SPI_MASTER/spi_master_conf.o
                0x08023bdc                SPI_MASTER_0_DMA_tx_handler
 .text.SPI_MASTER_0_DMA_rx_handler
                0x08023c14       0x44 ./Dave/Generated/SPI_MASTER/spi_master_conf.o
                0x08023c14                SPI_MASTER_0_DMA_rx_handler
 .text.__NVIC_GetPriorityGrouping
                0x08023c58       0x1c ./Dave/Generated/INTERRUPT/interrupt.o
 .text.__NVIC_EnableIRQ
                0x08023c74       0x38 ./Dave/Generated/INTERRUPT/interrupt.o
 .text.__NVIC_SetPriority
                0x08023cac       0x54 ./Dave/Generated/INTERRUPT/interrupt.o
 .text.NVIC_EncodePriority
                0x08023d00       0x64 ./Dave/Generated/INTERRUPT/interrupt.o
 .text.INTERRUPT_Enable
                0x08023d64       0x1c ./Dave/Generated/INTERRUPT/interrupt.o
 .text.INTERRUPT_Init
                0x08023d80       0x4c ./Dave/Generated/INTERRUPT/interrupt.o
                0x08023d80                INTERRUPT_Init
 .text.__NVIC_GetPriorityGrouping
                0x08023dcc       0x1c ./Dave/Generated/GLOBAL_DMA/global_dma.o
 .text.__NVIC_EnableIRQ
                0x08023de8       0x38 ./Dave/Generated/GLOBAL_DMA/global_dma.o
 .text.__NVIC_SetPriority
                0x08023e20       0x54 ./Dave/Generated/GLOBAL_DMA/global_dma.o
 .text.NVIC_EncodePriority
                0x08023e74       0x64 ./Dave/Generated/GLOBAL_DMA/global_dma.o
 .text.GLOBAL_DMA_Init
                0x08023ed8       0x6c ./Dave/Generated/GLOBAL_DMA/global_dma.o
                0x08023ed8                GLOBAL_DMA_Init
 .text.GPDMA0_0_IRQHandler
                0x08023f44       0x10 ./Dave/Generated/GLOBAL_DMA/global_dma_conf.o
                0x08023f44                GPDMA0_0_IRQHandler
 .text.XMC_CCU4_StartPrescaler
                0x08023f54       0x1c ./Dave/Generated/GLOBAL_CCU4/global_ccu4.o
 .text.GLOBAL_CCU4_Init
                0x08023f70       0x40 ./Dave/Generated/GLOBAL_CCU4/global_ccu4.o
                0x08023f70                GLOBAL_CCU4_Init
 .text.XMC_FLASH_SetMargin
                0x08023fb0       0x34 ./Dave/Generated/E_EEPROM_XMC4/e_eeprom_xmc4.o
 .text.XMC_FLASH_EnableDoubleBitErrorTrap
                0x08023fe4       0x28 ./Dave/Generated/E_EEPROM_XMC4/e_eeprom_xmc4.o
 .text.XMC_FLASH_DisableDoubleBitErrorTrap
                0x0802400c       0x28 ./Dave/Generated/E_EEPROM_XMC4/e_eeprom_xmc4.o
 .text.XMC_FCE_InitializeSeedValue
                0x08024034       0x1c ./Dave/Generated/E_EEPROM_XMC4/e_eeprom_xmc4.o
 .text.E_EEPROM_XMC4_Init
                0x08024050       0xd4 ./Dave/Generated/E_EEPROM_XMC4/e_eeprom_xmc4.o
                0x08024050                E_EEPROM_XMC4_Init
 .text.E_EEPROM_XMC4_WriteArray
                0x08024124       0x64 ./Dave/Generated/E_EEPROM_XMC4/e_eeprom_xmc4.o
                0x08024124                E_EEPROM_XMC4_WriteArray
 .text.E_EEPROM_XMC4_ReadArray
                0x08024188       0x4c ./Dave/Generated/E_EEPROM_XMC4/e_eeprom_xmc4.o
                0x08024188                E_EEPROM_XMC4_ReadArray
 .text.E_EEPROM_XMC4_UpdateFlashContents
                0x080241d4       0xa4 ./Dave/Generated/E_EEPROM_XMC4/e_eeprom_xmc4.o
                0x080241d4                E_EEPROM_XMC4_UpdateFlashContents
 .text.E_EEPROM_XMC4_IsFlashEmpty
                0x08024278       0x28 ./Dave/Generated/E_EEPROM_XMC4/e_eeprom_xmc4.o
                0x08024278                E_EEPROM_XMC4_IsFlashEmpty
 .text.E_EEPROM_XMC4_lWriteToFlash
                0x080242a0       0x7c ./Dave/Generated/E_EEPROM_XMC4/e_eeprom_xmc4.o
 .text.E_EEPROM_XMC4_lInitReadSectorInfo
                0x0802431c       0xac ./Dave/Generated/E_EEPROM_XMC4/e_eeprom_xmc4.o
 .text.E_EEPROM_XMC4_lInitEraseStateMachine
                0x080243c8       0x80 ./Dave/Generated/E_EEPROM_XMC4/e_eeprom_xmc4.o
 .text.E_EEPROM_XMC4_lCalculateCRC
                0x08024448       0x30 ./Dave/Generated/E_EEPROM_XMC4/e_eeprom_xmc4.o
 .text.E_EEPROM_XMC4_lCopyFlashToRam
                0x08024478       0x4c ./Dave/Generated/E_EEPROM_XMC4/e_eeprom_xmc4.o
 .text.ECAT_SSC_Init
                0x080244c4       0xd0 ./Dave/Generated/ECAT_SSC/ecat_ssc.o
                0x080244c4                ECAT_SSC_Init
 .text.ENABLE_ESC_INT_USER
                0x08024594        0xc ./Dave/Generated/ECAT_SSC/ecat_ssc.o
                0x08024594                ENABLE_ESC_INT_USER
 .text.DISABLE_ESC_INT_USER
                0x080245a0        0xc ./Dave/Generated/ECAT_SSC/ecat_ssc.o
                0x080245a0                DISABLE_ESC_INT_USER
 .text.__NVIC_GetPriorityGrouping
                0x080245ac       0x1c ./Dave/Generated/ECAT_SSC/xmc_eschw.o
 .text.__NVIC_EnableIRQ
                0x080245c8       0x38 ./Dave/Generated/ECAT_SSC/xmc_eschw.o
 .text.__NVIC_DisableIRQ
                0x08024600       0x44 ./Dave/Generated/ECAT_SSC/xmc_eschw.o
 .text.__NVIC_SetPriority
                0x08024644       0x54 ./Dave/Generated/ECAT_SSC/xmc_eschw.o
 .text.NVIC_EncodePriority
                0x08024698       0x64 ./Dave/Generated/ECAT_SSC/xmc_eschw.o
 .text.XMC_ECAT_SetPortControl
                0x080246fc       0x2c ./Dave/Generated/ECAT_SSC/xmc_eschw.o
 .text.HW_EscRead
                0x08024728       0x2c ./Dave/Generated/ECAT_SSC/xmc_eschw.o
 .text.HW_EscWrite
                0x08024754       0x2c ./Dave/Generated/ECAT_SSC/xmc_eschw.o
 .text.INTERRUPT_Enable
                0x08024780       0x1c ./Dave/Generated/ECAT_SSC/xmc_eschw.o
 .text.INTERRUPT_Disable
                0x0802479c       0x1c ./Dave/Generated/ECAT_SSC/xmc_eschw.o
 .text.HW_Init  0x080247b8      0x260 ./Dave/Generated/ECAT_SSC/xmc_eschw.o
                0x080247b8                HW_Init
 .text.HW_EepromWrite
                0x08024a18       0x94 ./Dave/Generated/ECAT_SSC/xmc_eschw.o
                0x08024a18                HW_EepromWrite
 .text.HW_EepromReload
                0x08024aac       0x8c ./Dave/Generated/ECAT_SSC/xmc_eschw.o
                0x08024aac                HW_EepromReload
 .text.ECAT0_0_IRQHandler
                0x08024b38        0xc ./Dave/Generated/ECAT_SSC/xmc_eschw.o
                0x08024b38                ECAT0_0_IRQHandler
 .text.CCU41_1_IRQHandler
                0x08024b44       0x18 ./Dave/Generated/ECAT_SSC/xmc_eschw.o
                0x08024b44                CCU41_1_IRQHandler
 .text.ENABLE_ESC_INT
                0x08024b5c       0x1c ./Dave/Generated/ECAT_SSC/xmc_eschw.o
                0x08024b5c                ENABLE_ESC_INT
 .text.DISABLE_ESC_INT
                0x08024b78       0x40 ./Dave/Generated/ECAT_SSC/xmc_eschw.o
                0x08024b78                DISABLE_ESC_INT
 .text.DIGITAL_IO_Init
                0x08024bb8       0x40 ./Dave/Generated/DIGITAL_IO/digital_io.o
                0x08024bb8                DIGITAL_IO_Init
 .text.__NVIC_SetPriorityGrouping
                0x08024bf8       0x48 ./Dave/Generated/CPU_CTRL_XMC4/cpu_ctrl_xmc4_conf.o
 .text.SystemCoreSetup
                0x08024c40       0xa0 ./Dave/Generated/CPU_CTRL_XMC4/cpu_ctrl_xmc4_conf.o
                0x08024c40                SystemCoreSetup
 .text.CLOCK_XMC4_Init
                0x08024ce0       0x20 ./Dave/Generated/CLOCK_XMC4/clock_xmc4.o
                0x08024ce0                CLOCK_XMC4_Init
 .text.OSCHP_GetFrequency
                0x08024d00       0x14 ./Dave/Generated/CLOCK_XMC4/clock_xmc4.o
                0x08024d00                OSCHP_GetFrequency
 .text.XMC_SCU_CLOCK_SetECATClockSource
                0x08024d14       0x28 ./Dave/Generated/CLOCK_XMC4/clock_xmc4_conf.o
 .text.SystemCoreClockSetup
                0x08024d3c       0x60 ./Dave/Generated/CLOCK_XMC4/clock_xmc4_conf.o
                0x08024d3c                SystemCoreClockSetup
 .text.DAVE_Init
                0x08024d9c       0x88 ./Dave/Generated/DAVE.o
                0x08024d9c                DAVE_Init
 .text.XMC_GPIO_SetOutputHigh
                0x08024e24       0x20 ./main.o
 .text.XMC_GPIO_SetOutputLow
                0x08024e44       0x24 ./main.o
 .text.DIGITAL_IO_SetOutputHigh
                0x08024e68       0x20 ./main.o
 .text.DIGITAL_IO_SetOutputLow
                0x08024e88       0x20 ./main.o
 .text.SPI_MASTER_IsTxBusy
                0x08024ea8       0x20 ./main.o
 .text.SPI_MASTER_IsRxBusy
                0x08024ec8       0x1c ./main.o
 .text.Delay_us
                0x08024ee4       0x28 ./main.o
                0x08024ee4                Delay_us
 .text.SPI_DMA_GenericTransfer
                0x08024f0c       0x78 ./main.o
                0x08024f0c                SPI_DMA_GenericTransfer
 .text.SPI_TMC6460_ReadRegister
                0x08024f84       0xc0 ./main.o
                0x08024f84                SPI_TMC6460_ReadRegister
 .text.main     0x08025044       0x8c ./main.o
                0x08025044                main
 .text.__libc_init_array
                0x080250d0       0x4c d:/infineon/tools/dave ide/4.5.0.202105191637/eclipse/arm-gcc-49/bin/../lib/gcc/arm-none-eabi/4.9.3/../../../../arm-none-eabi/lib/armv7e-m/softfp\libg_nano.a(lib_a-init.o)
                0x080250d0                __libc_init_array
 .text.memcmp   0x0802511c       0x20 d:/infineon/tools/dave ide/4.5.0.202105191637/eclipse/arm-gcc-49/bin/../lib/gcc/arm-none-eabi/4.9.3/../../../../arm-none-eabi/lib/armv7e-m/softfp\libg_nano.a(lib_a-memcmp.o)
                0x0802511c                memcmp
 .text.memcpy   0x0802513c       0x16 d:/infineon/tools/dave ide/4.5.0.202105191637/eclipse/arm-gcc-49/bin/../lib/gcc/arm-none-eabi/4.9.3/../../../../arm-none-eabi/lib/armv7e-m/softfp\libg_nano.a(lib_a-memcpy.o)
                0x0802513c                memcpy
 *(.init)
 *(.fini)
 *crtbegin.o(.ctors)
 *crtbegin?.o(.ctors)
 *(EXCLUDE_FILE(*crtend.o *crtend?.o) .ctors)
 *(SORT(.ctors.*))
 *(.ctors)
 *crtbegin.o(.dtors)
 *crtbegin?.o(.dtors)
 *(EXCLUDE_FILE(*crtend.o *crtend?.o) .dtors)
 *(SORT(.dtors.*))
 *(.dtors)
 *(.rodata .rodata.*)
 *fill*         0x08025152        0x2 
 .rodata.asEntryDesc0x1600
                0x08025154       0x50 ./SSC/Src/coeappl.o
                0x08025154                asEntryDesc0x1600
 .rodata.aName0x1600
                0x080251a4       0xbc ./SSC/Src/coeappl.o
                0x080251a4                aName0x1600
 .rodata.asEntryDesc0x1A00
                0x08025260       0x50 ./SSC/Src/coeappl.o
                0x08025260                asEntryDesc0x1A00
 .rodata.aName0x1A00
                0x080252b0       0xbc ./SSC/Src/coeappl.o
                0x080252b0                aName0x1A00
 .rodata.asEntryDesc0x1C12
                0x0802536c        0xc ./SSC/Src/coeappl.o
                0x0802536c                asEntryDesc0x1C12
 .rodata.aName0x1C12
                0x08025378       0x1c ./SSC/Src/coeappl.o
                0x08025378                aName0x1C12
 .rodata.asEntryDesc0x1C13
                0x08025394        0xc ./SSC/Src/coeappl.o
                0x08025394                asEntryDesc0x1C13
 .rodata.aName0x1C13
                0x080253a0       0x1c ./SSC/Src/coeappl.o
                0x080253a0                aName0x1C13
 .rodata.asEntryDesc0x6000
                0x080253bc       0x50 ./SSC/Src/coeappl.o
                0x080253bc                asEntryDesc0x6000
 .rodata.aName0x6000
                0x0802540c       0x70 ./SSC/Src/coeappl.o
                0x0802540c                aName0x6000
 .rodata.asEntryDesc0x7000
                0x0802547c       0x50 ./SSC/Src/coeappl.o
                0x0802547c                asEntryDesc0x7000
 .rodata.aName0x7000
                0x080254cc       0x70 ./SSC/Src/coeappl.o
                0x080254cc                aName0x7000
 .rodata.asEntryDesc0x8000
                0x0802553c       0x54 ./SSC/Src/coeappl.o
                0x0802553c                asEntryDesc0x8000
 .rodata.aName0x8000
                0x08025590       0x70 ./SSC/Src/coeappl.o
                0x08025590                aName0x8000
 .rodata.asEntryDesc0x9000
                0x08025600       0x38 ./SSC/Src/coeappl.o
                0x08025600                asEntryDesc0x9000
 .rodata.aName0x9000
                0x08025638       0x44 ./SSC/Src/coeappl.o
                0x08025638                aName0x9000
 .rodata.sEntryDesc0x9001
                0x0802567c        0x8 ./SSC/Src/coeappl.o
                0x0802567c                sEntryDesc0x9001
 .rodata.aName0x9001
                0x08025684       0x10 ./SSC/Src/coeappl.o
                0x08025684                aName0x9001
 .rodata.asEntryDesc0xF000
                0x08025694       0x14 ./SSC/Src/coeappl.o
                0x08025694                asEntryDesc0xF000
 .rodata.aName0xF000
                0x080256a8       0x44 ./SSC/Src/coeappl.o
                0x080256a8                aName0xF000
 .rodata.sEntryDesc0x1000
                0x080256ec        0x8 ./SSC/Src/coeappl.o
                0x080256ec                sEntryDesc0x1000
 .rodata.aName0x1000
                0x080256f4        0xc ./SSC/Src/coeappl.o
                0x080256f4                aName0x1000
 .rodata.sEntryDesc0x1001
                0x08025700        0x8 ./SSC/Src/coeappl.o
                0x08025700                sEntryDesc0x1001
 .rodata.aName0x1001
                0x08025708       0x10 ./SSC/Src/coeappl.o
                0x08025708                aName0x1001
 .rodata.sEntryDesc0x1008
                0x08025718        0x8 ./SSC/Src/coeappl.o
                0x08025718                sEntryDesc0x1008
 .rodata.aName0x1008
                0x08025720        0xc ./SSC/Src/coeappl.o
                0x08025720                aName0x1008
 .rodata.sEntryDesc0x1009
                0x0802572c        0x8 ./SSC/Src/coeappl.o
                0x0802572c                sEntryDesc0x1009
 .rodata.aName0x1009
                0x08025734       0x20 ./SSC/Src/coeappl.o
                0x08025734                aName0x1009
 .rodata.sEntryDesc0x100A
                0x08025754        0x8 ./SSC/Src/coeappl.o
                0x08025754                sEntryDesc0x100A
 .rodata.aName0x100A
                0x0802575c       0x20 ./SSC/Src/coeappl.o
                0x0802575c                aName0x100A
 .rodata.asEntryDesc0x1018
                0x0802577c       0x20 ./SSC/Src/coeappl.o
                0x0802577c                asEntryDesc0x1018
 .rodata.aName0x1018
                0x0802579c       0x48 ./SSC/Src/coeappl.o
                0x0802579c                aName0x1018
 .rodata.asEntryDesc0x10F1
                0x080257e4       0x14 ./SSC/Src/coeappl.o
                0x080257e4                asEntryDesc0x10F1
 .rodata.aName0x10F1
                0x080257f8       0x40 ./SSC/Src/coeappl.o
                0x080257f8                aName0x10F1
 .rodata.sEntryDesc0x10F8
                0x08025838        0x8 ./SSC/Src/coeappl.o
                0x08025838                sEntryDesc0x10F8
 .rodata.aName0x10F8
                0x08025840       0x14 ./SSC/Src/coeappl.o
                0x08025840                aName0x10F8
 .rodata.asEntryDesc0x1C00
                0x08025854        0xc ./SSC/Src/coeappl.o
                0x08025854                asEntryDesc0x1C00
 .rodata.aName0x1C00
                0x08025860       0x14 ./SSC/Src/coeappl.o
                0x08025860                aName0x1C00
 .rodata.asEntryDesc0x1C3x
                0x08025874       0xc8 ./SSC/Src/coeappl.o
                0x08025874                asEntryDesc0x1C3x
 .rodata.aName0x1C32
                0x0802593c      0x108 ./SSC/Src/coeappl.o
                0x0802593c                aName0x1C32
 .rodata.aName0x1C33
                0x08025a44      0x108 ./SSC/Src/coeappl.o
                0x08025a44                aName0x1C33
 .rodata.SPI_MASTER_0_MOSI
                0x08025b4c        0x8 ./Dave/Generated/SPI_MASTER/spi_master_conf.o
                0x08025b4c                SPI_MASTER_0_MOSI
 .rodata.SPI_MASTER_0_MISO
                0x08025b54        0x8 ./Dave/Generated/SPI_MASTER/spi_master_conf.o
                0x08025b54                SPI_MASTER_0_MISO
 .rodata.SPI_MASTER_0_SCLKOUT
                0x08025b5c        0x8 ./Dave/Generated/SPI_MASTER/spi_master_conf.o
                0x08025b5c                SPI_MASTER_0_SCLKOUT
 .rodata.SPI_MASTER_0_SCLKOUT_Config
                0x08025b64       0x14 ./Dave/Generated/SPI_MASTER/spi_master_conf.o
                0x08025b64                SPI_MASTER_0_SCLKOUT_Config
 .rodata.SPI_MASTER_0_Config
                0x08025b78       0x8c ./Dave/Generated/SPI_MASTER/spi_master_conf.o
                0x08025b78                SPI_MASTER_0_Config
 .rodata.INTERRUPT_0
                0x08025c04        0x4 ./Dave/Generated/INTERRUPT/interrupt_conf.o
                0x08025c04                INTERRUPT_0
 .rodata.e_eeprom_xmc4_fce
                0x08025c08        0xc ./Dave/Generated/E_EEPROM_XMC4/e_eeprom_xmc4.o
 .rodata.ECAT_SSC_0
                0x08025c14        0xc ./Dave/Generated/ECAT_SSC/ecat_ssc_conf.o
                0x08025c14                ECAT_SSC_0
 .rodata.LED    0x08025c20       0x14 ./Dave/Generated/DIGITAL_IO/digital_io_conf.o
                0x08025c20                LED
 .rodata.SLEEPN5
                0x08025c34       0x14 ./Dave/Generated/DIGITAL_IO/digital_io_conf.o
                0x08025c34                SLEEPN5
 .rodata.CS_5   0x08025c48       0x14 ./Dave/Generated/DIGITAL_IO/digital_io_conf.o
                0x08025c48                CS_5
 .rodata        0x08025c5c       0x14 ./Dave/Generated/CLOCK_XMC4/clock_xmc4_conf.o
 *(.gnu.linkonce.r*)
 *(vtable)
                0x08025c70                . = ALIGN (0x4)

.glue_7         0x08025c70        0x0 load address 0x0c025c70
 .glue_7        0x00000000        0x0 linker stubs

.glue_7t        0x08025c70        0x0 load address 0x0c025c70
 .glue_7t       0x00000000        0x0 linker stubs

.vfp11_veneer   0x08025c70        0x0 load address 0x0c025c70
 .vfp11_veneer  0x00000000        0x0 linker stubs

.v4_bx          0x08025c70        0x0 load address 0x0c025c70
 .v4_bx         0x00000000        0x0 linker stubs

.iplt           0x08025c70        0x0 load address 0x0c025c70
 .iplt          0x00000000        0x0 ./Startup/startup_XMC4300.o

.rel.dyn        0x08025c70        0x0 load address 0x0c025c70
 .rel.iplt      0x00000000        0x0 ./Startup/startup_XMC4300.o

.eh_frame_hdr
 *(.eh_frame_hdr)

.eh_frame
 *(.eh_frame)

.ARM.extab
 *(.ARM.extab* .gnu.linkonce.armextab.*)
                0x08025c70                . = ALIGN (0x4)
                0x08025c70                __exidx_start = .

.ARM.exidx
 *(.ARM.exidx* .gnu.linkonce.armexidx.*)
                0x08025c70                __exidx_end = .
                0x08025c70                . = ALIGN (0x4)

Stack           0x1fff0000      0x800
                0x1fff0000                __stack_start = .
                0x1fff0800                . = (. + stack_size)
 *fill*         0x1fff0000      0x800 
                0x1fff0800                __stack_end = .
                0x1fff0800                __initial_sp = .

.ram_code       0x1fff0800        0x0 load address 0x0c025c70
                0x1fff0800                . = ALIGN (0x4)
                0x1fff0800                __ram_code_start = .
 *(.ram_code)
                0x1fff0800                . = ALIGN (0x4)
                0x1fff0800                __ram_code_end = .
                0x0c025c70                __ram_code_load = LOADADDR (.ram_code)
                0x00000000                __ram_code_size = (__ram_code_end - __ram_code_start)

.data           0x1fff0800      0xfe0 load address 0x0c025c70
                0x1fff0800                . = ALIGN (0x4)
                0x1fff0800                __data_start = .
 *(.data)
 *(.data*)
 .data.ApplicationObjDic
                0x1fff0800      0x1b8 ./SSC/Src/coeappl.o
                0x1fff0800                ApplicationObjDic
 .data.u32Devicetype
                0x1fff09b8        0x4 ./SSC/Src/coeappl.o
                0x1fff09b8                u32Devicetype
 .data.acDevicename
                0x1fff09bc        0x8 ./SSC/Src/coeappl.o
                0x1fff09bc                acDevicename
 .data.acHardwareversion
                0x1fff09c4        0x4 ./SSC/Src/coeappl.o
                0x1fff09c4                acHardwareversion
 .data.acSoftwareversion
                0x1fff09c8        0x8 ./SSC/Src/coeappl.o
                0x1fff09c8                acSoftwareversion
 .data.sIdentity
                0x1fff09d0       0x14 ./SSC/Src/coeappl.o
                0x1fff09d0                sIdentity
 .data.sSyncmanagertype
                0x1fff09e4        0x8 ./SSC/Src/coeappl.o
                0x1fff09e4                sSyncmanagertype
 .data.GenObjDic
                0x1fff09ec      0x1e0 ./SSC/Src/coeappl.o
                0x1fff09ec                GenObjDic
 .data.aEepromData
                0x1fff0bcc      0x800 ./SSC/Src/ecatappl.o
                0x1fff0bcc                aEepromData
 .data.sErrorSettings
                0x1fff13cc        0xc ./SSC/Src/objdef.o
                0x1fff13cc                sErrorSettings
 .data.RxpdoProcessDataMapping0x1600
                0x1fff13d8       0x34 ./SSC/Src/ryhand.o
                0x1fff13d8                RxpdoProcessDataMapping0x1600
 .data.TxpdoProcessDataMapping0x1A00
                0x1fff140c       0x34 ./SSC/Src/ryhand.o
                0x1fff140c                TxpdoProcessDataMapping0x1A00
 .data.sRxPDOassign
                0x1fff1440        0x4 ./SSC/Src/ryhand.o
                0x1fff1440                sRxPDOassign
 .data.sTxPDOassign
                0x1fff1444        0x4 ./SSC/Src/ryhand.o
                0x1fff1444                sTxPDOassign
 .data.Txpdo0x6000
                0x1fff1448       0xa0 ./SSC/Src/ryhand.o
                0x1fff1448                Txpdo0x6000
 .data.Rxpdo0x7000
                0x1fff14e8       0xa0 ./SSC/Src/ryhand.o
                0x1fff14e8                Rxpdo0x7000
 .data.DevInfo0x8000
                0x1fff1588       0xa0 ./SSC/Src/ryhand.o
                0x1fff1588                DevInfo0x8000
 .data.SimulateCANFD0x9000
                0x1fff1628       0x90 ./SSC/Src/ryhand.o
                0x1fff1628                SimulateCANFD0x9000
 .data.ModularDeviceProfile0xF000
                0x1fff16b8        0x8 ./SSC/Src/ryhand.o
                0x1fff16b8                ModularDeviceProfile0xF000
 .data.TIMER_0_config
                0x1fff16c0        0x8 ./Dave/Generated/TIMER/timer_conf.o
                0x1fff16c0                TIMER_0_config
 .data.TIMER_0  0x1fff16c8       0x28 ./Dave/Generated/TIMER/timer_conf.o
                0x1fff16c8                TIMER_0
 .data.SPI_MASTER_0_MOSI_Config
                0x1fff16f0       0x14 ./Dave/Generated/SPI_MASTER/spi_master_conf.o
                0x1fff16f0                SPI_MASTER_0_MOSI_Config
 .data.SPI_MASTER_0_MISO_Config
                0x1fff1704       0x14 ./Dave/Generated/SPI_MASTER/spi_master_conf.o
                0x1fff1704                SPI_MASTER_0_MISO_Config
 .data.SPI_MASTER_0_Channel_Config
                0x1fff1718        0xc ./Dave/Generated/SPI_MASTER/spi_master_conf.o
                0x1fff1718                SPI_MASTER_0_Channel_Config
 .data.SPI_MASTER_0_dma_ch_tx_config
                0x1fff1724       0x24 ./Dave/Generated/SPI_MASTER/spi_master_conf.o
                0x1fff1724                SPI_MASTER_0_dma_ch_tx_config
 .data.SPI_MASTER_0_dma_ch_rx_config
                0x1fff1748       0x24 ./Dave/Generated/SPI_MASTER/spi_master_conf.o
                0x1fff1748                SPI_MASTER_0_dma_ch_rx_config
 .data.SPI_MASTER_0_runtime
                0x1fff176c       0x24 ./Dave/Generated/SPI_MASTER/spi_master_conf.o
                0x1fff176c                SPI_MASTER_0_runtime
 .data.SPI_MASTER_0
                0x1fff1790       0x20 ./Dave/Generated/SPI_MASTER/spi_master_conf.o
                0x1fff1790                SPI_MASTER_0
 .data.GLOBAL_DMA_0_CONFIG
                0x1fff17b0        0x4 ./Dave/Generated/GLOBAL_DMA/global_dma_conf.o
                0x1fff17b0                GLOBAL_DMA_0_CONFIG
 .data.GLOBAL_DMA_0
                0x1fff17b4        0xc ./Dave/Generated/GLOBAL_DMA/global_dma_conf.o
                0x1fff17b4                GLOBAL_DMA_0
 .data.GLOBAL_CCU4_0
                0x1fff17c0       0x10 ./Dave/Generated/GLOBAL_CCU4/global_ccu4_conf.o
                0x1fff17c0                GLOBAL_CCU4_0
 .data.e_eeprom_xmc4_sector_info
                0x1fff17d0       0x10 ./Dave/Generated/E_EEPROM_XMC4/e_eeprom_xmc4.o
 *(*.data)
 *(.gnu.linkonce.d*)
                0x1fff17e0                . = ALIGN (0x4)
                0x1fff17e0                PROVIDE (__preinit_array_start, .)
 *(.preinit_array)
                0x1fff17e0                PROVIDE (__preinit_array_end, .)
                0x1fff17e0                . = ALIGN (0x4)
                0x1fff17e0                PROVIDE (__init_array_start, .)
 *(SORT(.init_array.*))
 *(.init_array)
                0x1fff17e0                PROVIDE (__init_array_end, .)
                0x1fff17e0                . = ALIGN (0x4)
                0x1fff17e0                PROVIDE (__fini_array_start, .)
 *(SORT(.fini_array.*))
 *(.fini_array)
                0x1fff17e0                PROVIDE (__fini_array_end, .)
                0x1fff17e0                . = ALIGN (0x4)
                0x1fff17e0                __data_end = .
                0x0c025c70                __data_load = LOADADDR (.data)
                0x00000fe0                __data_size = (__data_end - __data_start)
                0x00006c50                __text_size = (((__exidx_end - sText) + __data_size) + __ram_code_size)
                0x08026c50                eText = (sText + __text_size)

.igot.plt       0x1fff17e0        0x0 load address 0x0c026c50
 .igot.plt      0x00000000        0x0 ./Startup/startup_XMC4300.o

.bss            0x1fff17e0     0x1390 load address 0x0c026c50
                0x1fff17e0                . = ALIGN (0x4)
                0x1fff17e0                __bss_start = .
 *(.bss)
 *(.bss*)
 .bss.u64Timestamp
                0x1fff17e0        0x8 ./SSC/Src/coeappl.o
                0x1fff17e0                u64Timestamp
 .bss.u16ErrorRegister
                0x1fff17e8        0x2 ./SSC/Src/coeappl.o
                0x1fff17e8                u16ErrorRegister
 *fill*         0x1fff17ea        0x2 
 .bss.ObjDicList
                0x1fff17ec        0x4 ./SSC/Src/coeappl.o
                0x1fff17ec                ObjDicList
 .bss.bInitFinished
                0x1fff17f0        0x1 ./SSC/Src/ecatappl.o
                0x1fff17f0                bInitFinished
 .bss.EepromLoaded
                0x1fff17f1        0x1 ./SSC/Src/ecatslv.o
                0x1fff17f1                EepromLoaded
 .bss.ParamAction0x9001
                0x1fff17f2        0x2 ./SSC/Src/ryhand.o
                0x1fff17f2                ParamAction0x9001
 .bss.dma0_event_handlers
                0x1fff17f4       0x20 ./Libraries/XMCLib/src/xmc_dma.o
 .bss.e_eeprom_xmc4_data_buffer
                0x1fff1814     0x1000 ./Dave/Generated/E_EEPROM_XMC4/e_eeprom_xmc4.o
 .bss.E_EEPROM_XMC4_0
                0x1fff2814        0x4 ./Dave/Generated/E_EEPROM_XMC4/e_eeprom_xmc4_conf.o
                0x1fff2814                E_EEPROM_XMC4_0
 .bss.ticks     0x1fff2818        0x4 ./Dave/Generated/ECAT_SSC/xmc_eschw.o
 .bss.CLOCK_XMC4_0
                0x1fff281c        0x4 ./Dave/Generated/CLOCK_XMC4/clock_xmc4_conf.o
                0x1fff281c                CLOCK_XMC4_0
 *(COMMON)
 COMMON         0x1fff2820        0x8 ./SSC/Src/coeappl.o
                0x1fff2820                u32LastDc32Value
                0x1fff2824                u32CheckForDcOverrunCnt
 COMMON         0x1fff2828      0x182 ./SSC/Src/ecatappl.o
                0x1fff2828                pAPPL_EEPROM_Store
                0x1fff282c                pAPPL_CoeReadInd
                0x1fff2830                bMinCycleTimeMeasurementStarted
                0x1fff2834                u32CycleTimeStartValue
                0x1fff2838                pAPPL_EEPROM_Read
                0x1fff283c                pAPPL_EEPROM_Write
                0x1fff2840                bRunApplication
                0x1fff2844                u32SystemTimeReadFailure
                0x1fff2848                bEcatWaitForInputUpdate
                0x1fff284c                u32MinCycleTimeValue
                0x1fff2850                aPdOutputData
                0x1fff28ec                u16EepromStoreTimeoutCounter
                0x1fff28ee                EepromReadSize
                0x1fff28f0                pAPPL_CoeWriteInd
                0x1fff28f4                pAPPL_MainLoop
                0x1fff28f8                bEtherCATErrorLed
                0x1fff28fc                u32MinCycleTimeStartValue
                0x1fff2900                aPdInputData
                0x1fff299c                pEEPROM
                0x1fff29a0                bEtherCATRunLed
                0x1fff29a4                pAPPL_EEPROM_Reload
                0x1fff29a8                u16EepromStoreTimeoutValue
 *fill*         0x1fff29aa        0x2 
 COMMON         0x1fff29ac        0x4 ./SSC/Src/ecatcoe.o
                0x1fff29ac                pCoeSendStored
 COMMON         0x1fff29b0       0x4c ./SSC/Src/ecatslv.o
                0x1fff29b0                b3BufferMode
                0x1fff29b2                nEcatStateTrans
                0x1fff29b4                bApplEsmPending
                0x1fff29b5                nAlStatus
                0x1fff29b6                nPdOutputSize
                0x1fff29b8                u16LocalErrorCode
                0x1fff29ba                u8LocalErrorState
                0x1fff29bc                Sync0WdCounter
                0x1fff29be                LatchInputSync0Counter
                0x1fff29c0                i16WaitForPllRunningCnt
                0x1fff29c2                nEscAddrOutputData
                0x1fff29c4                Sync0WdValue
                0x1fff29c6                u8EcatRunLed
                0x1fff29c8                i16WaitForPllRunningTimeout
                0x1fff29ca                Sync1WdValue
                0x1fff29cc                u8dummy
                0x1fff29ce                u16ALEventMask
                0x1fff29d0                bDcRunning
                0x1fff29d4                SyncManInfo
                0x1fff29dc                b32BitDc
                0x1fff29de                LatchInputSync0Value
                0x1fff29e0                bEcatWaitForAlControlRes
                0x1fff29e2                nPdInputSize
                0x1fff29e4                u16SmSync0Value
                0x1fff29e6                nMaxEscAddress
                0x1fff29e8                bEcatFirstOutputsReceived
                0x1fff29e9                bSmSyncSequenceValid
                0x1fff29ea                EsmTimeoutCounter
                0x1fff29ec                bDcSyncActive
                0x1fff29ed                bEcatOutputUpdateRunning
                0x1fff29ee                Sync1WdCounter
                0x1fff29f0                EcatWdValue
                0x1fff29f2                bEcatInputUpdateRunning
                0x1fff29f3                bEscIntEnabled
                0x1fff29f4                bWdTrigger
                0x1fff29f6                u16SmSync0Counter
                0x1fff29f8                nMaxSyncMan
                0x1fff29f9                u8EcatErrorLed
                0x1fff29fa                nEscAddrInputData
 COMMON         0x1fff29fc       0x94 ./SSC/Src/mailbox.o
                0x1fff29fc                u8MbxReadCounter
                0x1fff2a00                sMbxSendQueue
                0x1fff2a34                sMbxReceiveQueue
                0x1fff2a68                bNoMbxMemoryAvailable
                0x1fff2a69                bSendMbxIsFull
                0x1fff2a6a                bMbxRunning
                0x1fff2a6c                u16EscAddrReceiveMbx
                0x1fff2a70                psStoreMbx
                0x1fff2a74                u16SendMbxSize
                0x1fff2a78                psReadMbx
                0x1fff2a7c                bReceiveMbxIsLocked
                0x1fff2a7e                u16EscAddrSendMbx
                0x1fff2a80                psWriteMbx
                0x1fff2a84                u8MbxWriteCounter
                0x1fff2a85                u8MailboxSendReqStored
                0x1fff2a86                u16ReceiveMbxSize
                0x1fff2a88                bMbxRepeatToggle
                0x1fff2a8c                psRepeatMbx
 COMMON         0x1fff2a90       0x8e ./SSC/Src/objdef.o
                0x1fff2a90                sSyncManInPar
                0x1fff2ad4                sSyncManOutPar
                0x1fff2b18                bSyncSetByUser
                0x1fff2b1c                sCycleDiag
 *fill*         0x1fff2b1e        0x2 
 COMMON         0x1fff2b20       0x4d ./SSC/Src/sdoserv.o
                0x1fff2b20                nSdoInfoIndex
                0x1fff2b24                pStoreData
                0x1fff2b28                nSdoSegBytesToHandle
                0x1fff2b2c                bSdoSegAccess
                0x1fff2b2d                bSdoSegFollows
                0x1fff2b30                nSdoSegCompleteSize
                0x1fff2b34                pSdoPendFunc
                0x1fff2b38                u8PendingSdo
                0x1fff2b39                bStoreCompleteAccess
                0x1fff2b3a                bSdoSegLastToggle
                0x1fff2b3b                nSdoSegService
                0x1fff2b3c                pSdoInfoObjEntry
                0x1fff2b40                nSdoInfoFragmentsLeft
                0x1fff2b44                pSdoResStored
                0x1fff2b48                u32StoreDataSize
                0x1fff2b4c                pSdoSegData
                0x1fff2b50                nSdoSegIndex
                0x1fff2b54                aSdoInfoHeader
                0x1fff2b64                pSdoSegObjEntry
                0x1fff2b68                nSdoSegSubindex
                0x1fff2b6a                u16StoreIndex
                0x1fff2b6c                u8StoreSubindex
 *(.gnu.linkonce.b*)
                0x1fff2b70                . = ALIGN (0x4)
 *fill*         0x1fff2b6d        0x3 
                0x1fff2b70                __bss_end = .
                0x00001390                __bss_size = (__bss_end - __bss_start)
                0x0000d490                __shift_loc = (__bss_end >= ORIGIN (DSRAM_1_system))?0x0:(ORIGIN (DSRAM_1_system) - __bss_end)

USB_RAM         0x20000000        0x0
                0x20000000                . = ALIGN (0x4)
                0x20000000                USB_RAM_start = .
 *(USB_RAM)
                0x20000000                . = ALIGN (0x4)
                0x20000000                USB_RAM_end = .
                0x00000000                USB_RAM_size = (USB_RAM_end - USB_RAM_start)

ETH_RAM         0x20000000        0x0
                0x20000000                . = ALIGN (0x4)
                0x20000000                ETH_RAM_start = .
 *(ETH_RAM)
                0x20000000                . = ALIGN (0x4)
                0x20000000                ETH_RAM_end = .
                0x20000000                . = ALIGN (0x8)
                0x20000000                Heap_Bank1_Start = .
                0x00000000                ETH_RAM_size = (ETH_RAM_end - ETH_RAM_start)

.no_init        0x2000ffc0       0x14
                0x2000ffc0                Heap_Bank1_End = .
 *(.no_init)
 .no_init       0x2000ffc0       0x14 ./Startup/system_XMC4300.o
                0x2000ffc0                SystemCoreClock
                0x2000ffc4                g_chipid
                0x0000ffc0                Heap_Bank1_Size = (Heap_Bank1_End - Heap_Bank1_Start)
                0x00000001                ASSERT ((Heap_Bank1_Start <= Heap_Bank1_End), region SRAM_combined overflowed no_init section)

/DISCARD/
 *(.comment)

.stab
 *(.stab)

.stabstr
 *(.stabstr)

.debug
 *(.debug)

.line
 *(.line)

.debug_srcinfo
 *(.debug_srcinfo)

.debug_sfnames
 *(.debug_sfnames)

.debug_aranges  0x00000000     0x1550
 *(.debug_aranges)
 .debug_aranges
                0x00000000       0x20 ./Startup/startup_XMC4300.o
 .debug_aranges
                0x00000020       0x48 ./Startup/system_XMC4300.o
 .debug_aranges
                0x00000068       0x78 ./SSC/Src/coeappl.o
 .debug_aranges
                0x000000e0       0xb0 ./SSC/Src/ecatappl.o
 .debug_aranges
                0x00000190       0x30 ./SSC/Src/ecatcoe.o
 .debug_aranges
                0x000001c0       0xd0 ./SSC/Src/ecatslv.o
 .debug_aranges
                0x00000290       0xa0 ./SSC/Src/mailbox.o
 .debug_aranges
                0x00000330       0x78 ./SSC/Src/objdef.o
 .debug_aranges
                0x000003a8       0x78 ./SSC/Src/ryhand.o
 .debug_aranges
                0x00000420       0x50 ./SSC/Src/sdoserv.o
 .debug_aranges
                0x00000470       0xe8 ./Libraries/XMCLib/src/xmc4_flash.o
 .debug_aranges
                0x00000558       0x28 ./Libraries/XMCLib/src/xmc4_gpio.o
 .debug_aranges
                0x00000580      0x3e8 ./Libraries/XMCLib/src/xmc4_scu.o
 .debug_aranges
                0x00000968      0x138 ./Libraries/XMCLib/src/xmc_ccu4.o
 .debug_aranges
                0x00000aa0      0x158 ./Libraries/XMCLib/src/xmc_dma.o
 .debug_aranges
                0x00000bf8       0x78 ./Libraries/XMCLib/src/xmc_ecat.o
 .debug_aranges
                0x00000c70       0x70 ./Libraries/XMCLib/src/xmc_fce.o
 .debug_aranges
                0x00000ce0       0x28 ./Libraries/XMCLib/src/xmc_gpio.o
 .debug_aranges
                0x00000d08       0x88 ./Libraries/XMCLib/src/xmc_spi.o
 .debug_aranges
                0x00000d90       0xb8 ./Libraries/XMCLib/src/xmc_usic.o
 .debug_aranges
                0x00000e48       0x28 ./Libraries/Newlib/syscalls.o
 .debug_aranges
                0x00000e70       0xd8 ./Dave/Generated/TIMER/timer.o
 .debug_aranges
                0x00000f48       0x18 ./Dave/Generated/TIMER/timer_conf.o
 .debug_aranges
                0x00000f60      0x118 ./Dave/Generated/SPI_MASTER/spi_master.o
 .debug_aranges
                0x00001078       0xa8 ./Dave/Generated/SPI_MASTER/spi_master_conf.o
 .debug_aranges
                0x00001120       0x50 ./Dave/Generated/INTERRUPT/interrupt.o
 .debug_aranges
                0x00001170       0x18 ./Dave/Generated/INTERRUPT/interrupt_conf.o
 .debug_aranges
                0x00001188       0x48 ./Dave/Generated/GLOBAL_DMA/global_dma.o
 .debug_aranges
                0x000011d0       0x20 ./Dave/Generated/GLOBAL_DMA/global_dma_conf.o
 .debug_aranges
                0x000011f0       0x30 ./Dave/Generated/GLOBAL_CCU4/global_ccu4.o
 .debug_aranges
                0x00001220       0x18 ./Dave/Generated/GLOBAL_CCU4/global_ccu4_conf.o
 .debug_aranges
                0x00001238       0xa0 ./Dave/Generated/E_EEPROM_XMC4/e_eeprom_xmc4.o
 .debug_aranges
                0x000012d8       0x18 ./Dave/Generated/E_EEPROM_XMC4/e_eeprom_xmc4_conf.o
 .debug_aranges
                0x000012f0       0x38 ./Dave/Generated/ECAT_SSC/ecat_ssc.o
 .debug_aranges
                0x00001328       0x18 ./Dave/Generated/ECAT_SSC/ecat_ssc_conf.o
 .debug_aranges
                0x00001340       0xc0 ./Dave/Generated/ECAT_SSC/xmc_eschw.o
 .debug_aranges
                0x00001400       0x28 ./Dave/Generated/DIGITAL_IO/digital_io.o
 .debug_aranges
                0x00001428       0x18 ./Dave/Generated/DIGITAL_IO/digital_io_conf.o
 .debug_aranges
                0x00001440       0x28 ./Dave/Generated/CPU_CTRL_XMC4/cpu_ctrl_xmc4_conf.o
 .debug_aranges
                0x00001468       0x38 ./Dave/Generated/CLOCK_XMC4/clock_xmc4.o
 .debug_aranges
                0x000014a0       0x28 ./Dave/Generated/CLOCK_XMC4/clock_xmc4_conf.o
 .debug_aranges
                0x000014c8       0x20 ./Dave/Generated/DAVE.o
 .debug_aranges
                0x000014e8       0x68 ./main.o

.debug_pubnames
 *(.debug_pubnames)

.debug_pubtypes
 *(.debug_pubtypes)

.debug_info     0x00000000    0x257b0
 *(.debug_info .gnu.linkonce.wi.*)
 .debug_info    0x00000000       0x94 ./Startup/startup_XMC4300.o
 .debug_info    0x00000094      0x9e8 ./Startup/system_XMC4300.o
 .debug_info    0x00000a7c     0x1ff6 ./SSC/Src/coeappl.o
 .debug_info    0x00002a72     0x15fc ./SSC/Src/ecatappl.o
 .debug_info    0x0000406e      0x5d5 ./SSC/Src/ecatcoe.o
 .debug_info    0x00004643     0x1857 ./SSC/Src/ecatslv.o
 .debug_info    0x00005e9a     0x1449 ./SSC/Src/mailbox.o
 .debug_info    0x000072e3      0xe33 ./SSC/Src/objdef.o
 .debug_info    0x00008116      0xbff ./SSC/Src/ryhand.o
 .debug_info    0x00008d15      0xf38 ./SSC/Src/sdoserv.o
 .debug_info    0x00009c4d      0xa27 ./Libraries/XMCLib/src/xmc4_flash.o
 .debug_info    0x0000a674      0x4dd ./Libraries/XMCLib/src/xmc4_gpio.o
 .debug_info    0x0000ab51     0x2366 ./Libraries/XMCLib/src/xmc4_scu.o
 .debug_info    0x0000ceb7     0x1713 ./Libraries/XMCLib/src/xmc_ccu4.o
 .debug_info    0x0000e5ca     0x1729 ./Libraries/XMCLib/src/xmc_dma.o
 .debug_info    0x0000fcf3     0x10fb ./Libraries/XMCLib/src/xmc_ecat.o
 .debug_info    0x00010dee      0x957 ./Libraries/XMCLib/src/xmc_fce.o
 .debug_info    0x00011745      0x458 ./Libraries/XMCLib/src/xmc_gpio.o
 .debug_info    0x00011b9d      0xb61 ./Libraries/XMCLib/src/xmc_spi.o
 .debug_info    0x000126fe      0xf1c ./Libraries/XMCLib/src/xmc_usic.o
 .debug_info    0x0001361a      0x11f ./Libraries/Newlib/syscalls.o
 .debug_info    0x00013739      0xe2c ./Dave/Generated/TIMER/timer.o
 .debug_info    0x00014565      0x8d5 ./Dave/Generated/TIMER/timer_conf.o
 .debug_info    0x00014e3a     0x252a ./Dave/Generated/SPI_MASTER/spi_master.o
 .debug_info    0x00017364     0x214e ./Dave/Generated/SPI_MASTER/spi_master_conf.o
 .debug_info    0x000194b2      0x8d7 ./Dave/Generated/INTERRUPT/interrupt.o
 .debug_info    0x00019d89      0x3e2 ./Dave/Generated/INTERRUPT/interrupt_conf.o
 .debug_info    0x0001a16b      0xc64 ./Dave/Generated/GLOBAL_DMA/global_dma.o
 .debug_info    0x0001adcf      0x7d5 ./Dave/Generated/GLOBAL_DMA/global_dma_conf.o
 .debug_info    0x0001b5a4      0x427 ./Dave/Generated/GLOBAL_CCU4/global_ccu4.o
 .debug_info    0x0001b9cb      0x327 ./Dave/Generated/GLOBAL_CCU4/global_ccu4_conf.o
 .debug_info    0x0001bcf2      0xb13 ./Dave/Generated/E_EEPROM_XMC4/e_eeprom_xmc4.o
 .debug_info    0x0001c805      0x1a9 ./Dave/Generated/E_EEPROM_XMC4/e_eeprom_xmc4_conf.o
 .debug_info    0x0001c9ae      0xbfc ./Dave/Generated/ECAT_SSC/ecat_ssc.o
 .debug_info    0x0001d5aa      0xad5 ./Dave/Generated/ECAT_SSC/ecat_ssc_conf.o
 .debug_info    0x0001e07f     0x1f18 ./Dave/Generated/ECAT_SSC/xmc_eschw.o
 .debug_info    0x0001ff97      0x597 ./Dave/Generated/DIGITAL_IO/digital_io.o
 .debug_info    0x0002052e      0x4f6 ./Dave/Generated/DIGITAL_IO/digital_io_conf.o
 .debug_info    0x00020a24      0x52e ./Dave/Generated/CPU_CTRL_XMC4/cpu_ctrl_xmc4_conf.o
 .debug_info    0x00020f52      0x2dd ./Dave/Generated/CLOCK_XMC4/clock_xmc4.o
 .debug_info    0x0002122f      0x62c ./Dave/Generated/CLOCK_XMC4/clock_xmc4_conf.o
 .debug_info    0x0002185b     0x21a4 ./Dave/Generated/DAVE.o
 .debug_info    0x000239ff     0x1db1 ./main.o

.debug_abbrev   0x00000000     0x530e
 *(.debug_abbrev)
 .debug_abbrev  0x00000000       0x14 ./Startup/startup_XMC4300.o
 .debug_abbrev  0x00000014      0x1f1 ./Startup/system_XMC4300.o
 .debug_abbrev  0x00000205      0x27b ./SSC/Src/coeappl.o
 .debug_abbrev  0x00000480      0x2a7 ./SSC/Src/ecatappl.o
 .debug_abbrev  0x00000727      0x17c ./SSC/Src/ecatcoe.o
 .debug_abbrev  0x000008a3      0x262 ./SSC/Src/ecatslv.o
 .debug_abbrev  0x00000b05      0x209 ./SSC/Src/mailbox.o
 .debug_abbrev  0x00000d0e      0x21f ./SSC/Src/objdef.o
 .debug_abbrev  0x00000f2d      0x223 ./SSC/Src/ryhand.o
 .debug_abbrev  0x00001150      0x24b ./SSC/Src/sdoserv.o
 .debug_abbrev  0x0000139b      0x235 ./Libraries/XMCLib/src/xmc4_flash.o
 .debug_abbrev  0x000015d0      0x144 ./Libraries/XMCLib/src/xmc4_gpio.o
 .debug_abbrev  0x00001714      0x2a3 ./Libraries/XMCLib/src/xmc4_scu.o
 .debug_abbrev  0x000019b7      0x232 ./Libraries/XMCLib/src/xmc_ccu4.o
 .debug_abbrev  0x00001be9      0x2b6 ./Libraries/XMCLib/src/xmc_dma.o
 .debug_abbrev  0x00001e9f      0x237 ./Libraries/XMCLib/src/xmc_ecat.o
 .debug_abbrev  0x000020d6      0x263 ./Libraries/XMCLib/src/xmc_fce.o
 .debug_abbrev  0x00002339      0x144 ./Libraries/XMCLib/src/xmc_gpio.o
 .debug_abbrev  0x0000247d      0x279 ./Libraries/XMCLib/src/xmc_spi.o
 .debug_abbrev  0x000026f6      0x24c ./Libraries/XMCLib/src/xmc_usic.o
 .debug_abbrev  0x00002942       0xbd ./Libraries/Newlib/syscalls.o
 .debug_abbrev  0x000029ff      0x252 ./Dave/Generated/TIMER/timer.o
 .debug_abbrev  0x00002c51      0x181 ./Dave/Generated/TIMER/timer_conf.o
 .debug_abbrev  0x00002dd2      0x2b2 ./Dave/Generated/SPI_MASTER/spi_master.o
 .debug_abbrev  0x00003084      0x26d ./Dave/Generated/SPI_MASTER/spi_master_conf.o
 .debug_abbrev  0x000032f1      0x212 ./Dave/Generated/INTERRUPT/interrupt.o
 .debug_abbrev  0x00003503       0xd8 ./Dave/Generated/INTERRUPT/interrupt_conf.o
 .debug_abbrev  0x000035db      0x218 ./Dave/Generated/GLOBAL_DMA/global_dma.o
 .debug_abbrev  0x000037f3      0x151 ./Dave/Generated/GLOBAL_DMA/global_dma_conf.o
 .debug_abbrev  0x00003944      0x196 ./Dave/Generated/GLOBAL_CCU4/global_ccu4.o
 .debug_abbrev  0x00003ada      0x124 ./Dave/Generated/GLOBAL_CCU4/global_ccu4_conf.o
 .debug_abbrev  0x00003bfe      0x2a9 ./Dave/Generated/E_EEPROM_XMC4/e_eeprom_xmc4.o
 .debug_abbrev  0x00003ea7       0xc2 ./Dave/Generated/E_EEPROM_XMC4/e_eeprom_xmc4_conf.o
 .debug_abbrev  0x00003f69      0x211 ./Dave/Generated/ECAT_SSC/ecat_ssc.o
 .debug_abbrev  0x0000417a      0x18e ./Dave/Generated/ECAT_SSC/ecat_ssc_conf.o
 .debug_abbrev  0x00004308      0x466 ./Dave/Generated/ECAT_SSC/xmc_eschw.o
 .debug_abbrev  0x0000476e      0x171 ./Dave/Generated/DIGITAL_IO/digital_io.o
 .debug_abbrev  0x000048df      0x137 ./Dave/Generated/DIGITAL_IO/digital_io_conf.o
 .debug_abbrev  0x00004a16      0x1b4 ./Dave/Generated/CPU_CTRL_XMC4/cpu_ctrl_xmc4_conf.o
 .debug_abbrev  0x00004bca      0x13d ./Dave/Generated/CLOCK_XMC4/clock_xmc4.o
 .debug_abbrev  0x00004d07      0x168 ./Dave/Generated/CLOCK_XMC4/clock_xmc4_conf.o
 .debug_abbrev  0x00004e6f      0x1eb ./Dave/Generated/DAVE.o
 .debug_abbrev  0x0000505a      0x2b4 ./main.o

.debug_line     0x00000000     0xbe64
 *(.debug_line)
 .debug_line    0x00000000       0x87 ./Startup/startup_XMC4300.o
 .debug_line    0x00000087      0x376 ./Startup/system_XMC4300.o
 .debug_line    0x000003fd      0x465 ./SSC/Src/coeappl.o
 .debug_line    0x00000862      0x69e ./SSC/Src/ecatappl.o
 .debug_line    0x00000f00      0x1fc ./SSC/Src/ecatcoe.o
 .debug_line    0x000010fc      0xa44 ./SSC/Src/ecatslv.o
 .debug_line    0x00001b40      0x517 ./SSC/Src/mailbox.o
 .debug_line    0x00002057      0x607 ./SSC/Src/objdef.o
 .debug_line    0x0000265e      0x2f6 ./SSC/Src/ryhand.o
 .debug_line    0x00002954      0x441 ./SSC/Src/sdoserv.o
 .debug_line    0x00002d95      0x587 ./Libraries/XMCLib/src/xmc4_flash.o
 .debug_line    0x0000331c      0x24d ./Libraries/XMCLib/src/xmc4_gpio.o
 .debug_line    0x00003569      0xe6e ./Libraries/XMCLib/src/xmc4_scu.o
 .debug_line    0x000043d7      0x660 ./Libraries/XMCLib/src/xmc_ccu4.o
 .debug_line    0x00004a37      0x725 ./Libraries/XMCLib/src/xmc_dma.o
 .debug_line    0x0000515c      0x3db ./Libraries/XMCLib/src/xmc_ecat.o
 .debug_line    0x00005537      0x424 ./Libraries/XMCLib/src/xmc_fce.o
 .debug_line    0x0000595b      0x23a ./Libraries/XMCLib/src/xmc_gpio.o
 .debug_line    0x00005b95      0x41d ./Libraries/XMCLib/src/xmc_spi.o
 .debug_line    0x00005fb2      0x563 ./Libraries/XMCLib/src/xmc_usic.o
 .debug_line    0x00006515       0xd0 ./Libraries/Newlib/syscalls.o
 .debug_line    0x000065e5      0x5c0 ./Dave/Generated/TIMER/timer.o
 .debug_line    0x00006ba5      0x345 ./Dave/Generated/TIMER/timer_conf.o
 .debug_line    0x00006eea      0x80e ./Dave/Generated/SPI_MASTER/spi_master.o
 .debug_line    0x000076f8      0x508 ./Dave/Generated/SPI_MASTER/spi_master_conf.o
 .debug_line    0x00007c00      0x356 ./Dave/Generated/INTERRUPT/interrupt.o
 .debug_line    0x00007f56      0x236 ./Dave/Generated/INTERRUPT/interrupt_conf.o
 .debug_line    0x0000818c      0x3b0 ./Dave/Generated/GLOBAL_DMA/global_dma.o
 .debug_line    0x0000853c      0x2b6 ./Dave/Generated/GLOBAL_DMA/global_dma_conf.o
 .debug_line    0x000087f2      0x370 ./Dave/Generated/GLOBAL_CCU4/global_ccu4.o
 .debug_line    0x00008b62      0x2ca ./Dave/Generated/GLOBAL_CCU4/global_ccu4_conf.o
 .debug_line    0x00008e2c      0x53e ./Dave/Generated/E_EEPROM_XMC4/e_eeprom_xmc4.o
 .debug_line    0x0000936a      0x1bc ./Dave/Generated/E_EEPROM_XMC4/e_eeprom_xmc4_conf.o
 .debug_line    0x00009526      0x61e ./Dave/Generated/ECAT_SSC/ecat_ssc.o
 .debug_line    0x00009b44      0x4cb ./Dave/Generated/ECAT_SSC/ecat_ssc_conf.o
 .debug_line    0x0000a00f      0x605 ./Dave/Generated/ECAT_SSC/xmc_eschw.o
 .debug_line    0x0000a614      0x2bc ./Dave/Generated/DIGITAL_IO/digital_io.o
 .debug_line    0x0000a8d0      0x22e ./Dave/Generated/DIGITAL_IO/digital_io_conf.o
 .debug_line    0x0000aafe      0x2a7 ./Dave/Generated/CPU_CTRL_XMC4/cpu_ctrl_xmc4_conf.o
 .debug_line    0x0000ada5      0x2f2 ./Dave/Generated/CLOCK_XMC4/clock_xmc4.o
 .debug_line    0x0000b097      0x2eb ./Dave/Generated/CLOCK_XMC4/clock_xmc4_conf.o
 .debug_line    0x0000b382      0x4f4 ./Dave/Generated/DAVE.o
 .debug_line    0x0000b876      0x5ee ./main.o

.debug_frame    0x00000000     0x5718
 *(.debug_frame)
 .debug_frame   0x00000000       0xec ./Startup/system_XMC4300.o
 .debug_frame   0x000000ec      0x1f0 ./SSC/Src/coeappl.o
 .debug_frame   0x000002dc      0x2bc ./SSC/Src/ecatappl.o
 .debug_frame   0x00000598       0x84 ./SSC/Src/ecatcoe.o
 .debug_frame   0x0000061c      0x38c ./SSC/Src/ecatslv.o
 .debug_frame   0x000009a8      0x2b8 ./SSC/Src/mailbox.o
 .debug_frame   0x00000c60      0x200 ./SSC/Src/objdef.o
 .debug_frame   0x00000e60      0x1dc ./SSC/Src/ryhand.o
 .debug_frame   0x0000103c      0x138 ./SSC/Src/sdoserv.o
 .debug_frame   0x00001174      0x404 ./Libraries/XMCLib/src/xmc4_flash.o
 .debug_frame   0x00001578       0x60 ./Libraries/XMCLib/src/xmc4_gpio.o
 .debug_frame   0x000015d8     0x125c ./Libraries/XMCLib/src/xmc4_scu.o
 .debug_frame   0x00002834      0x5b0 ./Libraries/XMCLib/src/xmc_ccu4.o
 .debug_frame   0x00002de4      0x650 ./Libraries/XMCLib/src/xmc_dma.o
 .debug_frame   0x00003434      0x1cc ./Libraries/XMCLib/src/xmc_ecat.o
 .debug_frame   0x00003600      0x1b0 ./Libraries/XMCLib/src/xmc_fce.o
 .debug_frame   0x000037b0       0x60 ./Libraries/XMCLib/src/xmc_gpio.o
 .debug_frame   0x00003810      0x240 ./Libraries/XMCLib/src/xmc_spi.o
 .debug_frame   0x00003a50      0x330 ./Libraries/XMCLib/src/xmc_usic.o
 .debug_frame   0x00003d80       0x5c ./Libraries/Newlib/syscalls.o
 .debug_frame   0x00003ddc      0x3e0 ./Dave/Generated/TIMER/timer.o
 .debug_frame   0x000041bc      0x510 ./Dave/Generated/SPI_MASTER/spi_master.o
 .debug_frame   0x000046cc      0x2e0 ./Dave/Generated/SPI_MASTER/spi_master_conf.o
 .debug_frame   0x000049ac      0x124 ./Dave/Generated/INTERRUPT/interrupt.o
 .debug_frame   0x00004ad0       0xfc ./Dave/Generated/GLOBAL_DMA/global_dma.o
 .debug_frame   0x00004bcc       0x2c ./Dave/Generated/GLOBAL_DMA/global_dma_conf.o
 .debug_frame   0x00004bf8       0x88 ./Dave/Generated/GLOBAL_CCU4/global_ccu4.o
 .debug_frame   0x00004c80      0x2b0 ./Dave/Generated/E_EEPROM_XMC4/e_eeprom_xmc4.o
 .debug_frame   0x00004f30       0xa8 ./Dave/Generated/ECAT_SSC/ecat_ssc.o
 .debug_frame   0x00004fd8      0x320 ./Dave/Generated/ECAT_SSC/xmc_eschw.o
 .debug_frame   0x000052f8       0x60 ./Dave/Generated/DIGITAL_IO/digital_io.o
 .debug_frame   0x00005358       0x60 ./Dave/Generated/CPU_CTRL_XMC4/cpu_ctrl_xmc4_conf.o
 .debug_frame   0x000053b8       0xac ./Dave/Generated/CLOCK_XMC4/clock_xmc4.o
 .debug_frame   0x00005464       0x64 ./Dave/Generated/CLOCK_XMC4/clock_xmc4_conf.o
 .debug_frame   0x000054c8       0x38 ./Dave/Generated/DAVE.o
 .debug_frame   0x00005500      0x19c ./main.o
 .debug_frame   0x0000569c       0x2c d:/infineon/tools/dave ide/4.5.0.202105191637/eclipse/arm-gcc-49/bin/../lib/gcc/arm-none-eabi/4.9.3/../../../../arm-none-eabi/lib/armv7e-m/softfp\libg_nano.a(lib_a-init.o)
 .debug_frame   0x000056c8       0x28 d:/infineon/tools/dave ide/4.5.0.202105191637/eclipse/arm-gcc-49/bin/../lib/gcc/arm-none-eabi/4.9.3/../../../../arm-none-eabi/lib/armv7e-m/softfp\libg_nano.a(lib_a-memcmp.o)
 .debug_frame   0x000056f0       0x28 d:/infineon/tools/dave ide/4.5.0.202105191637/eclipse/arm-gcc-49/bin/../lib/gcc/arm-none-eabi/4.9.3/../../../../arm-none-eabi/lib/armv7e-m/softfp\libg_nano.a(lib_a-memcpy.o)

.debug_str      0x00000000     0xd718
 *(.debug_str)
 .debug_str     0x00000000      0x5d1 ./Startup/system_XMC4300.o
                                0x648 (size before relaxing)
 .debug_str     0x000005d1     0x110d ./SSC/Src/coeappl.o
                               0x1419 (size before relaxing)
 .debug_str     0x000016de      0x4e9 ./SSC/Src/ecatappl.o
                               0x1095 (size before relaxing)
 .debug_str     0x00001bc7      0x140 ./SSC/Src/ecatcoe.o
                                0x468 (size before relaxing)
 .debug_str     0x00001d07      0x460 ./SSC/Src/ecatslv.o
                               0x122f (size before relaxing)
 .debug_str     0x00002167      0x25f ./SSC/Src/mailbox.o
                                0xd21 (size before relaxing)
 .debug_str     0x000023c6      0x213 ./SSC/Src/objdef.o
                                0x7ee (size before relaxing)
 .debug_str     0x000025d9      0x16a ./SSC/Src/ryhand.o
                                0x7ae (size before relaxing)
 .debug_str     0x00002743      0x2ae ./SSC/Src/sdoserv.o
                                0x86f (size before relaxing)
 .debug_str     0x000029f1      0x91c ./Libraries/XMCLib/src/xmc4_flash.o
                                0xc2b (size before relaxing)
 .debug_str     0x0000330d      0x530 ./Libraries/XMCLib/src/xmc4_gpio.o
                                0x7f3 (size before relaxing)
 .debug_str     0x0000383d     0x213b ./Libraries/XMCLib/src/xmc4_scu.o
                               0x26de (size before relaxing)
 .debug_str     0x00005978     0x150d ./Libraries/XMCLib/src/xmc_ccu4.o
                               0x1ce0 (size before relaxing)
 .debug_str     0x00006e85      0xf73 ./Libraries/XMCLib/src/xmc_dma.o
                               0x17f2 (size before relaxing)
 .debug_str     0x00007df8      0x290 ./Libraries/XMCLib/src/xmc_ecat.o
                               0x10cc (size before relaxing)
 .debug_str     0x00008088      0x2cc ./Libraries/XMCLib/src/xmc_fce.o
                                0xa27 (size before relaxing)
 .debug_str     0x00008354       0xca ./Libraries/XMCLib/src/xmc_gpio.o
                                0x6a1 (size before relaxing)
 .debug_str     0x0000841e      0xae8 ./Libraries/XMCLib/src/xmc_spi.o
                                0xde0 (size before relaxing)
 .debug_str     0x00008f06      0xafb ./Libraries/XMCLib/src/xmc_usic.o
                               0x13f6 (size before relaxing)
 .debug_str     0x00009a01       0x6f ./Libraries/Newlib/syscalls.o
                                0x22f (size before relaxing)
 .debug_str     0x00009a70      0x538 ./Dave/Generated/TIMER/timer.o
                                0xc60 (size before relaxing)
 .debug_str     0x00009fa8      0x29a ./Dave/Generated/TIMER/timer_conf.o
                                0xba5 (size before relaxing)
 .debug_str     0x0000a242     0x1695 ./Dave/Generated/SPI_MASTER/spi_master.o
                               0x2e8c (size before relaxing)
 .debug_str     0x0000b8d7      0x34d ./Dave/Generated/SPI_MASTER/spi_master_conf.o
                               0x3046 (size before relaxing)
 .debug_str     0x0000bc24      0x1b7 ./Dave/Generated/INTERRUPT/interrupt.o
                                0x90c (size before relaxing)
 .debug_str     0x0000bddb       0x39 ./Dave/Generated/INTERRUPT/interrupt_conf.o
                                0x6da (size before relaxing)
 .debug_str     0x0000be14       0xad ./Dave/Generated/GLOBAL_DMA/global_dma.o
                                0xab4 (size before relaxing)
 .debug_str     0x0000bec1       0x57 ./Dave/Generated/GLOBAL_DMA/global_dma_conf.o
                                0x8fa (size before relaxing)
 .debug_str     0x0000bf18       0xb5 ./Dave/Generated/GLOBAL_CCU4/global_ccu4.o
                                0x5a3 (size before relaxing)
 .debug_str     0x0000bfcd       0x31 ./Dave/Generated/GLOBAL_CCU4/global_ccu4_conf.o
                                0x4b7 (size before relaxing)
 .debug_str     0x0000bffe      0x531 ./Dave/Generated/E_EEPROM_XMC4/e_eeprom_xmc4.o
                                0xc52 (size before relaxing)
 .debug_str     0x0000c52f       0x45 ./Dave/Generated/E_EEPROM_XMC4/e_eeprom_xmc4_conf.o
                                0x2da (size before relaxing)
 .debug_str     0x0000c574       0xf8 ./Dave/Generated/ECAT_SSC/ecat_ssc.o
                                0xd78 (size before relaxing)
 .debug_str     0x0000c66c       0x36 ./Dave/Generated/ECAT_SSC/ecat_ssc_conf.o
                                0xc8d (size before relaxing)
 .debug_str     0x0000c6a2      0xb9a ./Dave/Generated/ECAT_SSC/xmc_eschw.o
                               0x20ac (size before relaxing)
 .debug_str     0x0000d23c       0xd3 ./Dave/Generated/DIGITAL_IO/digital_io.o
                                0x930 (size before relaxing)
 .debug_str     0x0000d30f       0x3c ./Dave/Generated/DIGITAL_IO/digital_io_conf.o
                                0x87e (size before relaxing)
 .debug_str     0x0000d34b       0x88 ./Dave/Generated/CPU_CTRL_XMC4/cpu_ctrl_xmc4_conf.o
                                0x433 (size before relaxing)
 .debug_str     0x0000d3d3       0xf3 ./Dave/Generated/CLOCK_XMC4/clock_xmc4.o
                                0x3e4 (size before relaxing)
 .debug_str     0x0000d4c6       0xe5 ./Dave/Generated/CLOCK_XMC4/clock_xmc4_conf.o
                                0x951 (size before relaxing)
 .debug_str     0x0000d5ab       0x65 ./Dave/Generated/DAVE.o
                               0x283f (size before relaxing)
 .debug_str     0x0000d610      0x108 ./main.o
                               0x2635 (size before relaxing)

.debug_loc      0x00000000     0xb1f5
 *(.debug_loc)
 .debug_loc     0x00000000      0x1a4 ./Startup/system_XMC4300.o
 .debug_loc     0x000001a4      0x3c0 ./SSC/Src/coeappl.o
 .debug_loc     0x00000564      0x518 ./SSC/Src/ecatappl.o
 .debug_loc     0x00000a7c       0xe4 ./SSC/Src/ecatcoe.o
 .debug_loc     0x00000b60      0x71a ./SSC/Src/ecatslv.o
 .debug_loc     0x0000127a      0x574 ./SSC/Src/mailbox.o
 .debug_loc     0x000017ee      0x40e ./SSC/Src/objdef.o
 .debug_loc     0x00001bfc      0x3b4 ./SSC/Src/ryhand.o
 .debug_loc     0x00001fb0      0x210 ./SSC/Src/sdoserv.o
 .debug_loc     0x000021c0      0x880 ./Libraries/XMCLib/src/xmc4_flash.o
 .debug_loc     0x00002a40       0xb8 ./Libraries/XMCLib/src/xmc4_gpio.o
 .debug_loc     0x00002af8     0x265c ./Libraries/XMCLib/src/xmc4_scu.o
 .debug_loc     0x00005154      0xc90 ./Libraries/XMCLib/src/xmc_ccu4.o
 .debug_loc     0x00005de4      0xe00 ./Libraries/XMCLib/src/xmc_dma.o
 .debug_loc     0x00006be4      0x384 ./Libraries/XMCLib/src/xmc_ecat.o
 .debug_loc     0x00006f68      0x394 ./Libraries/XMCLib/src/xmc_fce.o
 .debug_loc     0x000072fc       0xb8 ./Libraries/XMCLib/src/xmc_gpio.o
 .debug_loc     0x000073b4      0x4b6 ./Libraries/XMCLib/src/xmc_spi.o
 .debug_loc     0x0000786a      0x6c6 ./Libraries/XMCLib/src/xmc_usic.o
 .debug_loc     0x00007f30       0x94 ./Libraries/Newlib/syscalls.o
 .debug_loc     0x00007fc4      0x81c ./Dave/Generated/TIMER/timer.o
 .debug_loc     0x000087e0      0xaa8 ./Dave/Generated/SPI_MASTER/spi_master.o
 .debug_loc     0x00009288      0x60c ./Dave/Generated/SPI_MASTER/spi_master_conf.o
 .debug_loc     0x00009894      0x254 ./Dave/Generated/INTERRUPT/interrupt.o
 .debug_loc     0x00009ae8      0x204 ./Dave/Generated/GLOBAL_DMA/global_dma.o