Archive member included because of file (symbol)

d:/infineon/tools/dave ide/4.5.0.202105191637/eclipse/arm-gcc-49/bin/../lib/gcc/arm-none-eabi/4.9.3/../../../../arm-none-eabi/lib/armv7e-m/softfp\libg_nano.a(lib_a-errno.o)
                              ./Libraries/Newlib/syscalls.o (__errno)
d:/infineon/tools/dave ide/4.5.0.202105191637/eclipse/arm-gcc-49/bin/../lib/gcc/arm-none-eabi/4.9.3/../../../../arm-none-eabi/lib/armv7e-m/softfp\libg_nano.a(lib_a-impure.o)
                              d:/infineon/tools/dave ide/4.5.0.202105191637/eclipse/arm-gcc-49/bin/../lib/gcc/arm-none-eabi/4.9.3/../../../../arm-none-eabi/lib/armv7e-m/softfp\libg_nano.a(lib_a-errno.o) (_impure_ptr)
d:/infineon/tools/dave ide/4.5.0.202105191637/eclipse/arm-gcc-49/bin/../lib/gcc/arm-none-eabi/4.9.3/../../../../arm-none-eabi/lib/armv7e-m/softfp\libg_nano.a(lib_a-init.o)
                              ./Startup/startup_XMC4300.o (__libc_init_array)
d:/infineon/tools/dave ide/4.5.0.202105191637/eclipse/arm-gcc-49/bin/../lib/gcc/arm-none-eabi/4.9.3/../../../../arm-none-eabi/lib/armv7e-m/softfp\libg_nano.a(lib_a-memcpy.o)
                              ./Libraries/XMCLib/src/xmc_eth_mac.o (memcpy)
d:/infineon/tools/dave ide/4.5.0.202105191637/eclipse/arm-gcc-49/bin/../lib/gcc/arm-none-eabi/4.9.3/../../../../arm-none-eabi/lib/armv7e-m/softfp\libg_nano.a(lib_a-memset.o)
                              ./Libraries/XMCLib/src/xmc_usbd.o (memset)

Allocating common symbols
Common symbol       size              file

xmc_device          0x208             ./Libraries/XMCLib/src/xmc_usbd.o
master_rec_data     0x4               ./main.o

Discarded input sections

 .text          0x00000000        0x0 ./Startup/startup_XMC4300.o
 .data          0x00000000        0x0 ./Startup/startup_XMC4300.o
 .bss           0x00000000        0x0 ./Startup/startup_XMC4300.o
 .text          0x00000000        0x0 ./Startup/system_XMC4300.o
 .data          0x00000000        0x0 ./Startup/system_XMC4300.o
 .bss           0x00000000        0x0 ./Startup/system_XMC4300.o
 .text.delay    0x00000000       0x28 ./Startup/system_XMC4300.o
 .text.SystemCoreSetup
                0x00000000       0x70 ./Startup/system_XMC4300.o
 .text.SystemCoreClockSetup
                0x00000000      0x378 ./Startup/system_XMC4300.o
 .text.OSCHP_GetFrequency
                0x00000000       0x14 ./Startup/system_XMC4300.o
 .comment       0x00000000       0x71 ./Startup/system_XMC4300.o
 .text          0x00000000        0x0 ./Libraries/XMCLib/src/xmc4_eru.o
 .data          0x00000000        0x0 ./Libraries/XMCLib/src/xmc4_eru.o
 .bss           0x00000000        0x0 ./Libraries/XMCLib/src/xmc4_eru.o
 .text.XMC_ERU_Enable
                0x00000000       0x2c ./Libraries/XMCLib/src/xmc4_eru.o
 .text.XMC_ERU_Disable
                0x00000000       0x2c ./Libraries/XMCLib/src/xmc4_eru.o
 .debug_info    0x00000000      0x5da ./Libraries/XMCLib/src/xmc4_eru.o
 .debug_abbrev  0x00000000      0x180 ./Libraries/XMCLib/src/xmc4_eru.o
 .debug_loc     0x00000000       0xa0 ./Libraries/XMCLib/src/xmc4_eru.o
 .debug_aranges
                0x00000000       0x28 ./Libraries/XMCLib/src/xmc4_eru.o
 .debug_ranges  0x00000000       0x18 ./Libraries/XMCLib/src/xmc4_eru.o
 .debug_line    0x00000000      0x2c4 ./Libraries/XMCLib/src/xmc4_eru.o
 .debug_str     0x00000000      0x7d3 ./Libraries/XMCLib/src/xmc4_eru.o
 .comment       0x00000000       0x71 ./Libraries/XMCLib/src/xmc4_eru.o
 .debug_frame   0x00000000       0x60 ./Libraries/XMCLib/src/xmc4_eru.o
 .ARM.attributes
                0x00000000       0x37 ./Libraries/XMCLib/src/xmc4_eru.o
 .text          0x00000000        0x0 ./Libraries/XMCLib/src/xmc4_flash.o
 .data          0x00000000        0x0 ./Libraries/XMCLib/src/xmc4_flash.o
 .bss           0x00000000        0x0 ./Libraries/XMCLib/src/xmc4_flash.o
 .text.XMC_FLASH_lEnterPageModeCommand
                0x00000000       0x20 ./Libraries/XMCLib/src/xmc4_flash.o
 .text.XMC_FLASH_lLoadPageCommand
                0x00000000       0x30 ./Libraries/XMCLib/src/xmc4_flash.o
 .text.XMC_FLASH_lWritePageCommand
                0x00000000       0x44 ./Libraries/XMCLib/src/xmc4_flash.o
 .text.XMC_FLASH_lWriteUCBPageCommand
                0x00000000       0x44 ./Libraries/XMCLib/src/xmc4_flash.o
 .text.XMC_FLASH_lEraseSectorCommand
                0x00000000       0x58 ./Libraries/XMCLib/src/xmc4_flash.o
 .text.XMC_FLASH_lDisableSectorWriteProtectionCommand
                0x00000000       0x64 ./Libraries/XMCLib/src/xmc4_flash.o
 .text.XMC_FLASH_lDisableReadProtectionCommand
                0x00000000       0x60 ./Libraries/XMCLib/src/xmc4_flash.o
 .text.XMC_FLASH_lClearStatusCommand
                0x00000000       0x20 ./Libraries/XMCLib/src/xmc4_flash.o
 .text.XMC_FLASH_ClearStatus
                0x00000000        0xc ./Libraries/XMCLib/src/xmc4_flash.o
 .text.XMC_FLASH_GetStatus
                0x00000000       0x1c ./Libraries/XMCLib/src/xmc4_flash.o
 .text.XMC_FLASH_EnableEvent
[...]
Memory Configuration

Name             Origin             Length             Attributes
FLASH_1_cached   0x08000000         0x00040000         xr
FLASH_1_uncached 0x0c000000         0x00040000         xr
PSRAM_1          0x1fff0000         0x00010000         !xr
DSRAM_1_system   0x20000000         0x00010000         !xr
SRAM_combined    0x1fff0000         0x00020000         !xr
*default*        0x00000000         0xffffffff

Linker script and memory map

LOAD ./Startup/startup_XMC4300.o
LOAD ./Startup/system_XMC4300.o
LOAD ./Libraries/XMCLib/src/xmc4_eru.o
LOAD ./Libraries/XMCLib/src/xmc4_flash.o
LOAD ./Libraries/XMCLib/src/xmc4_gpio.o
LOAD ./Libraries/XMCLib/src/xmc4_rtc.o
LOAD ./Libraries/XMCLib/src/xmc4_scu.o
LOAD ./Libraries/XMCLib/src/xmc_can.o
LOAD ./Libraries/XMCLib/src/xmc_ccu4.o
LOAD ./Libraries/XMCLib/src/xmc_ccu8.o
LOAD ./Libraries/XMCLib/src/xmc_common.o
LOAD ./Libraries/XMCLib/src/xmc_dac.o
LOAD ./Libraries/XMCLib/src/xmc_dma.o
LOAD ./Libraries/XMCLib/src/xmc_dsd.o
LOAD ./Libraries/XMCLib/src/xmc_ebu.o
LOAD ./Libraries/XMCLib/src/xmc_ecat.o
LOAD ./Libraries/XMCLib/src/xmc_eru.o
LOAD ./Libraries/XMCLib/src/xmc_eth_mac.o
LOAD ./Libraries/XMCLib/src/xmc_eth_phy_dp83848.o
LOAD ./Libraries/XMCLib/src/xmc_eth_phy_ksz8031rnl.o
LOAD ./Libraries/XMCLib/src/xmc_eth_phy_ksz8081rnb.o
LOAD ./Libraries/XMCLib/src/xmc_fce.o
LOAD ./Libraries/XMCLib/src/xmc_gpio.o
LOAD ./Libraries/XMCLib/src/xmc_hrpwm.o
LOAD ./Libraries/XMCLib/src/xmc_i2c.o
LOAD ./Libraries/XMCLib/src/xmc_i2s.o
LOAD ./Libraries/XMCLib/src/xmc_ledts.o
LOAD ./Libraries/XMCLib/src/xmc_posif.o
LOAD ./Libraries/XMCLib/src/xmc_rtc.o
LOAD ./Libraries/XMCLib/src/xmc_sdmmc.o
LOAD ./Libraries/XMCLib/src/xmc_spi.o
LOAD ./Libraries/XMCLib/src/xmc_uart.o
LOAD ./Libraries/XMCLib/src/xmc_usbd.o
LOAD ./Libraries/XMCLib/src/xmc_usbh.o
LOAD ./Libraries/XMCLib/src/xmc_usic.o
LOAD ./Libraries/XMCLib/src/xmc_vadc.o
LOAD ./Libraries/XMCLib/src/xmc_wdt.o
LOAD ./Libraries/Newlib/syscalls.o
LOAD ./Dave/Generated/SPI_MASTER/spi_master.o
LOAD ./Dave/Generated/SPI_MASTER/spi_master_conf.o
LOAD ./Dave/Generated/GLOBAL_DMA/global_dma.o
LOAD ./Dave/Generated/GLOBAL_DMA/global_dma_conf.o
LOAD ./Dave/Generated/DIGITAL_IO/digital_io.o
LOAD ./Dave/Generated/DIGITAL_IO/digital_io_conf.o
LOAD ./Dave/Generated/CPU_CTRL_XMC4/cpu_ctrl_xmc4.o
LOAD ./Dave/Generated/CPU_CTRL_XMC4/cpu_ctrl_xmc4_conf.o
LOAD ./Dave/Generated/CLOCK_XMC4/clock_xmc4.o
LOAD ./Dave/Generated/CLOCK_XMC4/clock_xmc4_conf.o
LOAD ./Dave/Generated/DAVE.o
LOAD ./main.o
LOAD d:/infineon/tools/dave ide/4.5.0.202105191637/eclipse/arm-gcc-49/bin/../lib/gcc/arm-none-eabi/4.9.3/../../../../arm-none-eabi/lib/armv7e-m/softfp\libm.a
START GROUP
LOAD d:/infineon/tools/dave ide/4.5.0.202105191637/eclipse/arm-gcc-49/bin/../lib/gcc/arm-none-eabi/4.9.3/armv7e-m/softfp\libgcc.a
LOAD d:/infineon/tools/dave ide/4.5.0.202105191637/eclipse/arm-gcc-49/bin/../lib/gcc/arm-none-eabi/4.9.3/../../../../arm-none-eabi/lib/armv7e-m/softfp\libg_nano.a
LOAD d:/infineon/tools/dave ide/4.5.0.202105191637/eclipse/arm-gcc-49/bin/../lib/gcc/arm-none-eabi/4.9.3/../../../../arm-none-eabi/lib/armv7e-m/softfp\libc_nano.a
END GROUP
START GROUP
LOAD d:/infineon/tools/dave ide/4.5.0.202105191637/eclipse/arm-gcc-49/bin/../lib/gcc/arm-none-eabi/4.9.3/armv7e-m/softfp\libgcc.a
LOAD d:/infineon/tools/dave ide/4.5.0.202105191637/eclipse/arm-gcc-49/bin/../lib/gcc/arm-none-eabi/4.9.3/../../../../arm-none-eabi/lib/armv7e-m/softfp\libc_nano.a
LOAD d:/infineon/tools/dave ide/4.5.0.202105191637/eclipse/arm-gcc-49/bin/../lib/gcc/arm-none-eabi/4.9.3/../../../../arm-none-eabi/lib/armv7e-m/softfp\libnosys.a
END GROUP
START GROUP
LOAD d:/infineon/tools/dave ide/4.5.0.202105191637/eclipse/arm-gcc-49/bin/../lib/gcc/arm-none-eabi/4.9.3/armv7e-m/softfp\libgcc.a
LOAD d:/infineon/tools/dave ide/4.5.0.202105191637/eclipse/arm-gcc-49/bin/../lib/gcc/arm-none-eabi/4.9.3/../../../../arm-none-eabi/lib/armv7e-m/softfp\libc_nano.a
LOAD d:/infineon/tools/dave ide/4.5.0.202105191637/eclipse/arm-gcc-49/bin/../lib/gcc/arm-none-eabi/4.9.3/../../../../arm-none-eabi/lib/armv7e-m/softfp\libnosys.a
END GROUP
                0x00000800                stack_size = DEFINED (stack_size)?stack_size:0x800
                0x00000040                no_init_size = 0x40

.text           0x08000000     0x25c0 load address 0x0c000000
                0x08000000                sText = .
 *(.reset)
 .reset         0x08000000      0x29c ./Startup/startup_XMC4300.o
                0x08000000                __Vectors
                0x08000200                Reset_Handler
                0x08000298                DebugMon_Handler
                0x08000298                VADC0_C0_0_IRQHandler
                0x08000298                CAN0_4_IRQHandler
                0x08000298                USIC0_5_IRQHandler
                0x08000298                HardFault_Handler
                0x08000298                VADC0_G1_1_IRQHandler
                0x08000298                SysTick_Handler
                0x08000298                PendSV_Handler
                0x08000298                NMI_Handler
                0x08000298                USIC1_3_IRQHandler
                0x08000298                CCU40_2_IRQHandler
                0x08000298                SCU_0_IRQHandler
                0x08000298                ERU0_0_IRQHandler
                0x08000298                CCU41_0_IRQHandler
                0x08000298                USIC1_5_IRQHandler
                0x08000298                CCU80_1_IRQHandler
                0x08000298                UsageFault_Handler
                0x08000298                USIC0_0_IRQHandler
                0x08000298                ERU0_2_IRQHandler
                0x08000298                ERU1_1_IRQHandler
                0x08000298                ERU0_3_IRQHandler
                0x08000298                VADC0_C0_3_IRQHandler
                0x08000298                CAN0_6_IRQHandler
                0x08000298                VADC0_G0_1_IRQHandler
                0x08000298                USIC1_1_IRQHandler
                0x08000298                CCU40_0_IRQHandler
                0x08000298                CAN0_0_IRQHandler
                0x08000298                ERU1_0_IRQHandler
                0x08000298                Default_Handler
                0x08000298                USIC1_4_IRQHandler
                0x08000298                ERU1_3_IRQHandler
                0x08000298                USIC1_0_IRQHandler
                0x08000298                VADC0_G0_0_IRQHandler
                0x08000298                CCU80_3_IRQHandler
                0x08000298                CCU41_3_IRQHandler
                0x08000298                CCU80_2_IRQHandler
                0x08000298                VADC0_G1_3_IRQHandler
                0x08000298                VADC0_G0_3_IRQHandler
                0x08000298                PMU0_0_IRQHandler
                0x08000298                CAN0_7_IRQHandler
                0x08000298                CCU41_2_IRQHandler
                0x08000298                VADC0_C0_1_IRQHandler
                0x08000298                MemManage_Handler
                0x08000298                DAC0_0_IRQHandler
                0x08000298                SVC_Handler
                0x08000298                ERU1_2_IRQHandler
                0x08000298                CCU41_1_IRQHandler
                0x08000298                VADC0_G1_2_IRQHandler
                0x08000298                CAN0_2_IRQHandler
                0x08000298                VADC0_G0_2_IRQHandler
                0x08000298                ECAT0_0_IRQHandler
                0x08000298                CAN0_3_IRQHandler
                0x08000298                ETH0_0_IRQHandler
                0x08000298                USIC0_3_IRQHandler
                0x08000298                VADC0_C0_2_IRQHandler
                0x08000298                FCE0_0_IRQHandler
                0x08000298                VADC0_G1_0_IRQHandler
                0x08000298                USB0_0_IRQHandler
                0x08000298                CAN0_5_IRQHandler
                0x08000298                CCU80_0_IRQHandler
                0x08000298                CCU40_1_IRQHandler
                0x08000298                USIC0_1_IRQHandler
                0x08000298                CCU40_3_IRQHandler
                0x08000298                BusFault_Handler
                0x08000298                LEDTS0_0_IRQHandler
                0x08000298                USIC0_4_IRQHandler
                0x08000298                ERU0_1_IRQHandler
                0x08000298                USIC1_2_IRQHandler
                0x08000298                SDMMC0_0_IRQHandler
                0x08000298                CAN0_1_IRQHandler
                0x08000298                USIC0_2_IRQHandler
                0x08000298                DAC0_1_IRQHandler
 *(.text .text.* .gnu.linkonce.t.*)
 .text.SystemInit
                0x0800029c       0x20 ./Startup/system_XMC4300.o
                0x0800029c                SystemInit
 .text.SystemCoreClockUpdate
                0x080002bc       0xd4 ./Startup/system_XMC4300.o
                0x080002bc                SystemCoreClockUpdate
 .text.XMC_GPIO_Init
                0x08000390      0x14c ./Libraries/XMCLib/src/xmc4_gpio.o
                0x08000390                XMC_GPIO_Init
 .text.XMC_SCU_CLOCK_GetCpuClockFrequency
                0x080004dc       0x18 ./Libraries/XMCLib/src/xmc4_scu.o
 .text.XMC_SCU_GetMirrorStatus
                0x080004f4       0x18 ./Libraries/XMCLib/src/xmc4_scu.o
 .text.XMC_SCU_lDelay
                0x0800050c       0x44 ./Libraries/XMCLib/src/xmc4_scu.o
 .text.XMC_SCU_INTERUPT_GetEventStatus
                0x08000550       0x18 ./Libraries/XMCLib/src/xmc4_scu.o
                0x08000550                XMC_SCU_INTERUPT_GetEventStatus
 .text.XMC_SCU_INTERRUPT_ClearEventStatus
                0x08000568       0x1c ./Libraries/XMCLib/src/xmc4_scu.o
                0x08000568                XMC_SCU_INTERRUPT_ClearEventStatus
 .text.XMC_SCU_CLOCK_Init
                0x08000584       0xf8 ./Libraries/XMCLib/src/xmc4_scu.o
                0x08000584                XMC_SCU_CLOCK_Init
 .text.XMC_SCU_RESET_DeassertPeripheralReset
                0x0800067c       0x38 ./Libraries/XMCLib/src/xmc4_scu.o
                0x0800067c                XMC_SCU_RESET_DeassertPeripheralReset
 .text.XMC_SCU_RESET_IsPeripheralResetAsserted
                0x080006b4       0x48 ./Libraries/XMCLib/src/xmc4_scu.o
                0x080006b4                XMC_SCU_RESET_IsPeripheralResetAsserted
 .text.XMC_SCU_CLOCK_GetPeripheralClockFrequency
                0x080006fc       0x20 ./Libraries/XMCLib/src/xmc4_scu.o
                0x080006fc                XMC_SCU_CLOCK_GetPeripheralClockFrequency
 .text.XMC_SCU_CLOCK_SetSystemClockSource
                0x0800071c       0x28 ./Libraries/XMCLib/src/xmc4_scu.o
                0x0800071c                XMC_SCU_CLOCK_SetSystemClockSource
 .text.XMC_SCU_CLOCK_SetUsbClockSource
                0x08000744       0x28 ./Libraries/XMCLib/src/xmc4_scu.o
                0x08000744                XMC_SCU_CLOCK_SetUsbClockSource
 .text.XMC_SCU_CLOCK_SetWdtClockSource
                0x0800076c       0x28 ./Libraries/XMCLib/src/xmc4_scu.o
                0x0800076c                XMC_SCU_CLOCK_SetWdtClockSource
 .text.XMC_SCU_CLOCK_SetSystemPllClockSource
                0x08000794       0x40 ./Libraries/XMCLib/src/xmc4_scu.o
                0x08000794                XMC_SCU_CLOCK_SetSystemPllClockSource
 .text.XMC_SCU_HIB_SetRtcClockSource
                0x080007d4       0x3c ./Libraries/XMCLib/src/xmc4_scu.o
                0x080007d4                XMC_SCU_HIB_SetRtcClockSource
 .text.XMC_SCU_HIB_SetStandbyClockSource
                0x08000810       0x3c ./Libraries/XMCLib/src/xmc4_scu.o
                0x08000810                XMC_SCU_HIB_SetStandbyClockSource
 .text.XMC_SCU_CLOCK_SetSystemClockDivider
                0x0800084c       0x28 ./Libraries/XMCLib/src/xmc4_scu.o
                0x0800084c                XMC_SCU_CLOCK_SetSystemClockDivider
 .text.XMC_SCU_CLOCK_SetCcuClockDivider
                0x08000874       0x28 ./Libraries/XMCLib/src/xmc4_scu.o
                0x08000874                XMC_SCU_CLOCK_SetCcuClockDivider
 .text.XMC_SCU_CLOCK_SetCpuClockDivider
                0x0800089c       0x28 ./Libraries/XMCLib/src/xmc4_scu.o
                0x0800089c                XMC_SCU_CLOCK_SetCpuClockDivider
 .text.XMC_SCU_CLOCK_SetPeripheralClockDivider
                0x080008c4       0x28 ./Libraries/XMCLib/src/xmc4_scu.o
                0x080008c4                XMC_SCU_CLOCK_SetPeripheralClockDivider
 .text.XMC_SCU_CLOCK_SetUsbClockDivider
                0x080008ec       0x28 ./Libraries/XMCLib/src/xmc4_scu.o
                0x080008ec                XMC_SCU_CLOCK_SetUsbClockDivider
 .text.XMC_SCU_CLOCK_SetWdtClockDivider
                0x08000914       0x28 ./Libraries/XMCLib/src/xmc4_scu.o
                0x08000914                XMC_SCU_CLOCK_SetWdtClockDivider
 .text.XMC_SCU_CLOCK_SetECATClockDivider
                0x0800093c       0x28 ./Libraries/XMCLib/src/xmc4_scu.o
                0x0800093c                XMC_SCU_CLOCK_SetECATClockDivider
 .text.XMC_SCU_CLOCK_UngatePeripheralClock
                0x08000964       0x38 ./Libraries/XMCLib/src/xmc4_scu.o
                0x08000964                XMC_SCU_CLOCK_UngatePeripheralClock
 .text.XMC_SCU_CLOCK_IsPeripheralClockGated
                0x0800099c       0x48 ./Libraries/XMCLib/src/xmc4_scu.o
                0x0800099c                XMC_SCU_CLOCK_IsPeripheralClockGated
 .text.XMC_SCU_CLOCK_EnableUsbPll
                0x080009e4       0x20 ./Libraries/XMCLib/src/xmc4_scu.o
                0x080009e4                XMC_SCU_CLOCK_EnableUsbPll
 .text.XMC_SCU_CLOCK_StartUsbPll
                0x08000a04       0xb4 ./Libraries/XMCLib/src/xmc4_scu.o
                0x08000a04                XMC_SCU_CLOCK_StartUsbPll
 .text.XMC_SCU_CLOCK_SetBackupClockCalibrationMode
                0x08000ab8       0x4c ./Libraries/XMCLib/src/xmc4_scu.o
                0x08000ab8                XMC_SCU_CLOCK_SetBackupClockCalibrationMode
 .text.XMC_SCU_HIB_EnableHibernateDomain
                0x08000b04       0x58 ./Libraries/XMCLib/src/xmc4_scu.o
                0x08000b04                XMC_SCU_HIB_EnableHibernateDomain
 .text.XMC_SCU_CLOCK_IsLowPowerOscillatorStable
                0x08000b5c       0x24 ./Libraries/XMCLib/src/xmc4_scu.o
                0x08000b5c                XMC_SCU_CLOCK_IsLowPowerOscillatorStable
 .text.XMC_SCU_CLOCK_EnableLowPowerOscillator
                0x08000b80       0x70 ./Libraries/XMCLib/src/xmc4_scu.o
                0x08000b80                XMC_SCU_CLOCK_EnableLowPowerOscillator
 .text.XMC_SCU_CLOCK_EnableHighPerformanceOscillator
                0x08000bf0       0x50 ./Libraries/XMCLib/src/xmc4_scu.o
                0x08000bf0                XMC_SCU_CLOCK_EnableHighPerformanceOscillator
 .text.XMC_SCU_CLOCK_IsHighPerformanceOscillatorStable
                0x08000c40       0x28 ./Libraries/XMCLib/src/xmc4_scu.o
                0x08000c40                XMC_SCU_CLOCK_IsHighPerformanceOscillatorStable
 .text.XMC_SCU_CLOCK_EnableSystemPll
                0x08000c68       0x20 ./Libraries/XMCLib/src/xmc4_scu.o
                0x08000c68                XMC_SCU_CLOCK_EnableSystemPll
 .text.XMC_SCU_CLOCK_DisableSystemPll
                0x08000c88       0x20 ./Libraries/XMCLib/src/xmc4_scu.o
                0x08000c88                XMC_SCU_CLOCK_DisableSystemPll
 .text.XMC_SCU_CLOCK_StartSystemPll
                0x08000ca8      0x19c ./Libraries/XMCLib/src/xmc4_scu.o
                0x08000ca8                XMC_SCU_CLOCK_StartSystemPll
 .text.XMC_SCU_CLOCK_StepSystemPllFrequency
                0x08000e44       0x3c ./Libraries/XMCLib/src/xmc4_scu.o
                0x08000e44                XMC_SCU_CLOCK_StepSystemPllFrequency
 .text.XMC_DMA_GetEventStatus
                0x08000e80       0x1c ./Libraries/XMCLib/src/xmc_dma.o
 .text.XMC_DMA_GetChannelsTransferCompleteStatus
                0x08000e9c       0x1c ./Libraries/XMCLib/src/xmc_dma.o
 .text.XMC_DMA_GetChannelsBlockCompleteStatus
                0x08000eb8       0x1c ./Libraries/XMCLib/src/xmc_dma.o
 .text.XMC_DMA_GetChannelsSourceTransactionCompleteStatus
                0x08000ed4       0x1c ./Libraries/XMCLib/src/xmc_dma.o
 .text.XMC_DMA_GetChannelsDestinationTransactionCompleteStatus
                0x08000ef0       0x1c ./Libraries/XMCLib/src/xmc_dma.o
 .text.XMC_DMA_GetChannelsErrorStatus
                0x08000f0c       0x1c ./Libraries/XMCLib/src/xmc_dma.o
 .text.XMC_DMA_Init
                0x08000f28       0x14 ./Libraries/XMCLib/src/xmc_dma.o
                0x08000f28                XMC_DMA_Init
 .text.XMC_DMA_Enable
                0x08000f3c       0x28 ./Libraries/XMCLib/src/xmc_dma.o
                0x08000f3c                XMC_DMA_Enable
 .text.XMC_DMA_IsEnabled
                0x08000f64       0x88 ./Libraries/XMCLib/src/xmc_dma.o
                0x08000f64                XMC_DMA_IsEnabled
 .text.XMC_DMA_EnableRequestLine
                0x08000fec       0x54 ./Libraries/XMCLib/src/xmc_dma.o
                0x08000fec                XMC_DMA_EnableRequestLine
 .text.XMC_DMA_CH_IsEnabled
                0x08001040       0x34 ./Libraries/XMCLib/src/xmc_dma.o
                0x08001040                XMC_DMA_CH_IsEnabled
 .text.XMC_DMA_CH_Init
                0x08001074      0x3e0 ./Libraries/XMCLib/src/xmc_dma.o
                0x08001074                XMC_DMA_CH_Init
 .text.XMC_DMA_CH_EnableEvent
                0x08001454       0x50 ./Libraries/XMCLib/src/xmc_dma.o
                0x08001454                XMC_DMA_CH_EnableEvent
 .text.XMC_DMA_CH_ClearEventStatus
                0x080014a4       0x4c ./Libraries/XMCLib/src/xmc_dma.o
                0x080014a4                XMC_DMA_CH_ClearEventStatus
 .text.XMC_DMA_CH_SetEventHandler
                0x080014f0       0x28 ./Libraries/XMCLib/src/xmc_dma.o
                0x080014f0                XMC_DMA_CH_SetEventHandler
 .text.XMC_DMA_IRQHandler
                0x08001518      0x20c ./Libraries/XMCLib/src/xmc_dma.o
                0x08001518                XMC_DMA_IRQHandler
 .text.XMC_GPIO_SetHardwareControl
                0x08001724       0x44 ./Libraries/XMCLib/src/xmc_gpio.o
                0x08001724                XMC_GPIO_SetHardwareControl
 .text.XMC_SPI_CH_InitEx
                0x08001768       0x8c ./Libraries/XMCLib/src/xmc_spi.o
                0x08001768                XMC_SPI_CH_InitEx
 .text.XMC_SPI_CH_DisableEvent
                0x080017f4       0x38 ./Libraries/XMCLib/src/xmc_spi.o
                0x080017f4                XMC_SPI_CH_DisableEvent
 .text.XMC_USIC_CH_Enable
                0x0800182c       0x74 ./Libraries/XMCLib/src/xmc_usic.o
                0x0800182c                XMC_USIC_CH_Enable
 .text.XMC_USIC_CH_SetBaudrate
                0x080018a0       0xe4 ./Libraries/XMCLib/src/xmc_usic.o
                0x080018a0                XMC_USIC_CH_SetBaudrate
 .text.XMC_USIC_CH_SetBaudrateEx
                0x08001984      0x100 ./Libraries/XMCLib/src/xmc_usic.o
                0x08001984                XMC_USIC_CH_SetBaudrateEx
 .text.XMC_USIC_CH_SetInterruptNodePointer
                0x08001a84       0x38 ./Libraries/XMCLib/src/xmc_usic.o
                0x08001a84                XMC_USIC_CH_SetInterruptNodePointer
 .text.XMC_USIC_Enable
                0x08001abc       0x84 ./Libraries/XMCLib/src/xmc_usic.o
                0x08001abc                XMC_USIC_Enable
 .text._init    0x08001b40        0xc ./Libraries/Newlib/syscalls.o
                0x08001b40                _init
 .text.SPI_MASTER_Init
                0x08001b4c       0x20 ./Dave/Generated/SPI_MASTER/spi_master.o
                0x08001b4c                SPI_MASTER_Init
 .text.XMC_USIC_CH_SetInputSource
                0x08001b6c       0x3c ./Dave/Generated/SPI_MASTER/spi_master_conf.o
 .text.XMC_USIC_CH_SetWordLength
                0x08001ba8       0x2c ./Dave/Generated/SPI_MASTER/spi_master_conf.o
 .text.XMC_USIC_CH_SetFrameLength
                0x08001bd4       0x2c ./Dave/Generated/SPI_MASTER/spi_master_conf.o
 .text.XMC_USIC_CH_GetTransmitBufferStatus
                0x08001c00       0x20 ./Dave/Generated/SPI_MASTER/spi_master_conf.o
 .text.XMC_USIC_CH_TriggerServiceRequest
                0x08001c20       0x20 ./Dave/Generated/SPI_MASTER/spi_master_conf.o
 .text.XMC_USIC_CH_ConfigureShiftClockOutput
                0x08001c40       0x2c ./Dave/Generated/SPI_MASTER/spi_master_conf.o
 .text.XMC_USIC_CH_SetMode
                0x08001c6c       0x28 ./Dave/Generated/SPI_MASTER/spi_master_conf.o
 .text.XMC_SPI_CH_Init
                0x08001c94       0x1c ./Dave/Generated/SPI_MASTER/spi_master_conf.o
 .text.XMC_SPI_CH_Start
                0x08001cb0       0x18 ./Dave/Generated/SPI_MASTER/spi_master_conf.o
 .text.XMC_SPI_CH_SetBitOrderMsbFirst
                0x08001cc8       0x20 ./Dave/Generated/SPI_MASTER/spi_master_conf.o
 .text.XMC_SPI_CH_SetSlaveSelectDelay
                0x08001ce8       0x2c ./Dave/Generated/SPI_MASTER/spi_master_conf.o
 .text.XMC_SPI_CH_ConfigureShiftClockOutput
                0x08001d14       0x1c ./Dave/Generated/SPI_MASTER/spi_master_conf.o
 .text.XMC_SPI_CH_SetWordLength
                0x08001d30       0x1c ./Dave/Generated/SPI_MASTER/spi_master_conf.o
 .text.XMC_SPI_CH_SetFrameLength
                0x08001d4c       0x1c ./Dave/Generated/SPI_MASTER/spi_master_conf.o
 .text.XMC_SPI_CH_SetInputSource
                0x08001d68       0x44 ./Dave/Generated/SPI_MASTER/spi_master_conf.o
 .text.SPI_MASTER_0_lInit
                0x08001dac      0x120 ./Dave/Generated/SPI_MASTER/spi_master_conf.o
 .text.SPI_MASTER_0_DMA_tx_handler
                0x08001ecc       0x38 ./Dave/Generated/SPI_MASTER/spi_master_conf.o
                0x08001ecc                SPI_MASTER_0_DMA_tx_handler
 .text.SPI_MASTER_0_DMA_rx_handler
                0x08001f04       0x44 ./Dave/Generated/SPI_MASTER/spi_master_conf.o
                0x08001f04                SPI_MASTER_0_DMA_rx_handler
 .text.__NVIC_GetPriorityGrouping
                0x08001f48       0x1c ./Dave/Generated/GLOBAL_DMA/global_dma.o
 .text.__NVIC_EnableIRQ
                0x08001f64       0x38 ./Dave/Generated/GLOBAL_DMA/global_dma.o
 .text.__NVIC_SetPriority
                0x08001f9c       0x54 ./Dave/Generated/GLOBAL_DMA/global_dma.o
 .text.NVIC_EncodePriority
                0x08001ff0       0x64 ./Dave/Generated/GLOBAL_DMA/global_dma.o
 .text.GLOBAL_DMA_Init
                0x08002054       0x6c ./Dave/Generated/GLOBAL_DMA/global_dma.o
                0x08002054                GLOBAL_DMA_Init
 .text.GPDMA0_0_IRQHandler
                0x080020c0       0x10 ./Dave/Generated/GLOBAL_DMA/global_dma_conf.o
                0x080020c0                GPDMA0_0_IRQHandler
 .text.DIGITAL_IO_Init
                0x080020d0       0x40 ./Dave/Generated/DIGITAL_IO/digital_io.o
                0x080020d0                DIGITAL_IO_Init
 .text.__NVIC_SetPriorityGrouping
                0x08002110       0x48 ./Dave/Generated/CPU_CTRL_XMC4/cpu_ctrl_xmc4_conf.o
 .text.SystemCoreSetup
                0x08002158       0xa0 ./Dave/Generated/CPU_CTRL_XMC4/cpu_ctrl_xmc4_conf.o
                0x08002158                SystemCoreSetup
 .text.CLOCK_XMC4_Init
                0x080021f8       0x20 ./Dave/Generated/CLOCK_XMC4/clock_xmc4.o
                0x080021f8                CLOCK_XMC4_Init
 .text.OSCHP_GetFrequency
                0x08002218       0x14 ./Dave/Generated/CLOCK_XMC4/clock_xmc4.o
                0x08002218                OSCHP_GetFrequency
 .text.XMC_SCU_CLOCK_SetECATClockSource
                0x0800222c       0x28 ./Dave/Generated/CLOCK_XMC4/clock_xmc4_conf.o
 .text.SystemCoreClockSetup
                0x08002254       0x60 ./Dave/Generated/CLOCK_XMC4/clock_xmc4_conf.o
                0x08002254                SystemCoreClockSetup
 .text.DAVE_Init
                0x080022b4       0x74 ./Dave/Generated/DAVE.o
                0x080022b4                DAVE_Init
 .text.XMC_GPIO_SetOutputHigh
                0x08002328       0x20 ./main.o
 .text.XMC_GPIO_SetOutputLow
                0x08002348       0x24 ./main.o
 .text.DIGITAL_IO_SetOutputHigh
                0x0800236c       0x20 ./main.o
 .text.DIGITAL_IO_SetOutputLow
                0x0800238c       0x20 ./main.o
 .text.Delay_us
                0x080023ac       0x28 ./main.o
                0x080023ac                Delay_us
 .text.TMC6460_SPI_Read
                0x080023d4       0x18 ./main.o
 .text.main     0x080023ec       0x80 ./main.o
                0x080023ec                main
 .text.__libc_init_array
                0x0800246c       0x4c d:/infineon/tools/dave ide/4.5.0.202105191637/eclipse/arm-gcc-49/bin/../lib/gcc/arm-none-eabi/4.9.3/../../../../arm-none-eabi/lib/armv7e-m/softfp\libg_nano.a(lib_a-init.o)
                0x0800246c                __libc_init_array
 *(.init)
 *(.fini)
 *crtbegin.o(.ctors)
 *crtbegin?.o(.ctors)
 *(EXCLUDE_FILE(*crtend.o *crtend?.o) .ctors)
 *(SORT(.ctors.*))
 *(.ctors)
 *crtbegin.o(.dtors)
 *crtbegin?.o(.dtors)
 *(EXCLUDE_FILE(*crtend.o *crtend?.o) .dtors)
 *(SORT(.dtors.*))
 *(.dtors)
 *(.rodata .rodata.*)
 .rodata.SPI_MASTER_0_MOSI
                0x080024b8        0x8 ./Dave/Generated/SPI_MASTER/spi_master_conf.o
                0x080024b8                SPI_MASTER_0_MOSI
 .rodata.SPI_MASTER_0_MISO
                0x080024c0        0x8 ./Dave/Generated/SPI_MASTER/spi_master_conf.o
                0x080024c0                SPI_MASTER_0_MISO
 .rodata.SPI_MASTER_0_SCLKOUT
                0x080024c8        0x8 ./Dave/Generated/SPI_MASTER/spi_master_conf.o
                0x080024c8                SPI_MASTER_0_SCLKOUT
 .rodata.SPI_MASTER_0_SCLKOUT_Config
                0x080024d0       0x14 ./Dave/Generated/SPI_MASTER/spi_master_conf.o
                0x080024d0                SPI_MASTER_0_SCLKOUT_Config
 .rodata.SPI_MASTER_0_Config
                0x080024e4       0x8c ./Dave/Generated/SPI_MASTER/spi_master_conf.o
                0x080024e4                SPI_MASTER_0_Config
 .rodata.LED    0x08002570       0x14 ./Dave/Generated/DIGITAL_IO/digital_io_conf.o
                0x08002570                LED
 .rodata.SLEEPN5
                0x08002584       0x14 ./Dave/Generated/DIGITAL_IO/digital_io_conf.o
                0x08002584                SLEEPN5
 .rodata.CS_5   0x08002598       0x14 ./Dave/Generated/DIGITAL_IO/digital_io_conf.o
                0x08002598                CS_5
 .rodata        0x080025ac       0x14 ./Dave/Generated/CLOCK_XMC4/clock_xmc4_conf.o
 *(.gnu.linkonce.r*)
 *(vtable)
                0x080025c0                . = ALIGN (0x4)

.glue_7         0x080025c0        0x0 load address 0x0c0025c0
 .glue_7        0x00000000        0x0 linker stubs

.glue_7t        0x080025c0        0x0 load address 0x0c0025c0
 .glue_7t       0x00000000        0x0 linker stubs

.vfp11_veneer   0x080025c0        0x0 load address 0x0c0025c0
 .vfp11_veneer  0x00000000        0x0 linker stubs

.v4_bx          0x080025c0        0x0 load address 0x0c0025c0
 .v4_bx         0x00000000        0x0 linker stubs

.iplt           0x080025c0        0x0 load address 0x0c0025c0
 .iplt          0x00000000        0x0 ./Startup/startup_XMC4300.o

.rel.dyn        0x080025c0        0x0 load address 0x0c0025c0
 .rel.iplt      0x00000000        0x0 ./Startup/startup_XMC4300.o

.eh_frame_hdr
 *(.eh_frame_hdr)

.eh_frame
 *(.eh_frame)

.ARM.extab
 *(.ARM.extab* .gnu.linkonce.armextab.*)
                0x080025c0                . = ALIGN (0x4)
                0x080025c0                __exidx_start = .

.ARM.exidx
 *(.ARM.exidx* .gnu.linkonce.armexidx.*)
                0x080025c0                __exidx_end = .
                0x080025c0                . = ALIGN (0x4)

Stack           0x1fff0000      0x800
                0x1fff0000                __stack_start = .
                0x1fff0800                . = (. + stack_size)
 *fill*         0x1fff0000      0x800 
                0x1fff0800                __stack_end = .
                0x1fff0800                __initial_sp = .

.ram_code       0x1fff0800        0x0 load address 0x0c0025c0
                0x1fff0800                . = ALIGN (0x4)
                0x1fff0800                __ram_code_start = .
 *(.ram_code)
                0x1fff0800                . = ALIGN (0x4)
                0x1fff0800                __ram_code_end = .
                0x0c0025c0                __ram_code_load = LOADADDR (.ram_code)
                0x00000000                __ram_code_size = (__ram_code_end - __ram_code_start)

.data           0x1fff0800       0xd0 load address 0x0c0025c0
                0x1fff0800                . = ALIGN (0x4)
                0x1fff0800                __data_start = .
 *(.data)
 *(.data*)
 .data.SPI_MASTER_0_MOSI_Config
                0x1fff0800       0x14 ./Dave/Generated/SPI_MASTER/spi_master_conf.o
                0x1fff0800                SPI_MASTER_0_MOSI_Config
 .data.SPI_MASTER_0_MISO_Config
                0x1fff0814       0x14 ./Dave/Generated/SPI_MASTER/spi_master_conf.o
                0x1fff0814                SPI_MASTER_0_MISO_Config
 .data.SPI_MASTER_0_Channel_Config
                0x1fff0828        0xc ./Dave/Generated/SPI_MASTER/spi_master_conf.o
                0x1fff0828                SPI_MASTER_0_Channel_Config
 .data.SPI_MASTER_0_dma_ch_tx_config
                0x1fff0834       0x24 ./Dave/Generated/SPI_MASTER/spi_master_conf.o
                0x1fff0834                SPI_MASTER_0_dma_ch_tx_config
 .data.SPI_MASTER_0_dma_ch_rx_config
                0x1fff0858       0x24 ./Dave/Generated/SPI_MASTER/spi_master_conf.o
                0x1fff0858                SPI_MASTER_0_dma_ch_rx_config
 .data.SPI_MASTER_0_runtime
                0x1fff087c       0x24 ./Dave/Generated/SPI_MASTER/spi_master_conf.o
                0x1fff087c                SPI_MASTER_0_runtime
 .data.SPI_MASTER_0
                0x1fff08a0       0x20 ./Dave/Generated/SPI_MASTER/spi_master_conf.o
                0x1fff08a0                SPI_MASTER_0
 .data.GLOBAL_DMA_0_CONFIG
                0x1fff08c0        0x4 ./Dave/Generated/GLOBAL_DMA/global_dma_conf.o
                0x1fff08c0                GLOBAL_DMA_0_CONFIG
 .data.GLOBAL_DMA_0
                0x1fff08c4        0xc ./Dave/Generated/GLOBAL_DMA/global_dma_conf.o
                0x1fff08c4                GLOBAL_DMA_0
 *(*.data)
 *(.gnu.linkonce.d*)
                0x1fff08d0                . = ALIGN (0x4)
                0x1fff08d0                PROVIDE (__preinit_array_start, .)
 *(.preinit_array)
                0x1fff08d0                PROVIDE (__preinit_array_end, .)
                0x1fff08d0                . = ALIGN (0x4)
                0x1fff08d0                PROVIDE (__init_array_start, .)
 *(SORT(.init_array.*))
 *(.init_array)
                0x1fff08d0                PROVIDE (__init_array_end, .)
                0x1fff08d0                . = ALIGN (0x4)
                0x1fff08d0                PROVIDE (__fini_array_start, .)
 *(SORT(.fini_array.*))
 *(.fini_array)
                0x1fff08d0                PROVIDE (__fini_array_end, .)
                0x1fff08d0                . = ALIGN (0x4)
                0x1fff08d0                __data_end = .
                0x0c0025c0                __data_load = LOADADDR (.data)
                0x000000d0                __data_size = (__data_end - __data_start)
                0x00002690                __text_size = (((__exidx_end - sText) + __data_size) + __ram_code_size)
                0x08002690                eText = (sText + __text_size)

.igot.plt       0x1fff08d0        0x0 load address 0x0c002690
 .igot.plt      0x00000000        0x0 ./Startup/startup_XMC4300.o

.bss            0x1fff08d0       0x24 load address 0x0c002690
                0x1fff08d0                . = ALIGN (0x4)
                0x1fff08d0                __bss_start = .
 *(.bss)
 *(.bss*)
 .bss.dma0_event_handlers
                0x1fff08d0       0x20 ./Libraries/XMCLib/src/xmc_dma.o
 .bss.CLOCK_XMC4_0
                0x1fff08f0        0x4 ./Dave/Generated/CLOCK_XMC4/clock_xmc4_conf.o
                0x1fff08f0                CLOCK_XMC4_0
 *(COMMON)
 *(.gnu.linkonce.b*)
                0x1fff08f4                . = ALIGN (0x4)
                0x1fff08f4                __bss_end = .
                0x00000024                __bss_size = (__bss_end - __bss_start)
                0x0000f70c                __shift_loc = (__bss_end >= ORIGIN (DSRAM_1_system))?0x0:(ORIGIN (DSRAM_1_system) - __bss_end)

USB_RAM         0x20000000        0x0
                0x20000000                . = ALIGN (0x4)
                0x20000000                USB_RAM_start = .
 *(USB_RAM)
                0x20000000                . = ALIGN (0x4)
                0x20000000                USB_RAM_end = .
                0x00000000                USB_RAM_size = (USB_RAM_end - USB_RAM_start)

ETH_RAM         0x20000000        0x0
                0x20000000                . = ALIGN (0x4)
                0x20000000                ETH_RAM_start = .
 *(ETH_RAM)
                0x20000000                . = ALIGN (0x4)
                0x20000000                ETH_RAM_end = .
                0x20000000                . = ALIGN (0x8)
                0x20000000                Heap_Bank1_Start = .
                0x00000000                ETH_RAM_size = (ETH_RAM_end - ETH_RAM_start)

.no_init        0x2000ffc0       0x14
                0x2000ffc0                Heap_Bank1_End = .
 *(.no_init)
 .no_init       0x2000ffc0       0x14 ./Startup/system_XMC4300.o
                0x2000ffc0                SystemCoreClock
                0x2000ffc4                g_chipid
                0x0000ffc0                Heap_Bank1_Size = (Heap_Bank1_End - Heap_Bank1_Start)
                0x00000001                ASSERT ((Heap_Bank1_Start <= Heap_Bank1_End), region SRAM_combined overflowed no_init section)

/DISCARD/
 *(.comment)

.stab
 *(.stab)

.stabstr
 *(.stabstr)

.debug
 *(.debug)

.line
 *(.line)

.debug_srcinfo
 *(.debug_srcinfo)

.debug_sfnames
 *(.debug_sfnames)

.debug_aranges  0x00000000      0xac8
 *(.debug_aranges)
 .debug_aranges
                0x00000000       0x20 ./Startup/startup_XMC4300.o
 .debug_aranges
                0x00000020       0x48 ./Startup/system_XMC4300.o
 .debug_aranges
                0x00000068       0x28 ./Libraries/XMCLib/src/xmc4_gpio.o
 .debug_aranges
                0x00000090      0x3e8 ./Libraries/XMCLib/src/xmc4_scu.o
 .debug_aranges
                0x00000478      0x158 ./Libraries/XMCLib/src/xmc_dma.o
 .debug_aranges
                0x000005d0       0x28 ./Libraries/XMCLib/src/xmc_gpio.o
 .debug_aranges
                0x000005f8       0x88 ./Libraries/XMCLib/src/xmc_spi.o
 .debug_aranges
                0x00000680       0xb8 ./Libraries/XMCLib/src/xmc_usic.o
 .debug_aranges
                0x00000738       0x28 ./Libraries/Newlib/syscalls.o
 .debug_aranges
                0x00000760      0x118 ./Dave/Generated/SPI_MASTER/spi_master.o
 .debug_aranges
                0x00000878       0xa8 ./Dave/Generated/SPI_MASTER/spi_master_conf.o
 .debug_aranges
                0x00000920       0x48 ./Dave/Generated/GLOBAL_DMA/global_dma.o
 .debug_aranges
                0x00000968       0x20 ./Dave/Generated/GLOBAL_DMA/global_dma_conf.o
 .debug_aranges
                0x00000988       0x28 ./Dave/Generated/DIGITAL_IO/digital_io.o
 .debug_aranges
                0x000009b0       0x18 ./Dave/Generated/DIGITAL_IO/digital_io_conf.o
 .debug_aranges
                0x000009c8       0x28 ./Dave/Generated/CPU_CTRL_XMC4/cpu_ctrl_xmc4_conf.o
 .debug_aranges
                0x000009f0       0x38 ./Dave/Generated/CLOCK_XMC4/clock_xmc4.o
 .debug_aranges
                0x00000a28       0x28 ./Dave/Generated/CLOCK_XMC4/clock_xmc4_conf.o
 .debug_aranges
                0x00000a50       0x20 ./Dave/Generated/DAVE.o
 .debug_aranges
                0x00000a70       0x58 ./main.o

.debug_pubnames
 *(.debug_pubnames)

.debug_pubtypes
 *(.debug_pubtypes)

.debug_info     0x00000000     0xfff9
 *(.debug_info .gnu.linkonce.wi.*)
 .debug_info    0x00000000       0x94 ./Startup/startup_XMC4300.o
 .debug_info    0x00000094      0x9e8 ./Startup/system_XMC4300.o
 .debug_info    0x00000a7c      0x4dd ./Libraries/XMCLib/src/xmc4_gpio.o
 .debug_info    0x00000f59     0x2366 ./Libraries/XMCLib/src/xmc4_scu.o
 .debug_info    0x000032bf     0x1729 ./Libraries/XMCLib/src/xmc_dma.o
 .debug_info    0x000049e8      0x458 ./Libraries/XMCLib/src/xmc_gpio.o
 .debug_info    0x00004e40      0xb61 ./Libraries/XMCLib/src/xmc_spi.o
 .debug_info    0x000059a1      0xf1c ./Libraries/XMCLib/src/xmc_usic.o
 .debug_info    0x000068bd      0x11f ./Libraries/Newlib/syscalls.o
 .debug_info    0x000069dc     0x252a ./Dave/Generated/SPI_MASTER/spi_master.o
 .debug_info    0x00008f06     0x214e ./Dave/Generated/SPI_MASTER/spi_master_conf.o
 .debug_info    0x0000b054      0xc64 ./Dave/Generated/GLOBAL_DMA/global_dma.o
 .debug_info    0x0000bcb8      0x7d5 ./Dave/Generated/GLOBAL_DMA/global_dma_conf.o
 .debug_info    0x0000c48d      0x597 ./Dave/Generated/DIGITAL_IO/digital_io.o
 .debug_info    0x0000ca24      0x4f6 ./Dave/Generated/DIGITAL_IO/digital_io_conf.o
 .debug_info    0x0000cf1a      0x52e ./Dave/Generated/CPU_CTRL_XMC4/cpu_ctrl_xmc4_conf.o
 .debug_info    0x0000d448      0x2dd ./Dave/Generated/CLOCK_XMC4/clock_xmc4.o
 .debug_info    0x0000d725      0x62c ./Dave/Generated/CLOCK_XMC4/clock_xmc4_conf.o
 .debug_info    0x0000dd51     0x1aa9 ./Dave/Generated/DAVE.o
 .debug_info    0x0000f7fa      0x7ff ./main.o

.debug_abbrev   0x00000000     0x22f3
 *(.debug_abbrev)
 .debug_abbrev  0x00000000       0x14 ./Startup/startup_XMC4300.o
 .debug_abbrev  0x00000014      0x1f1 ./Startup/system_XMC4300.o
 .debug_abbrev  0x00000205      0x144 ./Libraries/XMCLib/src/xmc4_gpio.o
 .debug_abbrev  0x00000349      0x2a3 ./Libraries/XMCLib/src/xmc4_scu.o
 .debug_abbrev  0x000005ec      0x2b6 ./Libraries/XMCLib/src/xmc_dma.o
 .debug_abbrev  0x000008a2      0x144 ./Libraries/XMCLib/src/xmc_gpio.o
 .debug_abbrev  0x000009e6      0x279 ./Libraries/XMCLib/src/xmc_spi.o
 .debug_abbrev  0x00000c5f      0x24c ./Libraries/XMCLib/src/xmc_usic.o
 .debug_abbrev  0x00000eab       0xbd ./Libraries/Newlib/syscalls.o
 .debug_abbrev  0x00000f68      0x2b2 ./Dave/Generated/SPI_MASTER/spi_master.o
 .debug_abbrev  0x0000121a      0x26d ./Dave/Generated/SPI_MASTER/spi_master_conf.o
 .debug_abbrev  0x00001487      0x218 ./Dave/Generated/GLOBAL_DMA/global_dma.o
 .debug_abbrev  0x0000169f      0x151 ./Dave/Generated/GLOBAL_DMA/global_dma_conf.o
 .debug_abbrev  0x000017f0      0x171 ./Dave/Generated/DIGITAL_IO/digital_io.o
 .debug_abbrev  0x00001961      0x137 ./Dave/Generated/DIGITAL_IO/digital_io_conf.o
 .debug_abbrev  0x00001a98      0x1b4 ./Dave/Generated/CPU_CTRL_XMC4/cpu_ctrl_xmc4_conf.o
 .debug_abbrev  0x00001c4c      0x13d ./Dave/Generated/CLOCK_XMC4/clock_xmc4.o
 .debug_abbrev  0x00001d89      0x168 ./Dave/Generated/CLOCK_XMC4/clock_xmc4_conf.o
 .debug_abbrev  0x00001ef1      0x1eb ./Dave/Generated/DAVE.o
 .debug_abbrev  0x000020dc      0x217 ./main.o

.debug_line     0x00000000     0x5197
 *(.debug_line)
 .debug_line    0x00000000       0x87 ./Startup/startup_XMC4300.o
 .debug_line    0x00000087      0x376 ./Startup/system_XMC4300.o
 .debug_line    0x000003fd      0x24d ./Libraries/XMCLib/src/xmc4_gpio.o
 .debug_line    0x0000064a      0xe6e ./Libraries/XMCLib/src/xmc4_scu.o
 .debug_line    0x000014b8      0x725 ./Libraries/XMCLib/src/xmc_dma.o
 .debug_line    0x00001bdd      0x23a ./Libraries/XMCLib/src/xmc_gpio.o
 .debug_line    0x00001e17      0x41d ./Libraries/XMCLib/src/xmc_spi.o
 .debug_line    0x00002234      0x563 ./Libraries/XMCLib/src/xmc_usic.o
 .debug_line    0x00002797       0xd0 ./Libraries/Newlib/syscalls.o
 .debug_line    0x00002867      0x80e ./Dave/Generated/SPI_MASTER/spi_master.o
 .debug_line    0x00003075      0x508 ./Dave/Generated/SPI_MASTER/spi_master_conf.o
 .debug_line    0x0000357d      0x3b0 ./Dave/Generated/GLOBAL_DMA/global_dma.o
 .debug_line    0x0000392d      0x2b6 ./Dave/Generated/GLOBAL_DMA/global_dma_conf.o
 .debug_line    0x00003be3      0x2bc ./Dave/Generated/DIGITAL_IO/digital_io.o
 .debug_line    0x00003e9f      0x22e ./Dave/Generated/DIGITAL_IO/digital_io_conf.o
 .debug_line    0x000040cd      0x2a7 ./Dave/Generated/CPU_CTRL_XMC4/cpu_ctrl_xmc4_conf.o
 .debug_line    0x00004374      0x2f2 ./Dave/Generated/CLOCK_XMC4/clock_xmc4.o
 .debug_line    0x00004666      0x2eb ./Dave/Generated/CLOCK_XMC4/clock_xmc4_conf.o
 .debug_line    0x00004951      0x3e9 ./Dave/Generated/DAVE.o
 .debug_line    0x00004d3a      0x45d ./main.o

.debug_frame    0x00000000     0x2cb8
 *(.debug_frame)
 .debug_frame   0x00000000       0xec ./Startup/system_XMC4300.o
 .debug_frame   0x000000ec       0x60 ./Libraries/XMCLib/src/xmc4_gpio.o
 .debug_frame   0x0000014c     0x125c ./Libraries/XMCLib/src/xmc4_scu.o
 .debug_frame   0x000013a8      0x650 ./Libraries/XMCLib/src/xmc_dma.o
 .debug_frame   0x000019f8       0x60 ./Libraries/XMCLib/src/xmc_gpio.o
 .debug_frame   0x00001a58      0x240 ./Libraries/XMCLib/src/xmc_spi.o
 .debug_frame   0x00001c98      0x330 ./Libraries/XMCLib/src/xmc_usic.o
 .debug_frame   0x00001fc8       0x5c ./Libraries/Newlib/syscalls.o
 .debug_frame   0x00002024      0x510 ./Dave/Generated/SPI_MASTER/spi_master.o
 .debug_frame   0x00002534      0x2e0 ./Dave/Generated/SPI_MASTER/spi_master_conf.o
 .debug_frame   0x00002814       0xfc ./Dave/Generated/GLOBAL_DMA/global_dma.o
 .debug_frame   0x00002910       0x2c ./Dave/Generated/GLOBAL_DMA/global_dma_conf.o
 .debug_frame   0x0000293c       0x60 ./Dave/Generated/DIGITAL_IO/digital_io.o
 .debug_frame   0x0000299c       0x60 ./Dave/Generated/CPU_CTRL_XMC4/cpu_ctrl_xmc4_conf.o
 .debug_frame   0x000029fc       0xac ./Dave/Generated/CLOCK_XMC4/clock_xmc4.o
 .debug_frame   0x00002aa8       0x64 ./Dave/Generated/CLOCK_XMC4/clock_xmc4_conf.o
 .debug_frame   0x00002b0c       0x38 ./Dave/Generated/DAVE.o
 .debug_frame   0x00002b44      0x148 ./main.o
 .debug_frame   0x00002c8c       0x2c d:/infineon/tools/dave ide/4.5.0.202105191637/eclipse/arm-gcc-49/bin/../lib/gcc/arm-none-eabi/4.9.3/../../../../arm-none-eabi/lib/armv7e-m/softfp\libg_nano.a(lib_a-init.o)

.debug_str      0x00000000     0x747f
 *(.debug_str)
 .debug_str     0x00000000      0x5d1 ./Startup/system_XMC4300.o
                                0x648 (size before relaxing)
 .debug_str     0x000005d1      0x544 ./Libraries/XMCLib/src/xmc4_gpio.o
                                0x7f3 (size before relaxing)
 .debug_str     0x00000b15     0x216d ./Libraries/XMCLib/src/xmc4_scu.o
                               0x26de (size before relaxing)
 .debug_str     0x00002c82     0x100a ./Libraries/XMCLib/src/xmc_dma.o
                               0x17f2 (size before relaxing)
 .debug_str     0x00003c8c       0xca ./Libraries/XMCLib/src/xmc_gpio.o
                                0x6a1 (size before relaxing)
 .debug_str     0x00003d56      0xaf4 ./Libraries/XMCLib/src/xmc_spi.o
                                0xde0 (size before relaxing)
 .debug_str     0x0000484a      0xb08 ./Libraries/XMCLib/src/xmc_usic.o
                               0x13f6 (size before relaxing)
 .debug_str     0x00005352       0x75 ./Libraries/Newlib/syscalls.o
                                0x22f (size before relaxing)
 .debug_str     0x000053c7     0x16d7 ./Dave/Generated/SPI_MASTER/spi_master.o
                               0x2e8c (size before relaxing)
 .debug_str     0x00006a9e      0x34d ./Dave/Generated/SPI_MASTER/spi_master_conf.o
                               0x3046 (size before relaxing)
 .debug_str     0x00006deb      0x187 ./Dave/Generated/GLOBAL_DMA/global_dma.o
                                0xab4 (size before relaxing)
 .debug_str     0x00006f72       0x57 ./Dave/Generated/GLOBAL_DMA/global_dma_conf.o
                                0x8fa (size before relaxing)
 .debug_str     0x00006fc9       0xdf ./Dave/Generated/DIGITAL_IO/digital_io.o
                                0x930 (size before relaxing)
 .debug_str     0x000070a8       0x3c ./Dave/Generated/DIGITAL_IO/digital_io_conf.o
                                0x87e (size before relaxing)
 .debug_str     0x000070e4       0x88 ./Dave/Generated/CPU_CTRL_XMC4/cpu_ctrl_xmc4_conf.o
                                0x433 (size before relaxing)
 .debug_str     0x0000716c       0xf3 ./Dave/Generated/CLOCK_XMC4/clock_xmc4.o
                                0x3e4 (size before relaxing)
 .debug_str     0x0000725f       0xe5 ./Dave/Generated/CLOCK_XMC4/clock_xmc4_conf.o
                                0x951 (size before relaxing)
 .debug_str     0x00007344       0x65 ./Dave/Generated/DAVE.o
                               0x22b0 (size before relaxing)
 .debug_str     0x000073a9       0xd6 ./main.o
                                0xd70 (size before relaxing)

.debug_loc      0x00000000     0x5ca8
 *(.debug_loc)
 .debug_loc     0x00000000      0x1a4 ./Startup/system_XMC4300.o
 .debug_loc     0x000001a4       0xb8 ./Libraries/XMCLib/src/xmc4_gpio.o
 .debug_loc     0x0000025c     0x265c ./Libraries/XMCLib/src/xmc4_scu.o
 .debug_loc     0x000028b8      0xe00 ./Libraries/XMCLib/src/xmc_dma.o
 .debug_loc     0x000036b8       0xb8 ./Libraries/XMCLib/src/xmc_gpio.o
 .debug_loc     0x00003770      0x4b6 ./Libraries/XMCLib/src/xmc_spi.o
 .debug_loc     0x00003c26      0x6c6 ./Libraries/XMCLib/src/xmc_usic.o
 .debug_loc     0x000042ec       0x94 ./Libraries/Newlib/syscalls.o
 .debug_loc     0x00004380      0xaa8 ./Dave/Generated/SPI_MASTER/spi_master.o
 .debug_loc     0x00004e28      0x60c ./Dave/Generated/SPI_MASTER/spi_master_conf.o
 .debug_loc     0x00005434      0x204 ./Dave/Generated/GLOBAL_DMA/global_dma.o
 .debug_loc     0x00005638       0x2c ./Dave/Generated/GLOBAL_DMA/global_dma_conf.o
 .debug_loc     0x00005664       0xac ./Dave/Generated/DIGITAL_IO/digital_io.o
 .debug_loc     0x00005710       0xac ./Dave/Generated/CPU_CTRL_XMC4/cpu_ctrl_xmc4_conf.o
 .debug_loc     0x000057bc      0x14c ./Dave/Generated/CLOCK_XMC4/clock_xmc4.o
 .debug_loc     0x00005908       0xac ./Dave/Generated/CLOCK_XMC4/clock_xmc4_conf.o
 .debug_loc     0x000059b4       0x50 ./Dave/Generated/DAVE.o
 .debug_loc     0x00005a04      0x2a4 ./main.o

.debug_macinfo
 *(.debug_macinfo)

.debug_ranges   0x00000000      0x970
 *(.debug_ranges)
 .debug_ranges  0x00000000       0x38 ./Startup/system_XMC4300.o
 .debug_ranges  0x00000038       0x18 ./Libraries/XMCLib/src/xmc4_gpio.o
 .debug_ranges  0x00000050      0x3d8 ./Libraries/XMCLib/src/xmc4_scu.o
 .debug_ranges  0x00000428      0x148 ./Libraries/XMCLib/src/xmc_dma.o
 .debug_ranges  0x00000570       0x18 ./Libraries/XMCLib/src/xmc_gpio.o
 .debug_ranges  0x00000588       0x78 ./Libraries/XMCLib/src/xmc_spi.o
 .debug_ranges  0x00000600       0xa8 ./Libraries/XMCLib/src/xmc_usic.o
 .debug_ranges  0x000006a8       0x18 ./Libraries/Newlib/syscalls.o
 .debug_ranges  0x000006c0      0x108 ./Dave/Generated/SPI_MASTER/spi_master.o
 .debug_ranges  0x000007c8       0x98 ./Dave/Generated/SPI_MASTER/spi_master_conf.o
 .debug_ranges  0x00000860       0x38 ./Dave/Generated/GLOBAL_DMA/global_dma.o
 .debug_ranges  0x00000898       0x10 ./Dave/Generated/GLOBAL_DMA/global_dma_conf.o
 .debug_ranges  0x000008a8       0x18 ./Dave/Generated/DIGITAL_IO/digital_io.o
 .debug_ranges  0x000008c0       0x18 ./Dave/Generated/CPU_CTRL_XMC4/cpu_ctrl_xmc4_conf.o
 .debug_ranges  0x000008d8       0x28 ./Dave/Generated/CLOCK_XMC4/clock_xmc4.o
 .debug_ranges  0x00000900       0x18 ./Dave/Generated/CLOCK_XMC4/clock_xmc4_conf.o
 .debug_ranges  0x00000918       0x10 ./Dave/Generated/DAVE.o
 .debug_ranges  0x00000928       0x48 ./main.o

.debug_weaknames
 *(.debug_weaknames)

.debug_funcnames
 *(.debug_funcnames)

.debug_typenames
 *(.debug_typenames)

.debug_varnames
 *(.debug_varnames)

.build_attributes
                0x00000000      0x46c
 *(.ARM.attributes)
 .ARM.attributes
                0x00000000       0x25 ./Startup/startup_XMC4300.o
 .ARM.attributes
                0x00000025       0x37 ./Startup/system_XMC4300.o
 .ARM.attributes
                0x0000005c       0x37 ./Libraries/XMCLib/src/xmc4_gpio.o
 .ARM.attributes
                0x00000093       0x37 ./Libraries/XMCLib/src/xmc4_scu.o
 .ARM.attributes
                0x000000ca       0x37 ./Libraries/XMCLib/src/xmc_dma.o
 .ARM.attributes
                0x00000101       0x37 ./Libraries/XMCLib/src/xmc_gpio.o
 .ARM.attributes
                0x00000138       0x37 ./Libraries/XMCLib/src/xmc_spi.o
 .ARM.attributes
                0x0000016f       0x37 ./Libraries/XMCLib/src/xmc_usic.o
 .ARM.attributes
                0x000001a6       0x37 ./Libraries/Newlib/syscalls.o
 .ARM.attributes
                0x000001dd       0x37 ./Dave/Generated/SPI_MASTER/spi_master.o
 .ARM.attributes
                0x00000214       0x37 ./Dave/Generated/SPI_MASTER/spi_master_conf.o
 .ARM.attributes
                0x0000024b       0x37 ./Dave/Generated/GLOBAL_DMA/global_dma.o
 .ARM.attributes
                0x00000282       0x37 ./Dave/Generated/GLOBAL_DMA/global_dma_conf.o
 .ARM.attributes
                0x000002b9       0x37 ./Dave/Generated/DIGITAL_IO/digital_io.o
 .ARM.attributes
                0x000002f0       0x37 ./Dave/Generated/DIGITAL_IO/digital_io_conf.o
 .ARM.attributes
                0x00000327       0x37 ./Dave/Generated/CPU_CTRL_XMC4/cpu_ctrl_xmc4_conf.o
 .ARM.attributes
                0x0000035e       0x37 ./Dave/Generated/CLOCK_XMC4/clock_xmc4.o
 .ARM.attributes
                0x00000395       0x37 ./Dave/Generated/CLOCK_XMC4/clock_xmc4_conf.o
 .ARM.attributes
                0x000003cc       0x37 ./Dave/Generated/DAVE.o
 .ARM.attributes
                0x00000403       0x37 ./main.o
 .ARM.attributes
                0x0000043a       0x32 d:/infineon/tools/dave ide/4.5.0.202105191637/eclipse/arm-gcc-49/bin/../lib/gcc/arm-none-eabi/4.9.3/../../../../arm-none-eabi/lib/armv7e-m/softfp\libg_nano.a(lib_a-init.o)
OUTPUT(LED_test.elf elf32-littlearm)
